<?xml version="1.0"?>
<link_info>
   <banner>TI ARM Linker PC v5.1.8</banner>
   <copyright>Copyright (c) 1996-2014 Texas Instruments Incorporated</copyright>
   <link_time>0x54377d67</link_time>
   <link_errors>0x0</link_errors>
   <output_file>Control_Board.out</output_file>
   <entry_point>
      <name>_c_int00</name>
      <address>0x32a1</address>
   </entry_point>
   <input_file_list>
      <input_file id="fl-2">
         <path>.\</path>
         <kind>object</kind>
         <file>main.obj</file>
         <name>main.obj</name>
      </input_file>
      <input_file id="fl-3">
         <path>.\</path>
         <kind>object</kind>
         <file>tm4c123gh6pm_startup_ccs.obj</file>
         <name>tm4c123gh6pm_startup_ccs.obj</name>
      </input_file>
      <input_file id="fl-4">
         <path>.\utils\</path>
         <kind>object</kind>
         <file>uartstdio.obj</file>
         <name>uartstdio.obj</name>
      </input_file>
      <input_file id="fl-5">
         <path>.\drivers\SPI\</path>
         <kind>object</kind>
         <file>SPI.obj</file>
         <name>SPI.obj</name>
      </input_file>
      <input_file id="fl-6">
         <path>.\drivers\MS5611\</path>
         <kind>object</kind>
         <file>MS5611.obj</file>
         <name>MS5611.obj</name>
      </input_file>
      <input_file id="fl-7">
         <path>.\drivers\MPU9250\</path>
         <kind>object</kind>
         <file>MPU9250.obj</file>
         <name>MPU9250.obj</name>
      </input_file>
      <input_file id="fl-8">
         <path>.\drivers\IMU\</path>
         <kind>object</kind>
         <file>IMU.obj</file>
         <name>IMU.obj</name>
      </input_file>
      <input_file id="fl-9">
         <path>.\driverlib\UART\</path>
         <kind>object</kind>
         <file>uart.obj</file>
         <name>uart.obj</name>
      </input_file>
      <input_file id="fl-a">
         <path>.\driverlib\SysCtl\</path>
         <kind>object</kind>
         <file>sysctl.obj</file>
         <name>sysctl.obj</name>
      </input_file>
      <input_file id="fl-b">
         <path>.\driverlib\SSI\</path>
         <kind>object</kind>
         <file>ssi.obj</file>
         <name>ssi.obj</name>
      </input_file>
      <input_file id="fl-c">
         <path>.\driverlib\Interrupt\</path>
         <kind>object</kind>
         <file>interrupt.obj</file>
         <name>interrupt.obj</name>
      </input_file>
      <input_file id="fl-d">
         <path>.\driverlib\GPIO\</path>
         <kind>object</kind>
         <file>gpio.obj</file>
         <name>gpio.obj</name>
      </input_file>
      <input_file id="fl-e">
         <path>.\driverlib\CPU\</path>
         <kind>object</kind>
         <file>cpu.obj</file>
         <name>cpu.obj</name>
      </input_file>
      <input_file id="fl-13b">
         <path>G:\MyDocuments\Projects\01_SW\ti\CCS_6\ccsv6\tools\compiler\arm_5.1.8\lib\</path>
         <kind>archive</kind>
         <file>rtsv7M4_T_le_v4SPD16_eabi.lib</file>
         <name>boot.obj</name>
      </input_file>
      <input_file id="fl-13c">
         <path>G:\MyDocuments\Projects\01_SW\ti\CCS_6\ccsv6\tools\compiler\arm_5.1.8\lib\</path>
         <kind>archive</kind>
         <file>rtsv7M4_T_le_v4SPD16_eabi.lib</file>
         <name>copy_decompress_none.obj</name>
      </input_file>
      <input_file id="fl-13d">
         <path>G:\MyDocuments\Projects\01_SW\ti\CCS_6\ccsv6\tools\compiler\arm_5.1.8\lib\</path>
         <kind>archive</kind>
         <file>rtsv7M4_T_le_v4SPD16_eabi.lib</file>
         <name>copy_decompress_rle.obj</name>
      </input_file>
      <input_file id="fl-13e">
         <path>G:\MyDocuments\Projects\01_SW\ti\CCS_6\ccsv6\tools\compiler\arm_5.1.8\lib\</path>
         <kind>archive</kind>
         <file>rtsv7M4_T_le_v4SPD16_eabi.lib</file>
         <name>copy_zero_init.obj</name>
      </input_file>
      <input_file id="fl-13f">
         <path>G:\MyDocuments\Projects\01_SW\ti\CCS_6\ccsv6\tools\compiler\arm_5.1.8\lib\</path>
         <kind>archive</kind>
         <file>rtsv7M4_T_le_v4SPD16_eabi.lib</file>
         <name>exit.obj</name>
      </input_file>
      <input_file id="fl-140">
         <path>G:\MyDocuments\Projects\01_SW\ti\CCS_6\ccsv6\tools\compiler\arm_5.1.8\lib\</path>
         <kind>archive</kind>
         <file>rtsv7M4_T_le_v4SPD16_eabi.lib</file>
         <name>memcpy_t2.obj</name>
      </input_file>
      <input_file id="fl-141">
         <path>G:\MyDocuments\Projects\01_SW\ti\CCS_6\ccsv6\tools\compiler\arm_5.1.8\lib\</path>
         <kind>archive</kind>
         <file>rtsv7M4_T_le_v4SPD16_eabi.lib</file>
         <name>stkdepth_vars.obj</name>
      </input_file>
      <input_file id="fl-142">
         <path>G:\MyDocuments\Projects\01_SW\ti\CCS_6\ccsv6\tools\compiler\arm_5.1.8\lib\</path>
         <kind>archive</kind>
         <file>rtsv7M4_T_le_v4SPD16_eabi.lib</file>
         <name>u_divt2.obj</name>
      </input_file>
      <input_file id="fl-143">
         <path>G:\MyDocuments\Projects\01_SW\ti\CCS_6\ccsv6\tools\compiler\arm_5.1.8\lib\</path>
         <kind>archive</kind>
         <file>rtsv7M4_T_le_v4SPD16_eabi.lib</file>
         <name>_lock.obj</name>
      </input_file>
      <input_file id="fl-144">
         <path>G:\MyDocuments\Projects\01_SW\ti\CCS_6\ccsv6\tools\compiler\arm_5.1.8\lib\</path>
         <kind>archive</kind>
         <file>rtsv7M4_T_le_v4SPD16_eabi.lib</file>
         <name>args_main.obj</name>
      </input_file>
      <input_file id="fl-145">
         <path>G:\MyDocuments\Projects\01_SW\ti\CCS_6\ccsv6\tools\compiler\arm_5.1.8\lib\</path>
         <kind>archive</kind>
         <file>rtsv7M4_T_le_v4SPD16_eabi.lib</file>
         <name>auto_init.obj</name>
      </input_file>
      <input_file id="fl-146">
         <path>G:\MyDocuments\Projects\01_SW\ti\CCS_6\ccsv6\tools\compiler\arm_5.1.8\lib\</path>
         <kind>archive</kind>
         <file>rtsv7M4_T_le_v4SPD16_eabi.lib</file>
         <name>cpy_tbl.obj</name>
      </input_file>
   </input_file_list>
   <object_component_list>
      <object_component id="oc-e">
         <name>.intvecs</name>
         <load_address>0x0</load_address>
         <run_address>0x0</run_address>
         <size>0x26c</size>
         <input_file_ref idref="fl-3"/>
      </object_component>
      <object_component id="oc-e3">
         <name>.text</name>
         <load_address>0x26c</load_address>
         <run_address>0x26c</run_address>
         <size>0xf00</size>
         <input_file_ref idref="fl-a"/>
      </object_component>
      <object_component id="oc-104">
         <name>.text</name>
         <load_address>0x116c</load_address>
         <run_address>0x116c</run_address>
         <size>0xb98</size>
         <input_file_ref idref="fl-d"/>
      </object_component>
      <object_component id="oc-e9">
         <name>.text</name>
         <load_address>0x1d04</load_address>
         <run_address>0x1d04</run_address>
         <size>0x622</size>
         <input_file_ref idref="fl-9"/>
      </object_component>
      <object_component id="oc-d6">
         <name>.text</name>
         <load_address>0x2326</load_address>
         <run_address>0x2326</run_address>
         <size>0x2</size>
         <input_file_ref idref="fl-7"/>
      </object_component>
      <object_component id="oc-ad">
         <name>.text</name>
         <load_address>0x2328</load_address>
         <run_address>0x2328</run_address>
         <size>0x49c</size>
         <input_file_ref idref="fl-4"/>
      </object_component>
      <object_component id="oc-116">
         <name>.text</name>
         <load_address>0x27c4</load_address>
         <run_address>0x27c4</run_address>
         <size>0x3c0</size>
         <input_file_ref idref="fl-c"/>
      </object_component>
      <object_component id="oc-10a">
         <name>.text</name>
         <load_address>0x2b84</load_address>
         <run_address>0x2b84</run_address>
         <size>0x352</size>
         <input_file_ref idref="fl-b"/>
      </object_component>
      <object_component id="oc-dc">
         <name>.text</name>
         <load_address>0x2ed6</load_address>
         <run_address>0x2ed6</run_address>
         <size>0x2</size>
         <input_file_ref idref="fl-6"/>
      </object_component>
      <object_component id="oc-7b">
         <name>.text</name>
         <load_address>0x2ed8</load_address>
         <run_address>0x2ed8</run_address>
         <size>0x150</size>
         <input_file_ref idref="fl-2"/>
      </object_component>
      <object_component id="oc-d0">
         <name>.text</name>
         <load_address>0x3028</load_address>
         <run_address>0x3028</run_address>
         <size>0xe8</size>
         <input_file_ref idref="fl-5"/>
      </object_component>
      <object_component id="oc-47">
         <name>.text</name>
         <load_address>0x3110</load_address>
         <run_address>0x3110</run_address>
         <size>0x9c</size>
         <input_file_ref idref="fl-140"/>
      </object_component>
      <object_component id="oc-32">
         <name>.text</name>
         <load_address>0x31ac</load_address>
         <run_address>0x31ac</run_address>
         <size>0x94</size>
         <input_file_ref idref="fl-145"/>
      </object_component>
      <object_component id="oc-5a">
         <name>.text</name>
         <load_address>0x3240</load_address>
         <run_address>0x3240</run_address>
         <size>0x5e</size>
         <input_file_ref idref="fl-13d"/>
      </object_component>
      <object_component id="oc-11">
         <name>.text</name>
         <load_address>0x32a0</load_address>
         <run_address>0x32a0</run_address>
         <size>0x48</size>
         <input_file_ref idref="fl-13b"/>
      </object_component>
      <object_component id="oc-74">
         <name>.text</name>
         <load_address>0x32e8</load_address>
         <run_address>0x32e8</run_address>
         <size>0x44</size>
         <input_file_ref idref="fl-146"/>
      </object_component>
      <object_component id="oc-3d">
         <name>.text</name>
         <load_address>0x332c</load_address>
         <run_address>0x332c</run_address>
         <size>0x44</size>
         <input_file_ref idref="fl-13f"/>
      </object_component>
      <object_component id="oc-f5">
         <name>.text</name>
         <load_address>0x3370</load_address>
         <run_address>0x3370</run_address>
         <size>0x42</size>
         <input_file_ref idref="fl-142"/>
      </object_component>
      <object_component id="oc-11c">
         <name>.text</name>
         <load_address>0x33b2</load_address>
         <run_address>0x33b2</run_address>
         <size>0x3e</size>
         <input_file_ref idref="fl-e"/>
      </object_component>
      <object_component id="oc-a7">
         <name>.text</name>
         <load_address>0x33f0</load_address>
         <run_address>0x33f0</run_address>
         <size>0x36</size>
         <input_file_ref idref="fl-8"/>
      </object_component>
      <object_component id="oc-37">
         <name>.text</name>
         <load_address>0x3428</load_address>
         <run_address>0x3428</run_address>
         <size>0x18</size>
         <input_file_ref idref="fl-144"/>
      </object_component>
      <object_component id="oc-bb">
         <name>.text</name>
         <load_address>0x3440</load_address>
         <run_address>0x3440</run_address>
         <size>0x14</size>
         <input_file_ref idref="fl-143"/>
      </object_component>
      <object_component id="oc-1c">
         <name>.text:decompress:ZI</name>
         <load_address>0x3454</load_address>
         <run_address>0x3454</run_address>
         <size>0x12</size>
         <input_file_ref idref="fl-13e"/>
      </object_component>
      <object_component id="oc-16">
         <name>.text:decompress:none</name>
         <load_address>0x3466</load_address>
         <run_address>0x3466</run_address>
         <size>0xe</size>
         <input_file_ref idref="fl-13c"/>
      </object_component>
      <object_component id="oc-29">
         <name>.text</name>
         <load_address>0x3474</load_address>
         <run_address>0x3474</run_address>
         <size>0xc</size>
         <input_file_ref idref="fl-3"/>
      </object_component>
      <object_component id="oc-12b">
         <name>.text:SysCtlDelay</name>
         <load_address>0x3480</load_address>
         <run_address>0x3480</run_address>
         <size>0x6</size>
         <input_file_ref idref="fl-a"/>
      </object_component>
      <object_component id="oc-22">
         <name>.text:decompress:rle24</name>
         <load_address>0x3486</load_address>
         <run_address>0x3486</run_address>
         <size>0x6</size>
         <input_file_ref idref="fl-13d"/>
      </object_component>
      <object_component id="oc-125">
         <name>.const:g_pppui32XTALtoVCO</name>
         <load_address>0x348c</load_address>
         <run_address>0x348c</run_address>
         <size>0x120</size>
         <input_file_ref idref="fl-a"/>
      </object_component>
      <object_component id="oc-142">
         <name>.const:g_ppui32GPIOIntMapBlizzard</name>
         <load_address>0x35ac</load_address>
         <run_address>0x35ac</run_address>
         <size>0xc0</size>
         <input_file_ref idref="fl-d"/>
      </object_component>
      <object_component id="oc-148">
         <name>.const:g_ppui32GPIOIntMapSnowflake</name>
         <load_address>0x366c</load_address>
         <run_address>0x366c</run_address>
         <size>0xc0</size>
         <input_file_ref idref="fl-d"/>
      </object_component>
      <object_component id="oc-15d">
         <name>.const:g_pui32Regs</name>
         <load_address>0x372c</load_address>
         <run_address>0x372c</run_address>
         <size>0x9c</size>
         <input_file_ref idref="fl-c"/>
      </object_component>
      <object_component id="oc-14b">
         <name>.const:g_pui32GPIOBaseAddrs</name>
         <load_address>0x37c8</load_address>
         <run_address>0x37c8</run_address>
         <size>0x90</size>
         <input_file_ref idref="fl-d"/>
      </object_component>
      <object_component id="oc-15a">
         <name>.const</name>
         <load_address>0x3858</load_address>
         <run_address>0x3858</run_address>
         <size>0x70</size>
         <input_file_ref idref="fl-c"/>
      </object_component>
      <object_component id="oc-122">
         <name>.const:g_pui32Xtals</name>
         <load_address>0x38c8</load_address>
         <run_address>0x38c8</run_address>
         <size>0x6c</size>
         <input_file_ref idref="fl-a"/>
      </object_component>
      <object_component id="oc-150">
         <name>.const</name>
         <load_address>0x3934</load_address>
         <run_address>0x3934</run_address>
         <size>0x48</size>
         <input_file_ref idref="fl-b"/>
      </object_component>
      <object_component id="oc-12e">
         <name>.const:g_ppui32UARTIntMap</name>
         <load_address>0x397c</load_address>
         <run_address>0x397c</run_address>
         <size>0x40</size>
         <input_file_ref idref="fl-9"/>
      </object_component>
      <object_component id="oc-134">
         <name>.const:g_ppui32UARTIntMapSnowflake</name>
         <load_address>0x39bc</load_address>
         <run_address>0x39bc</run_address>
         <size>0x40</size>
         <input_file_ref idref="fl-9"/>
      </object_component>
      <object_component id="oc-113">
         <name>.const:g_sXTALtoMEMTIM</name>
         <load_address>0x39fc</load_address>
         <run_address>0x39fc</run_address>
         <size>0x30</size>
         <input_file_ref idref="fl-a"/>
      </object_component>
      <object_component id="oc-ef">
         <name>.const</name>
         <load_address>0x3a2c</load_address>
         <run_address>0x3a2c</run_address>
         <size>0x1c</size>
         <input_file_ref idref="fl-4"/>
      </object_component>
      <object_component id="oc-139">
         <name>.const:.string</name>
         <load_address>0x3a48</load_address>
         <run_address>0x3a48</run_address>
         <size>0x12</size>
         <input_file_ref idref="fl-4"/>
      </object_component>
      <object_component id="oc-145">
         <name>.const</name>
         <load_address>0x3a5c</load_address>
         <run_address>0x3a5c</run_address>
         <size>0x8</size>
         <input_file_ref idref="fl-d"/>
      </object_component>
      <object_component id="oc-128">
         <name>.const</name>
         <load_address>0x3a64</load_address>
         <run_address>0x3a64</run_address>
         <size>0x8</size>
         <input_file_ref idref="fl-a"/>
      </object_component>
      <object_component id="oc-131">
         <name>.const</name>
         <load_address>0x3a6c</load_address>
         <run_address>0x3a6c</run_address>
         <size>0x8</size>
         <input_file_ref idref="fl-9"/>
      </object_component>
      <object_component id="oc-1af">
         <name>.cinit..data.load</name>
         <load_address>0x3a78</load_address>
         <run_address>0x3a78</run_address>
         <size>0xf</size>
      </object_component>
      <object_component id="oc-1ac">
         <name>__TI_handler_table</name>
         <load_address>0x3a88</load_address>
         <run_address>0x3a88</run_address>
         <size>0xc</size>
      </object_component>
      <object_component id="oc-1ae">
         <name>.cinit..vtable.load</name>
         <load_address>0x3a98</load_address>
         <run_address>0x3a98</run_address>
         <size>0x8</size>
      </object_component>
      <object_component id="oc-1ad">
         <name>__TI_cinit_table</name>
         <load_address>0x3aa0</load_address>
         <run_address>0x3aa0</run_address>
         <size>0x10</size>
      </object_component>
      <object_component id="oc-157">
         <name>.vtable</name>
         <uninitialized>true</uninitialized>
         <run_address>0x20000000</run_address>
         <size>0x26c</size>
         <input_file_ref idref="fl-c"/>
      </object_component>
      <object_component id="oc-43">
         <name>.data</name>
         <load_address>0x20000484</load_address>
         <run_address>0x20000484</run_address>
         <size>0x4</size>
         <input_file_ref idref="fl-141"/>
      </object_component>
      <object_component id="oc-83">
         <name>.data</name>
         <load_address>0x2000046c</load_address>
         <run_address>0x2000046c</run_address>
         <size>0x8</size>
         <input_file_ref idref="fl-143"/>
      </object_component>
      <object_component id="oc-86">
         <name>.data</name>
         <load_address>0x20000474</load_address>
         <run_address>0x20000474</run_address>
         <size>0x8</size>
         <input_file_ref idref="fl-13f"/>
      </object_component>
      <object_component id="oc-f2">
         <name>.data</name>
         <load_address>0x2000047c</load_address>
         <run_address>0x2000047c</run_address>
         <size>0x5</size>
         <input_file_ref idref="fl-4"/>
      </object_component>
      <object_component id="oc-28">
         <name>.stack</name>
         <uninitialized>true</uninitialized>
         <run_address>0x2000026c</run_address>
         <size>0x0</size>
         <input_file_ref idref="fl-13b"/>
      </object_component>
      <object_component id="oc-1b0">
         <name>.stack</name>
         <uninitialized>true</uninitialized>
         <run_address>0x2000026c</run_address>
         <size>0x0</size>
      </object_component>
      <object_component id="oc-f">
         <name>.debug_info</name>
         <load_address>0x0</load_address>
         <run_address>0x0</run_address>
         <size>0xee</size>
         <input_file_ref idref="fl-3"/>
      </object_component>
      <object_component id="oc-12">
         <name>.debug_info</name>
         <load_address>0xee</load_address>
         <run_address>0xee</run_address>
         <size>0xf3</size>
         <input_file_ref idref="fl-13b"/>
      </object_component>
      <object_component id="oc-18">
         <name>.debug_info</name>
         <load_address>0x1e1</load_address>
         <run_address>0x1e1</run_address>
         <size>0x194</size>
         <input_file_ref idref="fl-13c"/>
      </object_component>
      <object_component id="oc-1e">
         <name>.debug_info</name>
         <load_address>0x375</load_address>
         <run_address>0x375</run_address>
         <size>0x16a</size>
         <input_file_ref idref="fl-13e"/>
      </object_component>
      <object_component id="oc-23">
         <name>.debug_info</name>
         <load_address>0x4df</load_address>
         <run_address>0x4df</run_address>
         <size>0x18e</size>
         <input_file_ref idref="fl-13d"/>
      </object_component>
      <object_component id="oc-2a">
         <name>.debug_info</name>
         <load_address>0x66d</load_address>
         <run_address>0x66d</run_address>
         <size>0x26a</size>
         <input_file_ref idref="fl-3"/>
      </object_component>
      <object_component id="oc-31">
         <name>.debug_info</name>
         <load_address>0x8d7</load_address>
         <run_address>0x8d7</run_address>
         <size>0x109</size>
         <input_file_ref idref="fl-3"/>
      </object_component>
      <object_component id="oc-35">
         <name>.debug_info</name>
         <load_address>0x9e0</load_address>
         <run_address>0x9e0</run_address>
         <size>0x13d</size>
         <input_file_ref idref="fl-145"/>
      </object_component>
      <object_component id="oc-3b">
         <name>.debug_info</name>
         <load_address>0xb1d</load_address>
         <run_address>0xb1d</run_address>
         <size>0x11c</size>
         <input_file_ref idref="fl-144"/>
      </object_component>
      <object_component id="oc-3f">
         <name>.debug_info</name>
         <load_address>0xc39</load_address>
         <run_address>0xc39</run_address>
         <size>0x1c2</size>
         <input_file_ref idref="fl-13f"/>
      </object_component>
      <object_component id="oc-44">
         <name>.debug_info</name>
         <load_address>0xdfb</load_address>
         <run_address>0xdfb</run_address>
         <size>0xbe</size>
         <input_file_ref idref="fl-141"/>
      </object_component>
      <object_component id="oc-48">
         <name>.debug_info</name>
         <load_address>0xeb9</load_address>
         <run_address>0xeb9</run_address>
         <size>0xcc</size>
         <input_file_ref idref="fl-140"/>
      </object_component>
      <object_component id="oc-4d">
         <name>.debug_info</name>
         <load_address>0xf85</load_address>
         <run_address>0xf85</run_address>
         <size>0x46</size>
         <input_file_ref idref="fl-13c"/>
      </object_component>
      <object_component id="oc-52">
         <name>.debug_info</name>
         <load_address>0xfcb</load_address>
         <run_address>0xfcb</run_address>
         <size>0xf2</size>
         <input_file_ref idref="fl-13c"/>
      </object_component>
      <object_component id="oc-54">
         <name>.debug_info</name>
         <load_address>0x10bd</load_address>
         <run_address>0x10bd</run_address>
         <size>0x46</size>
         <input_file_ref idref="fl-13e"/>
      </object_component>
      <object_component id="oc-59">
         <name>.debug_info</name>
         <load_address>0x1103</load_address>
         <run_address>0x1103</run_address>
         <size>0xad</size>
         <input_file_ref idref="fl-13e"/>
      </object_component>
      <object_component id="oc-5b">
         <name>.debug_info</name>
         <load_address>0x11b0</load_address>
         <run_address>0x11b0</run_address>
         <size>0x1ef</size>
         <input_file_ref idref="fl-13d"/>
      </object_component>
      <object_component id="oc-61">
         <name>.debug_info</name>
         <load_address>0x139f</load_address>
         <run_address>0x139f</run_address>
         <size>0xb7</size>
         <input_file_ref idref="fl-13d"/>
      </object_component>
      <object_component id="oc-62">
         <name>.debug_info</name>
         <load_address>0x1456</load_address>
         <run_address>0x1456</run_address>
         <size>0x39</size>
         <input_file_ref idref="fl-13d"/>
      </object_component>
      <object_component id="oc-6a">
         <name>.debug_info</name>
         <load_address>0x148f</load_address>
         <run_address>0x148f</run_address>
         <size>0x84</size>
         <input_file_ref idref="fl-3"/>
      </object_component>
      <object_component id="oc-6f">
         <name>.debug_info</name>
         <load_address>0x1513</load_address>
         <run_address>0x1513</run_address>
         <size>0x18b</size>
         <input_file_ref idref="fl-2"/>
      </object_component>
      <object_component id="oc-75">
         <name>.debug_info</name>
         <load_address>0x169e</load_address>
         <run_address>0x169e</run_address>
         <size>0x14b</size>
         <input_file_ref idref="fl-146"/>
      </object_component>
      <object_component id="oc-7c">
         <name>.debug_info</name>
         <load_address>0x17e9</load_address>
         <run_address>0x17e9</run_address>
         <size>0x2a4</size>
         <input_file_ref idref="fl-2"/>
      </object_component>
      <object_component id="oc-82">
         <name>.debug_info</name>
         <load_address>0x1a8d</load_address>
         <run_address>0x1a8d</run_address>
         <size>0x11b</size>
         <input_file_ref idref="fl-144"/>
      </object_component>
      <object_component id="oc-84">
         <name>.debug_info</name>
         <load_address>0x1ba8</load_address>
         <run_address>0x1ba8</run_address>
         <size>0xc8</size>
         <input_file_ref idref="fl-143"/>
      </object_component>
      <object_component id="oc-87">
         <name>.debug_info</name>
         <load_address>0x1c70</load_address>
         <run_address>0x1c70</run_address>
         <size>0xeb</size>
         <input_file_ref idref="fl-13f"/>
      </object_component>
      <object_component id="oc-8a">
         <name>.debug_info</name>
         <load_address>0x1d5b</load_address>
         <run_address>0x1d5b</run_address>
         <size>0x146</size>
         <input_file_ref idref="fl-13f"/>
      </object_component>
      <object_component id="oc-8f">
         <name>.debug_info</name>
         <load_address>0x1ea1</load_address>
         <run_address>0x1ea1</run_address>
         <size>0x2c</size>
         <input_file_ref idref="fl-13c"/>
      </object_component>
      <object_component id="oc-96">
         <name>.debug_info</name>
         <load_address>0x1ecd</load_address>
         <run_address>0x1ecd</run_address>
         <size>0x2c</size>
         <input_file_ref idref="fl-13e"/>
      </object_component>
      <object_component id="oc-a0">
         <name>.debug_info</name>
         <load_address>0x1ef9</load_address>
         <run_address>0x1ef9</run_address>
         <size>0x8b</size>
         <input_file_ref idref="fl-2"/>
      </object_component>
      <object_component id="oc-a6">
         <name>.debug_info</name>
         <load_address>0x1f84</load_address>
         <run_address>0x1f84</run_address>
         <size>0x148</size>
         <input_file_ref idref="fl-146"/>
      </object_component>
      <object_component id="oc-aa">
         <name>.debug_info</name>
         <load_address>0x20cc</load_address>
         <run_address>0x20cc</run_address>
         <size>0x162</size>
         <input_file_ref idref="fl-8"/>
      </object_component>
      <object_component id="oc-af">
         <name>.debug_info</name>
         <load_address>0x222e</load_address>
         <run_address>0x222e</run_address>
         <size>0x7d1</size>
         <input_file_ref idref="fl-4"/>
      </object_component>
      <object_component id="oc-b6">
         <name>.debug_info</name>
         <load_address>0x29ff</load_address>
         <run_address>0x29ff</run_address>
         <size>0x5e</size>
         <input_file_ref idref="fl-144"/>
      </object_component>
      <object_component id="oc-bf">
         <name>.debug_info</name>
         <load_address>0x2a5d</load_address>
         <run_address>0x2a5d</run_address>
         <size>0x1d4</size>
         <input_file_ref idref="fl-143"/>
      </object_component>
      <object_component id="oc-c3">
         <name>.debug_info</name>
         <load_address>0x2c31</load_address>
         <run_address>0x2c31</run_address>
         <size>0xd9</size>
         <input_file_ref idref="fl-143"/>
      </object_component>
      <object_component id="oc-cb">
         <name>.debug_info</name>
         <load_address>0x2d0a</load_address>
         <run_address>0x2d0a</run_address>
         <size>0xcd</size>
         <input_file_ref idref="fl-146"/>
      </object_component>
      <object_component id="oc-d1">
         <name>.debug_info</name>
         <load_address>0x2dd7</load_address>
         <run_address>0x2dd7</run_address>
         <size>0x2ab</size>
         <input_file_ref idref="fl-5"/>
      </object_component>
      <object_component id="oc-d8">
         <name>.debug_info</name>
         <load_address>0x3082</load_address>
         <run_address>0x3082</run_address>
         <size>0x13d</size>
         <input_file_ref idref="fl-7"/>
      </object_component>
      <object_component id="oc-dd">
         <name>.debug_info</name>
         <load_address>0x31bf</load_address>
         <run_address>0x31bf</run_address>
         <size>0x135</size>
         <input_file_ref idref="fl-6"/>
      </object_component>
      <object_component id="oc-e4">
         <name>.debug_info</name>
         <load_address>0x32f4</load_address>
         <run_address>0x32f4</run_address>
         <size>0x2c1c</size>
         <input_file_ref idref="fl-a"/>
      </object_component>
      <object_component id="oc-ec">
         <name>.debug_info</name>
         <load_address>0x5f10</load_address>
         <run_address>0x5f10</run_address>
         <size>0x283b</size>
         <input_file_ref idref="fl-9"/>
      </object_component>
      <object_component id="oc-f0">
         <name>.debug_info</name>
         <load_address>0x874b</load_address>
         <run_address>0x874b</run_address>
         <size>0x136</size>
         <input_file_ref idref="fl-4"/>
      </object_component>
      <object_component id="oc-f3">
         <name>.debug_info</name>
         <load_address>0x8881</load_address>
         <run_address>0x8881</run_address>
         <size>0xe0</size>
         <input_file_ref idref="fl-4"/>
      </object_component>
      <object_component id="oc-f7">
         <name>.debug_info</name>
         <load_address>0x8961</load_address>
         <run_address>0x8961</run_address>
         <size>0x137</size>
         <input_file_ref idref="fl-142"/>
      </object_component>
      <object_component id="oc-fb">
         <name>.debug_info</name>
         <load_address>0x8a98</load_address>
         <run_address>0x8a98</run_address>
         <size>0x243</size>
         <input_file_ref idref="fl-4"/>
      </object_component>
      <object_component id="oc-fc">
         <name>.debug_info</name>
         <load_address>0x8cdb</load_address>
         <run_address>0x8cdb</run_address>
         <size>0x4e</size>
         <input_file_ref idref="fl-2"/>
      </object_component>
      <object_component id="oc-105">
         <name>.debug_info</name>
         <load_address>0x8d29</load_address>
         <run_address>0x8d29</run_address>
         <size>0x3240</size>
         <input_file_ref idref="fl-d"/>
      </object_component>
      <object_component id="oc-10b">
         <name>.debug_info</name>
         <load_address>0xbf69</load_address>
         <run_address>0xbf69</run_address>
         <size>0x15ef</size>
         <input_file_ref idref="fl-b"/>
      </object_component>
      <object_component id="oc-114">
         <name>.debug_info</name>
         <load_address>0xd558</load_address>
         <run_address>0xd558</run_address>
         <size>0xf2</size>
         <input_file_ref idref="fl-a"/>
      </object_component>
      <object_component id="oc-119">
         <name>.debug_info</name>
         <load_address>0xd64a</load_address>
         <run_address>0xd64a</run_address>
         <size>0xe4d</size>
         <input_file_ref idref="fl-c"/>
      </object_component>
      <object_component id="oc-11d">
         <name>.debug_info</name>
         <load_address>0xe497</load_address>
         <run_address>0xe497</run_address>
         <size>0x36f</size>
         <input_file_ref idref="fl-e"/>
      </object_component>
      <object_component id="oc-123">
         <name>.debug_info</name>
         <load_address>0xe806</load_address>
         <run_address>0xe806</run_address>
         <size>0xec</size>
         <input_file_ref idref="fl-a"/>
      </object_component>
      <object_component id="oc-126">
         <name>.debug_info</name>
         <load_address>0xe8f2</load_address>
         <run_address>0xe8f2</run_address>
         <size>0xf8</size>
         <input_file_ref idref="fl-a"/>
      </object_component>
      <object_component id="oc-129">
         <name>.debug_info</name>
         <load_address>0xe9ea</load_address>
         <run_address>0xe9ea</run_address>
         <size>0xff</size>
         <input_file_ref idref="fl-a"/>
      </object_component>
      <object_component id="oc-12d">
         <name>.debug_info</name>
         <load_address>0xeae9</load_address>
         <run_address>0xeae9</run_address>
         <size>0x214</size>
         <input_file_ref idref="fl-a"/>
      </object_component>
      <object_component id="oc-12f">
         <name>.debug_info</name>
         <load_address>0xecfd</load_address>
         <run_address>0xecfd</run_address>
         <size>0xf4</size>
         <input_file_ref idref="fl-9"/>
      </object_component>
      <object_component id="oc-132">
         <name>.debug_info</name>
         <load_address>0xedf1</load_address>
         <run_address>0xedf1</run_address>
         <size>0x13e</size>
         <input_file_ref idref="fl-9"/>
      </object_component>
      <object_component id="oc-135">
         <name>.debug_info</name>
         <load_address>0xef2f</load_address>
         <run_address>0xef2f</run_address>
         <size>0x106</size>
         <input_file_ref idref="fl-9"/>
      </object_component>
      <object_component id="oc-138">
         <name>.debug_info</name>
         <load_address>0xf035</load_address>
         <run_address>0xf035</run_address>
         <size>0x1ab</size>
         <input_file_ref idref="fl-9"/>
      </object_component>
      <object_component id="oc-141">
         <name>.debug_info</name>
         <load_address>0xf1e0</load_address>
         <run_address>0xf1e0</run_address>
         <size>0x141</size>
         <input_file_ref idref="fl-2"/>
      </object_component>
      <object_component id="oc-143">
         <name>.debug_info</name>
         <load_address>0xf321</load_address>
         <run_address>0xf321</run_address>
         <size>0x104</size>
         <input_file_ref idref="fl-d"/>
      </object_component>
      <object_component id="oc-146">
         <name>.debug_info</name>
         <load_address>0xf425</load_address>
         <run_address>0xf425</run_address>
         <size>0x152</size>
         <input_file_ref idref="fl-d"/>
      </object_component>
      <object_component id="oc-149">
         <name>.debug_info</name>
         <load_address>0xf577</load_address>
         <run_address>0xf577</run_address>
         <size>0x106</size>
         <input_file_ref idref="fl-d"/>
      </object_component>
      <object_component id="oc-14c">
         <name>.debug_info</name>
         <load_address>0xf67d</load_address>
         <run_address>0xf67d</run_address>
         <size>0xf8</size>
         <input_file_ref idref="fl-d"/>
      </object_component>
      <object_component id="oc-14f">
         <name>.debug_info</name>
         <load_address>0xf775</load_address>
         <run_address>0xf775</run_address>
         <size>0x1b9</size>
         <input_file_ref idref="fl-d"/>
      </object_component>
      <object_component id="oc-151">
         <name>.debug_info</name>
         <load_address>0xf92e</load_address>
         <run_address>0xf92e</run_address>
         <size>0x1ae</size>
         <input_file_ref idref="fl-b"/>
      </object_component>
      <object_component id="oc-154">
         <name>.debug_info</name>
         <load_address>0xfadc</load_address>
         <run_address>0xfadc</run_address>
         <size>0x1a9</size>
         <input_file_ref idref="fl-b"/>
      </object_component>
      <object_component id="oc-158">
         <name>.debug_info</name>
         <load_address>0xfc85</load_address>
         <run_address>0xfc85</run_address>
         <size>0xf9</size>
         <input_file_ref idref="fl-c"/>
      </object_component>
      <object_component id="oc-15b">
         <name>.debug_info</name>
         <load_address>0xfd7e</load_address>
         <run_address>0xfd7e</run_address>
         <size>0x1b2</size>
         <input_file_ref idref="fl-c"/>
      </object_component>
      <object_component id="oc-15e">
         <name>.debug_info</name>
         <load_address>0xff30</load_address>
         <run_address>0xff30</run_address>
         <size>0xf0</size>
         <input_file_ref idref="fl-c"/>
      </object_component>
      <object_component id="oc-161">
         <name>.debug_info</name>
         <load_address>0x10020</load_address>
         <run_address>0x10020</run_address>
         <size>0x1a6</size>
         <input_file_ref idref="fl-c"/>
      </object_component>
      <object_component id="oc-16b">
         <name>.debug_info</name>
         <load_address>0x101c6</load_address>
         <run_address>0x101c6</run_address>
         <size>0x5f</size>
         <input_file_ref idref="fl-a"/>
      </object_component>
      <object_component id="oc-1b1">
         <name>.debug_info</name>
         <load_address>0x10225</load_address>
         <run_address>0x10225</run_address>
         <size>0xa8</size>
      </object_component>
      <object_component id="oc-10">
         <name>.debug_pubnames</name>
         <load_address>0x0</load_address>
         <run_address>0x0</run_address>
         <size>0x23</size>
         <input_file_ref idref="fl-3"/>
      </object_component>
      <object_component id="oc-14">
         <name>.debug_pubnames</name>
         <load_address>0x23</load_address>
         <run_address>0x23</run_address>
         <size>0x1f</size>
         <input_file_ref idref="fl-13b"/>
      </object_component>
      <object_component id="oc-19">
         <name>.debug_pubnames</name>
         <load_address>0x42</load_address>
         <run_address>0x42</run_address>
         <size>0x2b</size>
         <input_file_ref idref="fl-13c"/>
      </object_component>
      <object_component id="oc-1f">
         <name>.debug_pubnames</name>
         <load_address>0x6d</load_address>
         <run_address>0x6d</run_address>
         <size>0x25</size>
         <input_file_ref idref="fl-13e"/>
      </object_component>
      <object_component id="oc-25">
         <name>.debug_pubnames</name>
         <load_address>0x92</load_address>
         <run_address>0x92</run_address>
         <size>0x2c</size>
         <input_file_ref idref="fl-13d"/>
      </object_component>
      <object_component id="oc-2c">
         <name>.debug_pubnames</name>
         <load_address>0xbe</load_address>
         <run_address>0xbe</run_address>
         <size>0x4c</size>
         <input_file_ref idref="fl-3"/>
      </object_component>
      <object_component id="oc-36">
         <name>.debug_pubnames</name>
         <load_address>0x10a</load_address>
         <run_address>0x10a</run_address>
         <size>0x37</size>
         <input_file_ref idref="fl-145"/>
      </object_component>
      <object_component id="oc-3c">
         <name>.debug_pubnames</name>
         <load_address>0x141</load_address>
         <run_address>0x141</run_address>
         <size>0x21</size>
         <input_file_ref idref="fl-144"/>
      </object_component>
      <object_component id="oc-40">
         <name>.debug_pubnames</name>
         <load_address>0x162</load_address>
         <run_address>0x162</run_address>
         <size>0x35</size>
         <input_file_ref idref="fl-13f"/>
      </object_component>
      <object_component id="oc-45">
         <name>.debug_pubnames</name>
         <load_address>0x197</load_address>
         <run_address>0x197</run_address>
         <size>0x23</size>
         <input_file_ref idref="fl-141"/>
      </object_component>
      <object_component id="oc-49">
         <name>.debug_pubnames</name>
         <load_address>0x1ba</load_address>
         <run_address>0x1ba</run_address>
         <size>0x1d</size>
         <input_file_ref idref="fl-140"/>
      </object_component>
      <object_component id="oc-5d">
         <name>.debug_pubnames</name>
         <load_address>0x1d7</load_address>
         <run_address>0x1d7</run_address>
         <size>0x2f</size>
         <input_file_ref idref="fl-13d"/>
      </object_component>
      <object_component id="oc-76">
         <name>.debug_pubnames</name>
         <load_address>0x206</load_address>
         <run_address>0x206</run_address>
         <size>0x1e</size>
         <input_file_ref idref="fl-146"/>
      </object_component>
      <object_component id="oc-7e">
         <name>.debug_pubnames</name>
         <load_address>0x224</load_address>
         <run_address>0x224</run_address>
         <size>0x44</size>
         <input_file_ref idref="fl-2"/>
      </object_component>
      <object_component id="oc-85">
         <name>.debug_pubnames</name>
         <load_address>0x268</load_address>
         <run_address>0x268</run_address>
         <size>0x28</size>
         <input_file_ref idref="fl-143"/>
      </object_component>
      <object_component id="oc-88">
         <name>.debug_pubnames</name>
         <load_address>0x290</load_address>
         <run_address>0x290</run_address>
         <size>0x3a</size>
         <input_file_ref idref="fl-13f"/>
      </object_component>
      <object_component id="oc-ab">
         <name>.debug_pubnames</name>
         <load_address>0x2ca</load_address>
         <run_address>0x2ca</run_address>
         <size>0x1f</size>
         <input_file_ref idref="fl-8"/>
      </object_component>
      <object_component id="oc-b0">
         <name>.debug_pubnames</name>
         <load_address>0x2e9</load_address>
         <run_address>0x2e9</run_address>
         <size>0x6d</size>
         <input_file_ref idref="fl-4"/>
      </object_component>
      <object_component id="oc-c0">
         <name>.debug_pubnames</name>
         <load_address>0x356</load_address>
         <run_address>0x356</run_address>
         <size>0x43</size>
         <input_file_ref idref="fl-143"/>
      </object_component>
      <object_component id="oc-d3">
         <name>.debug_pubnames</name>
         <load_address>0x399</load_address>
         <run_address>0x399</run_address>
         <size>0x1f</size>
         <input_file_ref idref="fl-5"/>
      </object_component>
      <object_component id="oc-da">
         <name>.debug_pubnames</name>
         <load_address>0x3b8</load_address>
         <run_address>0x3b8</run_address>
         <size>0x23</size>
         <input_file_ref idref="fl-7"/>
      </object_component>
      <object_component id="oc-df">
         <name>.debug_pubnames</name>
         <load_address>0x3db</load_address>
         <run_address>0x3db</run_address>
         <size>0x22</size>
         <input_file_ref idref="fl-6"/>
      </object_component>
      <object_component id="oc-e5">
         <name>.debug_pubnames</name>
         <load_address>0x3fd</load_address>
         <run_address>0x3fd</run_address>
         <size>0x589</size>
         <input_file_ref idref="fl-a"/>
      </object_component>
      <object_component id="oc-ed">
         <name>.debug_pubnames</name>
         <load_address>0x986</load_address>
         <run_address>0x986</run_address>
         <size>0x3da</size>
         <input_file_ref idref="fl-9"/>
      </object_component>
      <object_component id="oc-f1">
         <name>.debug_pubnames</name>
         <load_address>0xd60</load_address>
         <run_address>0xd60</run_address>
         <size>0x46</size>
         <input_file_ref idref="fl-4"/>
      </object_component>
      <object_component id="oc-f4">
         <name>.debug_pubnames</name>
         <load_address>0xda6</load_address>
         <run_address>0xda6</run_address>
         <size>0x21</size>
         <input_file_ref idref="fl-4"/>
      </object_component>
      <object_component id="oc-f8">
         <name>.debug_pubnames</name>
         <load_address>0xdc7</load_address>
         <run_address>0xdc7</run_address>
         <size>0x39</size>
         <input_file_ref idref="fl-142"/>
      </object_component>
      <object_component id="oc-106">
         <name>.debug_pubnames</name>
         <load_address>0xe00</load_address>
         <run_address>0xe00</run_address>
         <size>0x42f</size>
         <input_file_ref idref="fl-d"/>
      </object_component>
      <object_component id="oc-10c">
         <name>.debug_pubnames</name>
         <load_address>0x122f</load_address>
         <run_address>0x122f</run_address>
         <size>0x1fa</size>
         <input_file_ref idref="fl-b"/>
      </object_component>
      <object_component id="oc-115">
         <name>.debug_pubnames</name>
         <load_address>0x1429</load_address>
         <run_address>0x1429</run_address>
         <size>0x26</size>
         <input_file_ref idref="fl-a"/>
      </object_component>
      <object_component id="oc-11a">
         <name>.debug_pubnames</name>
         <load_address>0x144f</load_address>
         <run_address>0x144f</run_address>
         <size>0x15b</size>
         <input_file_ref idref="fl-c"/>
      </object_component>
      <object_component id="oc-11f">
         <name>.debug_pubnames</name>
         <load_address>0x15aa</load_address>
         <run_address>0x15aa</run_address>
         <size>0x6a</size>
         <input_file_ref idref="fl-e"/>
      </object_component>
      <object_component id="oc-124">
         <name>.debug_pubnames</name>
         <load_address>0x1614</load_address>
         <run_address>0x1614</run_address>
         <size>0x23</size>
         <input_file_ref idref="fl-a"/>
      </object_component>
      <object_component id="oc-127">
         <name>.debug_pubnames</name>
         <load_address>0x1637</load_address>
         <run_address>0x1637</run_address>
         <size>0x29</size>
         <input_file_ref idref="fl-a"/>
      </object_component>
      <object_component id="oc-12a">
         <name>.debug_pubnames</name>
         <load_address>0x1660</load_address>
         <run_address>0x1660</run_address>
         <size>0x2c</size>
         <input_file_ref idref="fl-a"/>
      </object_component>
      <object_component id="oc-130">
         <name>.debug_pubnames</name>
         <load_address>0x168c</load_address>
         <run_address>0x168c</run_address>
         <size>0x29</size>
         <input_file_ref idref="fl-9"/>
      </object_component>
      <object_component id="oc-133">
         <name>.debug_pubnames</name>
         <load_address>0x16b5</load_address>
         <run_address>0x16b5</run_address>
         <size>0x4b</size>
         <input_file_ref idref="fl-9"/>
      </object_component>
      <object_component id="oc-136">
         <name>.debug_pubnames</name>
         <load_address>0x1700</load_address>
         <run_address>0x1700</run_address>
         <size>0x32</size>
         <input_file_ref idref="fl-9"/>
      </object_component>
      <object_component id="oc-144">
         <name>.debug_pubnames</name>
         <load_address>0x1732</load_address>
         <run_address>0x1732</run_address>
         <size>0x31</size>
         <input_file_ref idref="fl-d"/>
      </object_component>
      <object_component id="oc-147">
         <name>.debug_pubnames</name>
         <load_address>0x1763</load_address>
         <run_address>0x1763</run_address>
         <size>0x55</size>
         <input_file_ref idref="fl-d"/>
      </object_component>
      <object_component id="oc-14a">
         <name>.debug_pubnames</name>
         <load_address>0x17b8</load_address>
         <run_address>0x17b8</run_address>
         <size>0x32</size>
         <input_file_ref idref="fl-d"/>
      </object_component>
      <object_component id="oc-14d">
         <name>.debug_pubnames</name>
         <load_address>0x17ea</load_address>
         <run_address>0x17ea</run_address>
         <size>0x2b</size>
         <input_file_ref idref="fl-d"/>
      </object_component>
      <object_component id="oc-152">
         <name>.debug_pubnames</name>
         <load_address>0x1815</load_address>
         <run_address>0x1815</run_address>
         <size>0x7e</size>
         <input_file_ref idref="fl-b"/>
      </object_component>
      <object_component id="oc-159">
         <name>.debug_pubnames</name>
         <load_address>0x1893</load_address>
         <run_address>0x1893</run_address>
         <size>0x26</size>
         <input_file_ref idref="fl-c"/>
      </object_component>
      <object_component id="oc-15c">
         <name>.debug_pubnames</name>
         <load_address>0x18b9</load_address>
         <run_address>0x18b9</run_address>
         <size>0x77</size>
         <input_file_ref idref="fl-c"/>
      </object_component>
      <object_component id="oc-15f">
         <name>.debug_pubnames</name>
         <load_address>0x1930</load_address>
         <run_address>0x1930</run_address>
         <size>0x22</size>
         <input_file_ref idref="fl-c"/>
      </object_component>
      <object_component id="oc-13">
         <name>.debug_aranges</name>
         <load_address>0x0</load_address>
         <run_address>0x0</run_address>
         <size>0x20</size>
         <input_file_ref idref="fl-13b"/>
      </object_component>
      <object_component id="oc-1a">
         <name>.debug_aranges</name>
         <load_address>0x20</load_address>
         <run_address>0x20</run_address>
         <size>0x20</size>
         <input_file_ref idref="fl-13c"/>
      </object_component>
      <object_component id="oc-1d">
         <name>.debug_aranges</name>
         <load_address>0x40</load_address>
         <run_address>0x40</run_address>
         <size>0x20</size>
         <input_file_ref idref="fl-13e"/>
      </object_component>
      <object_component id="oc-24">
         <name>.debug_aranges</name>
         <load_address>0x60</load_address>
         <run_address>0x60</run_address>
         <size>0x20</size>
         <input_file_ref idref="fl-13d"/>
      </object_component>
      <object_component id="oc-2b">
         <name>.debug_aranges</name>
         <load_address>0x80</load_address>
         <run_address>0x80</run_address>
         <size>0x38</size>
         <input_file_ref idref="fl-3"/>
      </object_component>
      <object_component id="oc-34">
         <name>.debug_aranges</name>
         <load_address>0xb8</load_address>
         <run_address>0xb8</run_address>
         <size>0x28</size>
         <input_file_ref idref="fl-145"/>
      </object_component>
      <object_component id="oc-38">
         <name>.debug_aranges</name>
         <load_address>0xe0</load_address>
         <run_address>0xe0</run_address>
         <size>0x20</size>
         <input_file_ref idref="fl-144"/>
      </object_component>
      <object_component id="oc-3e">
         <name>.debug_aranges</name>
         <load_address>0x100</load_address>
         <run_address>0x100</run_address>
         <size>0x30</size>
         <input_file_ref idref="fl-13f"/>
      </object_component>
      <object_component id="oc-4a">
         <name>.debug_aranges</name>
         <load_address>0x130</load_address>
         <run_address>0x130</run_address>
         <size>0x20</size>
         <input_file_ref idref="fl-140"/>
      </object_component>
      <object_component id="oc-5c">
         <name>.debug_aranges</name>
         <load_address>0x150</load_address>
         <run_address>0x150</run_address>
         <size>0x20</size>
         <input_file_ref idref="fl-13d"/>
      </object_component>
      <object_component id="oc-77">
         <name>.debug_aranges</name>
         <load_address>0x170</load_address>
         <run_address>0x170</run_address>
         <size>0x20</size>
         <input_file_ref idref="fl-146"/>
      </object_component>
      <object_component id="oc-7d">
         <name>.debug_aranges</name>
         <load_address>0x190</load_address>
         <run_address>0x190</run_address>
         <size>0x38</size>
         <input_file_ref idref="fl-2"/>
      </object_component>
      <object_component id="oc-a8">
         <name>.debug_aranges</name>
         <load_address>0x1c8</load_address>
         <run_address>0x1c8</run_address>
         <size>0x20</size>
         <input_file_ref idref="fl-8"/>
      </object_component>
      <object_component id="oc-b1">
         <name>.debug_aranges</name>
         <load_address>0x1e8</load_address>
         <run_address>0x1e8</run_address>
         <size>0x48</size>
         <input_file_ref idref="fl-4"/>
      </object_component>
      <object_component id="oc-bc">
         <name>.debug_aranges</name>
         <load_address>0x230</load_address>
         <run_address>0x230</run_address>
         <size>0x30</size>
         <input_file_ref idref="fl-143"/>
      </object_component>
      <object_component id="oc-d2">
         <name>.debug_aranges</name>
         <load_address>0x260</load_address>
         <run_address>0x260</run_address>
         <size>0x20</size>
         <input_file_ref idref="fl-5"/>
      </object_component>
      <object_component id="oc-d9">
         <name>.debug_aranges</name>
         <load_address>0x280</load_address>
         <run_address>0x280</run_address>
         <size>0x20</size>
         <input_file_ref idref="fl-7"/>
      </object_component>
      <object_component id="oc-de">
         <name>.debug_aranges</name>
         <load_address>0x2a0</load_address>
         <run_address>0x2a0</run_address>
         <size>0x20</size>
         <input_file_ref idref="fl-6"/>
      </object_component>
      <object_component id="oc-e6">
         <name>.debug_aranges</name>
         <load_address>0x2c0</load_address>
         <run_address>0x2c0</run_address>
         <size>0x1d8</size>
         <input_file_ref idref="fl-a"/>
      </object_component>
      <object_component id="oc-ea">
         <name>.debug_aranges</name>
         <load_address>0x498</load_address>
         <run_address>0x498</run_address>
         <size>0x190</size>
         <input_file_ref idref="fl-9"/>
      </object_component>
      <object_component id="oc-f6">
         <name>.debug_aranges</name>
         <load_address>0x628</load_address>
         <run_address>0x628</run_address>
         <size>0x28</size>
         <input_file_ref idref="fl-142"/>
      </object_component>
      <object_component id="oc-107">
         <name>.debug_aranges</name>
         <load_address>0x650</load_address>
         <run_address>0x650</run_address>
         <size>0x1a0</size>
         <input_file_ref idref="fl-d"/>
      </object_component>
      <object_component id="oc-10d">
         <name>.debug_aranges</name>
         <load_address>0x7f0</load_address>
         <run_address>0x7f0</run_address>
         <size>0xd8</size>
         <input_file_ref idref="fl-b"/>
      </object_component>
      <object_component id="oc-11b">
         <name>.debug_aranges</name>
         <load_address>0x8c8</load_address>
         <run_address>0x8c8</run_address>
         <size>0xa0</size>
         <input_file_ref idref="fl-c"/>
      </object_component>
      <object_component id="oc-11e">
         <name>.debug_aranges</name>
         <load_address>0x968</load_address>
         <run_address>0x968</run_address>
         <size>0x48</size>
         <input_file_ref idref="fl-e"/>
      </object_component>
      <object_component id="oc-15">
         <name>.debug_line</name>
         <load_address>0x0</load_address>
         <run_address>0x0</run_address>
         <size>0x4f</size>
         <input_file_ref idref="fl-13b"/>
      </object_component>
      <object_component id="oc-17">
         <name>.debug_line</name>
         <load_address>0x4f</load_address>
         <run_address>0x4f</run_address>
         <size>0x55</size>
         <input_file_ref idref="fl-13c"/>
      </object_component>
      <object_component id="oc-20">
         <name>.debug_line</name>
         <load_address>0xa4</load_address>
         <run_address>0xa4</run_address>
         <size>0x4c</size>
         <input_file_ref idref="fl-13e"/>
      </object_component>
      <object_component id="oc-27">
         <name>.debug_line</name>
         <load_address>0xf0</load_address>
         <run_address>0xf0</run_address>
         <size>0x4b</size>
         <input_file_ref idref="fl-13d"/>
      </object_component>
      <object_component id="oc-2e">
         <name>.debug_line</name>
         <load_address>0x13b</load_address>
         <run_address>0x13b</run_address>
         <size>0xa1</size>
         <input_file_ref idref="fl-3"/>
      </object_component>
      <object_component id="oc-30">
         <name>.debug_line</name>
         <load_address>0x1dc</load_address>
         <run_address>0x1dc</run_address>
         <size>0x41</size>
         <input_file_ref idref="fl-3"/>
      </object_component>
      <object_component id="oc-33">
         <name>.debug_line</name>
         <load_address>0x21d</load_address>
         <run_address>0x21d</run_address>
         <size>0x87</size>
         <input_file_ref idref="fl-145"/>
      </object_component>
      <object_component id="oc-39">
         <name>.debug_line</name>
         <load_address>0x2a4</load_address>
         <run_address>0x2a4</run_address>
         <size>0x50</size>
         <input_file_ref idref="fl-144"/>
      </object_component>
      <object_component id="oc-41">
         <name>.debug_line</name>
         <load_address>0x2f4</load_address>
         <run_address>0x2f4</run_address>
         <size>0x7a</size>
         <input_file_ref idref="fl-13f"/>
      </object_component>
      <object_component id="oc-4b">
         <name>.debug_line</name>
         <load_address>0x36e</load_address>
         <run_address>0x36e</run_address>
         <size>0x88</size>
         <input_file_ref idref="fl-140"/>
      </object_component>
      <object_component id="oc-50">
         <name>.debug_line</name>
         <load_address>0x3f6</load_address>
         <run_address>0x3f6</run_address>
         <size>0x3a</size>
         <input_file_ref idref="fl-13c"/>
      </object_component>
      <object_component id="oc-57">
         <name>.debug_line</name>
         <load_address>0x430</load_address>
         <run_address>0x430</run_address>
         <size>0x34</size>
         <input_file_ref idref="fl-13e"/>
      </object_component>
      <object_component id="oc-5e">
         <name>.debug_line</name>
         <load_address>0x464</load_address>
         <run_address>0x464</run_address>
         <size>0x8c</size>
         <input_file_ref idref="fl-13d"/>
      </object_component>
      <object_component id="oc-65">
         <name>.debug_line</name>
         <load_address>0x4f0</load_address>
         <run_address>0x4f0</run_address>
         <size>0x39</size>
         <input_file_ref idref="fl-13d"/>
      </object_component>
      <object_component id="oc-69">
         <name>.debug_line</name>
         <load_address>0x529</load_address>
         <run_address>0x529</run_address>
         <size>0x41</size>
         <input_file_ref idref="fl-3"/>
      </object_component>
      <object_component id="oc-6d">
         <name>.debug_line</name>
         <load_address>0x56a</load_address>
         <run_address>0x56a</run_address>
         <size>0x20</size>
         <input_file_ref idref="fl-3"/>
      </object_component>
      <object_component id="oc-72">
         <name>.debug_line</name>
         <load_address>0x58a</load_address>
         <run_address>0x58a</run_address>
         <size>0x7a</size>
         <input_file_ref idref="fl-2"/>
      </object_component>
      <object_component id="oc-79">
         <name>.debug_line</name>
         <load_address>0x604</load_address>
         <run_address>0x604</run_address>
         <size>0x6d</size>
         <input_file_ref idref="fl-146"/>
      </object_component>
      <object_component id="oc-80">
         <name>.debug_line</name>
         <load_address>0x671</load_address>
         <run_address>0x671</run_address>
         <size>0xb6</size>
         <input_file_ref idref="fl-2"/>
      </object_component>
      <object_component id="oc-8d">
         <name>.debug_line</name>
         <load_address>0x727</load_address>
         <run_address>0x727</run_address>
         <size>0x33</size>
         <input_file_ref idref="fl-141"/>
      </object_component>
      <object_component id="oc-92">
         <name>.debug_line</name>
         <load_address>0x75a</load_address>
         <run_address>0x75a</run_address>
         <size>0x44</size>
         <input_file_ref idref="fl-13c"/>
      </object_component>
      <object_component id="oc-95">
         <name>.debug_line</name>
         <load_address>0x79e</load_address>
         <run_address>0x79e</run_address>
         <size>0x20</size>
         <input_file_ref idref="fl-13c"/>
      </object_component>
      <object_component id="oc-99">
         <name>.debug_line</name>
         <load_address>0x7be</load_address>
         <run_address>0x7be</run_address>
         <size>0x44</size>
         <input_file_ref idref="fl-13e"/>
      </object_component>
      <object_component id="oc-9c">
         <name>.debug_line</name>
         <load_address>0x802</load_address>
         <run_address>0x802</run_address>
         <size>0x20</size>
         <input_file_ref idref="fl-13e"/>
      </object_component>
      <object_component id="oc-9f">
         <name>.debug_line</name>
         <load_address>0x822</load_address>
         <run_address>0x822</run_address>
         <size>0x20</size>
         <input_file_ref idref="fl-13d"/>
      </object_component>
      <object_component id="oc-a3">
         <name>.debug_line</name>
         <load_address>0x842</load_address>
         <run_address>0x842</run_address>
         <size>0x20</size>
         <input_file_ref idref="fl-2"/>
      </object_component>
      <object_component id="oc-a9">
         <name>.debug_line</name>
         <load_address>0x862</load_address>
         <run_address>0x862</run_address>
         <size>0x54</size>
         <input_file_ref idref="fl-8"/>
      </object_component>
      <object_component id="oc-ae">
         <name>.debug_line</name>
         <load_address>0x8b6</load_address>
         <run_address>0x8b6</run_address>
         <size>0x289</size>
         <input_file_ref idref="fl-4"/>
      </object_component>
      <object_component id="oc-b5">
         <name>.debug_line</name>
         <load_address>0xb3f</load_address>
         <run_address>0xb3f</run_address>
         <size>0x2b</size>
         <input_file_ref idref="fl-144"/>
      </object_component>
      <object_component id="oc-b9">
         <name>.debug_line</name>
         <load_address>0xb6a</load_address>
         <run_address>0xb6a</run_address>
         <size>0x2b</size>
         <input_file_ref idref="fl-144"/>
      </object_component>
      <object_component id="oc-be">
         <name>.debug_line</name>
         <load_address>0xb95</load_address>
         <run_address>0xb95</run_address>
         <size>0x66</size>
         <input_file_ref idref="fl-143"/>
      </object_component>
      <object_component id="oc-c2">
         <name>.debug_line</name>
         <load_address>0xbfb</load_address>
         <run_address>0xbfb</run_address>
         <size>0x2b</size>
         <input_file_ref idref="fl-143"/>
      </object_component>
      <object_component id="oc-c6">
         <name>.debug_line</name>
         <load_address>0xc26</load_address>
         <run_address>0xc26</run_address>
         <size>0x2a</size>
         <input_file_ref idref="fl-13f"/>
      </object_component>
      <object_component id="oc-c8">
         <name>.debug_line</name>
         <load_address>0xc50</load_address>
         <run_address>0xc50</run_address>
         <size>0x43</size>
         <input_file_ref idref="fl-13f"/>
      </object_component>
      <object_component id="oc-ca">
         <name>.debug_line</name>
         <load_address>0xc93</load_address>
         <run_address>0xc93</run_address>
         <size>0x51</size>
         <input_file_ref idref="fl-146"/>
      </object_component>
      <object_component id="oc-ce">
         <name>.debug_line</name>
         <load_address>0xce4</load_address>
         <run_address>0xce4</run_address>
         <size>0x45</size>
         <input_file_ref idref="fl-146"/>
      </object_component>
      <object_component id="oc-d5">
         <name>.debug_line</name>
         <load_address>0xd29</load_address>
         <run_address>0xd29</run_address>
         <size>0x7d</size>
         <input_file_ref idref="fl-5"/>
      </object_component>
      <object_component id="oc-d7">
         <name>.debug_line</name>
         <load_address>0xda6</load_address>
         <run_address>0xda6</run_address>
         <size>0x50</size>
         <input_file_ref idref="fl-7"/>
      </object_component>
      <object_component id="oc-e1">
         <name>.debug_line</name>
         <load_address>0xdf6</load_address>
         <run_address>0xdf6</run_address>
         <size>0x4e</size>
         <input_file_ref idref="fl-6"/>
      </object_component>
      <object_component id="oc-e8">
         <name>.debug_line</name>
         <load_address>0xe44</load_address>
         <run_address>0xe44</run_address>
         <size>0x96b</size>
         <input_file_ref idref="fl-a"/>
      </object_component>
      <object_component id="oc-ee">
         <name>.debug_line</name>
         <load_address>0x17af</load_address>
         <run_address>0x17af</run_address>
         <size>0x5a0</size>
         <input_file_ref idref="fl-9"/>
      </object_component>
      <object_component id="oc-f9">
         <name>.debug_line</name>
         <load_address>0x1d4f</load_address>
         <run_address>0x1d4f</run_address>
         <size>0x69</size>
         <input_file_ref idref="fl-142"/>
      </object_component>
      <object_component id="oc-ff">
         <name>.debug_line</name>
         <load_address>0x1db8</load_address>
         <run_address>0x1db8</run_address>
         <size>0x7a</size>
         <input_file_ref idref="fl-2"/>
      </object_component>
      <object_component id="oc-103">
         <name>.debug_line</name>
         <load_address>0x1e32</load_address>
         <run_address>0x1e32</run_address>
         <size>0x20</size>
         <input_file_ref idref="fl-143"/>
      </object_component>
      <object_component id="oc-109">
         <name>.debug_line</name>
         <load_address>0x1e52</load_address>
         <run_address>0x1e52</run_address>
         <size>0x635</size>
         <input_file_ref idref="fl-d"/>
      </object_component>
      <object_component id="oc-10f">
         <name>.debug_line</name>
         <load_address>0x2487</load_address>
         <run_address>0x2487</run_address>
         <size>0x31f</size>
         <input_file_ref idref="fl-b"/>
      </object_component>
      <object_component id="oc-118">
         <name>.debug_line</name>
         <load_address>0x27a6</load_address>
         <run_address>0x27a6</run_address>
         <size>0x2f7</size>
         <input_file_ref idref="fl-c"/>
      </object_component>
      <object_component id="oc-120">
         <name>.debug_line</name>
         <load_address>0x2a9d</load_address>
         <run_address>0x2a9d</run_address>
         <size>0xdd</size>
         <input_file_ref idref="fl-e"/>
      </object_component>
      <object_component id="oc-13b">
         <name>.debug_line</name>
         <load_address>0x2b7a</load_address>
         <run_address>0x2b7a</run_address>
         <size>0x38</size>
         <input_file_ref idref="fl-4"/>
      </object_component>
      <object_component id="oc-13d">
         <name>.debug_line</name>
         <load_address>0x2bb2</load_address>
         <run_address>0x2bb2</run_address>
         <size>0x38</size>
         <input_file_ref idref="fl-4"/>
      </object_component>
      <object_component id="oc-140">
         <name>.debug_line</name>
         <load_address>0x2bea</load_address>
         <run_address>0x2bea</run_address>
         <size>0xc3</size>
         <input_file_ref idref="fl-4"/>
      </object_component>
      <object_component id="oc-156">
         <name>.debug_line</name>
         <load_address>0x2cad</load_address>
         <run_address>0x2cad</run_address>
         <size>0x40</size>
         <input_file_ref idref="fl-a"/>
      </object_component>
      <object_component id="oc-164">
         <name>.debug_line</name>
         <load_address>0x2ced</load_address>
         <run_address>0x2ced</run_address>
         <size>0x40</size>
         <input_file_ref idref="fl-a"/>
      </object_component>
      <object_component id="oc-166">
         <name>.debug_line</name>
         <load_address>0x2d2d</load_address>
         <run_address>0x2d2d</run_address>
         <size>0x40</size>
         <input_file_ref idref="fl-a"/>
      </object_component>
      <object_component id="oc-168">
         <name>.debug_line</name>
         <load_address>0x2d6d</load_address>
         <run_address>0x2d6d</run_address>
         <size>0x40</size>
         <input_file_ref idref="fl-a"/>
      </object_component>
      <object_component id="oc-16a">
         <name>.debug_line</name>
         <load_address>0x2dad</load_address>
         <run_address>0x2dad</run_address>
         <size>0x11f</size>
         <input_file_ref idref="fl-a"/>
      </object_component>
      <object_component id="oc-16e">
         <name>.debug_line</name>
         <load_address>0x2ecc</load_address>
         <run_address>0x2ecc</run_address>
         <size>0x40</size>
         <input_file_ref idref="fl-a"/>
      </object_component>
      <object_component id="oc-171">
         <name>.debug_line</name>
         <load_address>0x2f0c</load_address>
         <run_address>0x2f0c</run_address>
         <size>0x3c</size>
         <input_file_ref idref="fl-9"/>
      </object_component>
      <object_component id="oc-173">
         <name>.debug_line</name>
         <load_address>0x2f48</load_address>
         <run_address>0x2f48</run_address>
         <size>0x3c</size>
         <input_file_ref idref="fl-9"/>
      </object_component>
      <object_component id="oc-175">
         <name>.debug_line</name>
         <load_address>0x2f84</load_address>
         <run_address>0x2f84</run_address>
         <size>0x3c</size>
         <input_file_ref idref="fl-9"/>
      </object_component>
      <object_component id="oc-177">
         <name>.debug_line</name>
         <load_address>0x2fc0</load_address>
         <run_address>0x2fc0</run_address>
         <size>0x78</size>
         <input_file_ref idref="fl-9"/>
      </object_component>
      <object_component id="oc-179">
         <name>.debug_line</name>
         <load_address>0x3038</load_address>
         <run_address>0x3038</run_address>
         <size>0x50</size>
         <input_file_ref idref="fl-2"/>
      </object_component>
      <object_component id="oc-17b">
         <name>.debug_line</name>
         <load_address>0x3088</load_address>
         <run_address>0x3088</run_address>
         <size>0x3c</size>
         <input_file_ref idref="fl-d"/>
      </object_component>
      <object_component id="oc-17d">
         <name>.debug_line</name>
         <load_address>0x30c4</load_address>
         <run_address>0x30c4</run_address>
         <size>0x3c</size>
         <input_file_ref idref="fl-d"/>
      </object_component>
      <object_component id="oc-17f">
         <name>.debug_line</name>
         <load_address>0x3100</load_address>
         <run_address>0x3100</run_address>
         <size>0x3c</size>
         <input_file_ref idref="fl-d"/>
      </object_component>
      <object_component id="oc-181">
         <name>.debug_line</name>
         <load_address>0x313c</load_address>
         <run_address>0x313c</run_address>
         <size>0x3c</size>
         <input_file_ref idref="fl-d"/>
      </object_component>
      <object_component id="oc-183">
         <name>.debug_line</name>
         <load_address>0x3178</load_address>
         <run_address>0x3178</run_address>
         <size>0x78</size>
         <input_file_ref idref="fl-d"/>
      </object_component>
      <object_component id="oc-185">
         <name>.debug_line</name>
         <load_address>0x31f0</load_address>
         <run_address>0x31f0</run_address>
         <size>0x3a</size>
         <input_file_ref idref="fl-b"/>
      </object_component>
      <object_component id="oc-187">
         <name>.debug_line</name>
         <load_address>0x322a</load_address>
         <run_address>0x322a</run_address>
         <size>0x78</size>
         <input_file_ref idref="fl-b"/>
      </object_component>
      <object_component id="oc-189">
         <name>.debug_line</name>
         <load_address>0x32a2</load_address>
         <run_address>0x32a2</run_address>
         <size>0x46</size>
         <input_file_ref idref="fl-c"/>
      </object_component>
      <object_component id="oc-18b">
         <name>.debug_line</name>
         <load_address>0x32e8</load_address>
         <run_address>0x32e8</run_address>
         <size>0x46</size>
         <input_file_ref idref="fl-c"/>
      </object_component>
      <object_component id="oc-18d">
         <name>.debug_line</name>
         <load_address>0x332e</load_address>
         <run_address>0x332e</run_address>
         <size>0x46</size>
         <input_file_ref idref="fl-c"/>
      </object_component>
      <object_component id="oc-18f">
         <name>.debug_line</name>
         <load_address>0x3374</load_address>
         <run_address>0x3374</run_address>
         <size>0x72</size>
         <input_file_ref idref="fl-c"/>
      </object_component>
      <object_component id="oc-1b">
         <name>.debug_frame</name>
         <load_address>0x0</load_address>
         <run_address>0x0</run_address>
         <size>0x7f</size>
         <input_file_ref idref="fl-13c"/>
      </object_component>
      <object_component id="oc-21">
         <name>.debug_frame</name>
         <load_address>0x7f</load_address>
         <run_address>0x7f</run_address>
         <size>0x7f</size>
         <input_file_ref idref="fl-13e"/>
      </object_component>
      <object_component id="oc-26">
         <name>.debug_frame</name>
         <load_address>0xfe</load_address>
         <run_address>0xfe</run_address>
         <size>0x7f</size>
         <input_file_ref idref="fl-13d"/>
      </object_component>
      <object_component id="oc-2d">
         <name>.debug_frame</name>
         <load_address>0x17d</load_address>
         <run_address>0x17d</run_address>
         <size>0xb2</size>
         <input_file_ref idref="fl-3"/>
      </object_component>
      <object_component id="oc-3a">
         <name>.debug_frame</name>
         <load_address>0x22f</load_address>
         <run_address>0x22f</run_address>
         <size>0x7f</size>
         <input_file_ref idref="fl-144"/>
      </object_component>
      <object_component id="oc-42">
         <name>.debug_frame</name>
         <load_address>0x2ae</load_address>
         <run_address>0x2ae</run_address>
         <size>0xb3</size>
         <input_file_ref idref="fl-13f"/>
      </object_component>
      <object_component id="oc-5f">
         <name>.debug_frame</name>
         <load_address>0x361</load_address>
         <run_address>0x361</run_address>
         <size>0x8a</size>
         <input_file_ref idref="fl-13d"/>
      </object_component>
      <object_component id="oc-78">
         <name>.debug_frame</name>
         <load_address>0x3eb</load_address>
         <run_address>0x3eb</run_address>
         <size>0x8a</size>
         <input_file_ref idref="fl-146"/>
      </object_component>
      <object_component id="oc-7f">
         <name>.debug_frame</name>
         <load_address>0x475</load_address>
         <run_address>0x475</run_address>
         <size>0xce</size>
         <input_file_ref idref="fl-2"/>
      </object_component>
      <object_component id="oc-ac">
         <name>.debug_frame</name>
         <load_address>0x543</load_address>
         <run_address>0x543</run_address>
         <size>0x86</size>
         <input_file_ref idref="fl-8"/>
      </object_component>
      <object_component id="oc-b2">
         <name>.debug_frame</name>
         <load_address>0x5c9</load_address>
         <run_address>0x5c9</run_address>
         <size>0x12a</size>
         <input_file_ref idref="fl-4"/>
      </object_component>
      <object_component id="oc-bd">
         <name>.debug_frame</name>
         <load_address>0x6f3</load_address>
         <run_address>0x6f3</run_address>
         <size>0xa1</size>
         <input_file_ref idref="fl-143"/>
      </object_component>
      <object_component id="oc-d4">
         <name>.debug_frame</name>
         <load_address>0x794</load_address>
         <run_address>0x794</run_address>
         <size>0x8b</size>
         <input_file_ref idref="fl-5"/>
      </object_component>
      <object_component id="oc-db">
         <name>.debug_frame</name>
         <load_address>0x81f</load_address>
         <run_address>0x81f</run_address>
         <size>0x7f</size>
         <input_file_ref idref="fl-7"/>
      </object_component>
      <object_component id="oc-e0">
         <name>.debug_frame</name>
         <load_address>0x89e</load_address>
         <run_address>0x89e</run_address>
         <size>0x7f</size>
         <input_file_ref idref="fl-6"/>
      </object_component>
      <object_component id="oc-e7">
         <name>.debug_frame</name>
         <load_address>0x91d</load_address>
         <run_address>0x91d</run_address>
         <size>0x576</size>
         <input_file_ref idref="fl-a"/>
      </object_component>
      <object_component id="oc-eb">
         <name>.debug_frame</name>
         <load_address>0xe93</load_address>
         <run_address>0xe93</run_address>
         <size>0x4b6</size>
         <input_file_ref idref="fl-9"/>
      </object_component>
      <object_component id="oc-108">
         <name>.debug_frame</name>
         <load_address>0x1349</load_address>
         <run_address>0x1349</run_address>
         <size>0x57f</size>
         <input_file_ref idref="fl-d"/>
      </object_component>
      <object_component id="oc-10e">
         <name>.debug_frame</name>
         <load_address>0x18c8</load_address>
         <run_address>0x18c8</run_address>
         <size>0x2a1</size>
         <input_file_ref idref="fl-b"/>
      </object_component>
      <object_component id="oc-117">
         <name>.debug_frame</name>
         <load_address>0x1b69</load_address>
         <run_address>0x1b69</run_address>
         <size>0x1f3</size>
         <input_file_ref idref="fl-c"/>
      </object_component>
      <object_component id="oc-121">
         <name>.debug_frame</name>
         <load_address>0x1d5c</load_address>
         <run_address>0x1d5c</run_address>
         <size>0xda</size>
         <input_file_ref idref="fl-e"/>
      </object_component>
      <object_component id="oc-2f">
         <name>.debug_abbrev</name>
         <load_address>0x0</load_address>
         <run_address>0x0</run_address>
         <size>0x29</size>
         <input_file_ref idref="fl-3"/>
      </object_component>
[...]
      <symbol id="sm-329">
         <name>SysCtlResetCauseClear</name>
         <value>0x7fb</value>
         <object_component_ref idref="oc-e3"/>
      </symbol>
      <symbol id="sm-32a">
         <name>SysCtlLDOSleepGet</name>
         <value>0x789</value>
         <object_component_ref idref="oc-e3"/>
      </symbol>
      <symbol id="sm-32b">
         <name>SysCtlClockFreqSet</name>
         <value>0x8d9</value>
         <object_component_ref idref="oc-e3"/>
      </symbol>
      <symbol id="sm-32c">
         <name>SysCtlPeripheralReset</name>
         <value>0x485</value>
         <object_component_ref idref="oc-e3"/>
      </symbol>
      <symbol id="sm-37e">
         <name>SSIDataPut</name>
         <value>0x2d37</value>
         <object_component_ref idref="oc-10a"/>
      </symbol>
      <symbol id="sm-37f">
         <name>SSIDataGet</name>
         <value>0x2d71</value>
         <object_component_ref idref="oc-10a"/>
      </symbol>
      <symbol id="sm-380">
         <name>SSIAdvFrameHoldEnable</name>
         <value>0x2eab</value>
         <object_component_ref idref="oc-10a"/>
      </symbol>
      <symbol id="sm-381">
         <name>SSIDMAEnable</name>
         <value>0x2daf</value>
         <object_component_ref idref="oc-10a"/>
      </symbol>
      <symbol id="sm-382">
         <name>SSIAdvFrameHoldDisable</name>
         <value>0x2ec1</value>
         <object_component_ref idref="oc-10a"/>
      </symbol>
      <symbol id="sm-383">
         <name>SSIIntDisable</name>
         <value>0x2cef</value>
         <object_component_ref idref="oc-10a"/>
      </symbol>
      <symbol id="sm-384">
         <name>SSIClockSourceGet</name>
         <value>0x2e11</value>
         <object_component_ref idref="oc-10a"/>
      </symbol>
      <symbol id="sm-385">
         <name>SSIDataGetNonBlocking</name>
         <value>0x2d8d</value>
         <object_component_ref idref="oc-10a"/>
      </symbol>
      <symbol id="sm-386">
         <name>SSIAdvDataPutFrameEnd</name>
         <value>0x2e59</value>
         <object_component_ref idref="oc-10a"/>
      </symbol>
      <symbol id="sm-387">
         <name>SSIDMADisable</name>
         <value>0x2dc7</value>
         <object_component_ref idref="oc-10a"/>
      </symbol>
      <symbol id="sm-388">
         <name>SSIAdvModeSet</name>
         <value>0x2e3d</value>
         <object_component_ref idref="oc-10a"/>
      </symbol>
      <symbol id="sm-389">
         <name>SSIIntUnregister</name>
         <value>0x2cbd</value>
         <object_component_ref idref="oc-10a"/>
      </symbol>
      <symbol id="sm-38a">
         <name>SSIIntClear</name>
         <value>0x2d25</value>
         <object_component_ref idref="oc-10a"/>
      </symbol>
      <symbol id="sm-38b">
         <name>SSIDataPutNonBlocking</name>
         <value>0x2d51</value>
         <object_component_ref idref="oc-10a"/>
      </symbol>
      <symbol id="sm-38c">
         <name>SSIIntStatus</name>
         <value>0x2d07</value>
         <object_component_ref idref="oc-10a"/>
      </symbol>
      <symbol id="sm-38d">
         <name>SSIConfigSetExpClk</name>
         <value>0x2be7</value>
         <object_component_ref idref="oc-10a"/>
      </symbol>
      <symbol id="sm-38e">
         <name>SSIIntEnable</name>
         <value>0x2cd7</value>
         <object_component_ref idref="oc-10a"/>
      </symbol>
      <symbol id="sm-38f">
         <name>SSIEnable</name>
         <value>0x2c73</value>
         <object_component_ref idref="oc-10a"/>
      </symbol>
      <symbol id="sm-390">
         <name>SSIClockSourceSet</name>
         <value>0x2dfd</value>
         <object_component_ref idref="oc-10a"/>
      </symbol>
      <symbol id="sm-391">
         <name>SSIBusy</name>
         <value>0x2ddf</value>
         <object_component_ref idref="oc-10a"/>
      </symbol>
      <symbol id="sm-392">
         <name>SSIDisable</name>
         <value>0x2c89</value>
         <object_component_ref idref="oc-10a"/>
      </symbol>
      <symbol id="sm-393">
         <name>SSIAdvDataPutFrameEndNonBlocking</name>
         <value>0x2e7f</value>
         <object_component_ref idref="oc-10a"/>
      </symbol>
      <symbol id="sm-394">
         <name>SSIIntRegister</name>
         <value>0x2c9f</value>
         <object_component_ref idref="oc-10a"/>
      </symbol>
      <symbol id="sm-3fd">
         <name>IntPendClear</name>
         <value>0x2aed</value>
         <object_component_ref idref="oc-116"/>
      </symbol>
      <symbol id="sm-3fe">
         <name>IntPriorityGroupingGet</name>
         <value>0x2867</value>
         <object_component_ref idref="oc-116"/>
      </symbol>
      <symbol id="sm-3ff">
         <name>IntPrioritySet</name>
         <value>0x289f</value>
         <object_component_ref idref="oc-116"/>
      </symbol>
      <symbol id="sm-400">
         <name>IntIsEnabled</name>
         <value>0x29f7</value>
         <object_component_ref idref="oc-116"/>
      </symbol>
      <symbol id="sm-401">
         <name>IntEnable</name>
         <value>0x2913</value>
         <object_component_ref idref="oc-116"/>
      </symbol>
      <symbol id="sm-402">
         <name>IntTrigger</name>
         <value>0x2b4f</value>
         <object_component_ref idref="oc-116"/>
      </symbol>
      <symbol id="sm-403">
         <name>IntPriorityMaskSet</name>
         <value>0x2b3b</value>
         <object_component_ref idref="oc-116"/>
      </symbol>
      <symbol id="sm-404">
         <name>IntPriorityGroupingSet</name>
         <value>0x284d</value>
         <object_component_ref idref="oc-116"/>
      </symbol>
      <symbol id="sm-405">
         <name>IntDisable</name>
         <value>0x2985</value>
         <object_component_ref idref="oc-116"/>
      </symbol>
      <symbol id="sm-406">
         <name>IntRegister</name>
         <value>0x27e7</value>
         <object_component_ref idref="oc-116"/>
      </symbol>
      <symbol id="sm-407">
         <name>IntPriorityGet</name>
         <value>0x28ef</value>
         <object_component_ref idref="oc-116"/>
      </symbol>
      <symbol id="sm-408">
         <name>IntMasterDisable</name>
         <value>0x27d7</value>
         <object_component_ref idref="oc-116"/>
      </symbol>
      <symbol id="sm-409">
         <name>IntUnregister</name>
         <value>0x2839</value>
         <object_component_ref idref="oc-116"/>
      </symbol>
      <symbol id="sm-40a">
         <name>IntPriorityMaskGet</name>
         <value>0x2b47</value>
         <object_component_ref idref="oc-116"/>
      </symbol>
      <symbol id="sm-40b">
         <name>g_pfnRAMVectors</name>
         <value>0x20000000</value>
         <object_component_ref idref="oc-157"/>
      </symbol>
      <symbol id="sm-40c">
         <name>IntMasterEnable</name>
         <value>0x27c7</value>
         <object_component_ref idref="oc-116"/>
      </symbol>
      <symbol id="sm-40d">
         <name>IntPendSet</name>
         <value>0x2a7d</value>
         <object_component_ref idref="oc-116"/>
      </symbol>
      <symbol id="sm-4c5">
         <name>GPIOPinTypePWM</name>
         <value>0x1a3f</value>
         <object_component_ref idref="oc-104"/>
      </symbol>
      <symbol id="sm-4c6">
         <name>GPIOIntRegister</name>
         <value>0x17b3</value>
         <object_component_ref idref="oc-104"/>
      </symbol>
      <symbol id="sm-4c7">
         <name>GPIOPinConfigure</name>
         <value>0x1c27</value>
         <object_component_ref idref="oc-104"/>
      </symbol>
      <symbol id="sm-4c8">
         <name>GPIOPinTypeGPIOOutputOD</name>
         <value>0x1943</value>
         <object_component_ref idref="oc-104"/>
      </symbol>
      <symbol id="sm-4c9">
         <name>GPIOPinTypeI2CSCL</name>
         <value>0x198b</value>
         <object_component_ref idref="oc-104"/>
      </symbol>
      <symbol id="sm-4ca">
         <name>GPIOPinTypeUSBAnalog</name>
         <value>0x1af3</value>
         <object_component_ref idref="oc-104"/>
      </symbol>
      <symbol id="sm-4cb">
         <name>GPIOIntDisable</name>
         <value>0x1763</value>
         <object_component_ref idref="oc-104"/>
      </symbol>
      <symbol id="sm-4cc">
         <name>GPIODirModeGet</name>
         <value>0x122b</value>
         <object_component_ref idref="oc-104"/>
      </symbol>
      <symbol id="sm-4cd">
         <name>GPIOPinTypeWakeHigh</name>
         <value>0x1b3b</value>
         <object_component_ref idref="oc-104"/>
      </symbol>
      <symbol id="sm-4ce">
         <name>GPIOPinTypeWakeLow</name>
         <value>0x1b61</value>
         <object_component_ref idref="oc-104"/>
      </symbol>
      <symbol id="sm-4cf">
         <name>GPIOIntEnable</name>
         <value>0x1749</value>
         <object_component_ref idref="oc-104"/>
      </symbol>
      <symbol id="sm-4d0">
         <name>GPIOPinTypeI2C</name>
         <value>0x1967</value>
         <object_component_ref idref="oc-104"/>
      </symbol>
      <symbol id="sm-4d1">
         <name>GPIOPinTypeUSBDigital</name>
         <value>0x1b17</value>
         <object_component_ref idref="oc-104"/>
      </symbol>
      <symbol id="sm-4d2">
         <name>GPIOIntTypeSet</name>
         <value>0x1277</value>
         <object_component_ref idref="oc-104"/>
      </symbol>
      <symbol id="sm-4d3">
         <name>GPIOPinTypeADC</name>
         <value>0x1823</value>
         <object_component_ref idref="oc-104"/>
      </symbol>
      <symbol id="sm-4d4">
         <name>GPIODMATriggerDisable</name>
         <value>0x1ca3</value>
         <object_component_ref idref="oc-104"/>
      </symbol>
      <symbol id="sm-4d5">
         <name>GPIOPinTypeKBColumn</name>
         <value>0x1bab</value>
         <object_component_ref idref="oc-104"/>
      </symbol>
      <symbol id="sm-4d6">
         <name>GPIOPinTypeGPIOInput</name>
         <value>0x18fb</value>
         <object_component_ref idref="oc-104"/>
      </symbol>
      <symbol id="sm-4d7">
         <name>GPIOPinTypeLEDSeq</name>
         <value>0x1bcf</value>
         <object_component_ref idref="oc-104"/>
      </symbol>
      <symbol id="sm-4d8">
         <name>GPIOPinTypeLPC</name>
         <value>0x19d3</value>
         <object_component_ref idref="oc-104"/>
      </symbol>
      <symbol id="sm-4d9">
         <name>GPIOIntUnregister</name>
         <value>0x17d1</value>
         <object_component_ref idref="oc-104"/>
      </symbol>
      <symbol id="sm-4da">
         <name>GPIOPinTypeComparator</name>
         <value>0x186b</value>
         <object_component_ref idref="oc-104"/>
      </symbol>
      <symbol id="sm-4db">
         <name>GPIOPadConfigGet</name>
         <value>0x15f7</value>
         <object_component_ref idref="oc-104"/>
      </symbol>
      <symbol id="sm-4dc">
         <name>GPIOPinTypeKBRow</name>
         <value>0x1b87</value>
         <object_component_ref idref="oc-104"/>
      </symbol>
      <symbol id="sm-4dd">
         <name>GPIOIntClear</name>
         <value>0x179f</value>
         <object_component_ref idref="oc-104"/>
      </symbol>
      <symbol id="sm-4de">
         <name>GPIOADCTriggerEnable</name>
         <value>0x1cc1</value>
         <object_component_ref idref="oc-104"/>
      </symbol>
      <symbol id="sm-4df">
         <name>GPIOADCTriggerDisable</name>
         <value>0x1cdf</value>
         <object_component_ref idref="oc-104"/>
      </symbol>
      <symbol id="sm-4e0">
         <name>GPIOPinTypeUART</name>
         <value>0x1acf</value>
         <object_component_ref idref="oc-104"/>
      </symbol>
      <symbol id="sm-4e1">
         <name>GPIOIntStatus</name>
         <value>0x177d</value>
         <object_component_ref idref="oc-104"/>
      </symbol>
      <symbol id="sm-4e2">
         <name>GPIOPinTypeGPIOOutput</name>
         <value>0x191f</value>
         <object_component_ref idref="oc-104"/>
      </symbol>
      <symbol id="sm-4e3">
         <name>GPIOIntTypeGet</name>
         <value>0x131b</value>
         <object_component_ref idref="oc-104"/>
      </symbol>
      <symbol id="sm-4e4">
         <name>GPIOPinRead</name>
         <value>0x17eb</value>
         <object_component_ref idref="oc-104"/>
      </symbol>
      <symbol id="sm-4e5">
         <name>GPIODirModeSet</name>
         <value>0x11cf</value>
         <object_component_ref idref="oc-104"/>
      </symbol>
      <symbol id="sm-4e6">
         <name>GPIOPinTypeCIR</name>
         <value>0x1bf3</value>
         <object_component_ref idref="oc-104"/>
      </symbol>
      <symbol id="sm-4e7">
         <name>GPIOPinTypeQEI</name>
         <value>0x1a63</value>
         <object_component_ref idref="oc-104"/>
      </symbol>
      <symbol id="sm-4e8">
         <name>GPIODMATriggerEnable</name>
         <value>0x1c85</value>
         <object_component_ref idref="oc-104"/>
      </symbol>
      <symbol id="sm-4e9">
         <name>GPIOPinTypeEthernetMII</name>
         <value>0x18d7</value>
         <object_component_ref idref="oc-104"/>
      </symbol>
      <symbol id="sm-4ea">
         <name>GPIOPinWrite</name>
         <value>0x1803</value>
         <object_component_ref idref="oc-104"/>
      </symbol>
      <symbol id="sm-4eb">
         <name>GPIOPadConfigSet</name>
         <value>0x13b9</value>
         <object_component_ref idref="oc-104"/>
      </symbol>
      <symbol id="sm-4ec">
         <name>GPIOPinTypeLCD</name>
         <value>0x19af</value>
         <object_component_ref idref="oc-104"/>
      </symbol>
      <symbol id="sm-4ed">
         <name>GPIOPinTypeSSI</name>
         <value>0x1a87</value>
         <object_component_ref idref="oc-104"/>
      </symbol>
      <symbol id="sm-4ee">
         <name>GPIOPinTypeTimer</name>
         <value>0x1aab</value>
         <object_component_ref idref="oc-104"/>
      </symbol>
      <symbol id="sm-4ef">
         <name>GPIOPinTypeCAN</name>
         <value>0x1847</value>
         <object_component_ref idref="oc-104"/>
      </symbol>
      <symbol id="sm-4f0">
         <name>GPIOPinTypePECITx</name>
         <value>0x1a1b</value>
         <object_component_ref idref="oc-104"/>
      </symbol>
      <symbol id="sm-4f1">
         <name>GPIOPinTypePECIRx</name>
         <value>0x19f7</value>
         <object_component_ref idref="oc-104"/>
      </symbol>
      <symbol id="sm-4f2">
         <name>GPIOPinTypeEPI</name>
         <value>0x188f</value>
         <object_component_ref idref="oc-104"/>
      </symbol>
      <symbol id="sm-4f3">
         <name>GPIOPinTypeEthernetLED</name>
         <value>0x18b3</value>
         <object_component_ref idref="oc-104"/>
      </symbol>
      <symbol id="sm-4f4">
         <name>GPIOPinWakeStatus</name>
         <value>0x1c17</value>
         <object_component_ref idref="oc-104"/>
      </symbol>
      <symbol id="sm-503">
         <name>CPUbasepriGet</name>
         <value>0x33e7</value>
         <object_component_ref idref="oc-11c"/>
      </symbol>
      <symbol id="sm-504">
         <name>CPUbasepriSet</name>
         <value>0x33d9</value>
         <object_component_ref idref="oc-11c"/>
      </symbol>
      <symbol id="sm-505">
         <name>CPUprimask</name>
         <value>0x33bf</value>
         <object_component_ref idref="oc-11c"/>
      </symbol>
      <symbol id="sm-506">
         <name>CPUcpsie</name>
         <value>0x33c9</value>
         <object_component_ref idref="oc-11c"/>
      </symbol>
      <symbol id="sm-507">
         <name>CPUcpsid</name>
         <value>0x33b3</value>
         <object_component_ref idref="oc-11c"/>
      </symbol>
      <symbol id="sm-508">
         <name>CPUwfi</name>
         <value>0x33d5</value>
         <object_component_ref idref="oc-11c"/>
      </symbol>
      <symbol id="sm-518">
         <name>_c_int00</name>
         <value>0x32a1</value>
         <object_component_ref idref="oc-11"/>
      </symbol>
      <symbol id="sm-519">
         <name>__stack</name>
         <value>0x2000026c</value>
         <object_component_ref idref="oc-28"/>
      </symbol>
      <symbol id="sm-530">
         <name>__TI_decompress_none</name>
         <value>0x3467</value>
         <object_component_ref idref="oc-16"/>
      </symbol>
      <symbol id="sm-554">
         <name>__TI_decompress_rle24</name>
         <value>0x3487</value>
         <object_component_ref idref="oc-22"/>
      </symbol>
      <symbol id="sm-56d">
         <name>__TI_zero_init</name>
         <value>0x3455</value>
         <object_component_ref idref="oc-1c"/>
      </symbol>
      <symbol id="sm-58c">
         <name>C$$EXIT</name>
         <value>0x332d</value>
         <object_component_ref idref="oc-3d"/>
      </symbol>
      <symbol id="sm-58d">
         <name>abort</name>
         <value>0x3331</value>
         <object_component_ref idref="oc-3d"/>
      </symbol>
      <symbol id="sm-58e">
         <name>exit</name>
         <value>0x3339</value>
         <object_component_ref idref="oc-3d"/>
      </symbol>
      <symbol id="sm-58f">
         <name>__TI_dtors_ptr</name>
         <value>0x20000478</value>
         <object_component_ref idref="oc-86"/>
      </symbol>
      <symbol id="sm-590">
         <name>__TI_cleanup_ptr</name>
         <value>0x20000474</value>
         <object_component_ref idref="oc-86"/>
      </symbol>
      <symbol id="sm-5ab">
         <name>memcpy</name>
         <value>0x3111</value>
         <object_component_ref idref="oc-47"/>
      </symbol>
      <symbol id="sm-5ac">
         <name>__aeabi_memcpy</name>
         <value>0x3111</value>
         <object_component_ref idref="oc-47"/>
      </symbol>
      <symbol id="sm-5ad">
         <name>__aeabi_memcpy8</name>
         <value>0x3111</value>
         <object_component_ref idref="oc-47"/>
      </symbol>
      <symbol id="sm-5ae">
         <name>__aeabi_memcpy4</name>
         <value>0x3111</value>
         <object_component_ref idref="oc-47"/>
      </symbol>
      <symbol id="sm-5b6">
         <name>main_func_sp</name>
         <value>0x20000484</value>
         <object_component_ref idref="oc-43"/>
      </symbol>
      <symbol id="sm-5c6">
         <name>__aeabi_uidivmod</name>
         <value>0x3371</value>
         <object_component_ref idref="oc-f5"/>
      </symbol>
      <symbol id="sm-5df">
         <name>_nop</name>
         <value>0x344f</value>
         <object_component_ref idref="oc-bb"/>
      </symbol>
      <symbol id="sm-5e0">
         <name>_lock</name>
         <value>0x2000046c</value>
         <object_component_ref idref="oc-83"/>
      </symbol>
      <symbol id="sm-5e1">
         <name>_unlock</name>
         <value>0x20000470</value>
         <object_component_ref idref="oc-83"/>
      </symbol>
      <symbol id="sm-5e2">
         <name>_register_lock</name>
         <value>0x3447</value>
         <object_component_ref idref="oc-bb"/>
      </symbol>
      <symbol id="sm-5e3">
         <name>_register_unlock</name>
         <value>0x3441</value>
         <object_component_ref idref="oc-bb"/>
      </symbol>
      <symbol id="sm-5f7">
         <name>_args_main</name>
         <value>0x3429</value>
         <object_component_ref idref="oc-37"/>
      </symbol>
      <symbol id="sm-614">
         <name>__TI_auto_init</name>
         <value>0x31ad</value>
         <object_component_ref idref="oc-32"/>
      </symbol>
      <symbol id="sm-62d">
         <name>copy_in</name>
         <value>0x32e9</value>
         <object_component_ref idref="oc-74"/>
      </symbol>
      <symbol id="sm-62e">
         <name>__TI_static_base__</name>
         <value>0x0</value>
      </symbol>
      <symbol id="sm-62f">
         <name>__TI_args_main</name>
         <value>0x1</value>
      </symbol>
      <symbol id="sm-630">
         <name>SHT$$INIT_ARRAY$$Limit</name>
         <value>0x0</value>
      </symbol>
      <symbol id="sm-631">
         <name>SHT$$INIT_ARRAY$$Base</name>
         <value>0x0</value>
      </symbol>
   </symbol_table>
   <title>Link successful</title>
</link_info>
