******************************************************************************
                  TI ARM Linker PC v5.1.8                      
******************************************************************************
>> Linked Fri Oct 10 01:32:07 2014

OUTPUT FILE NAME:   <Control_Board.out>
ENTRY POINT SYMBOL: "_c_int00"  address: 000032a1


MEMORY CONFIGURATION

         name            origin    length      used     unused   attr    fill
----------------------  --------  ---------  --------  --------  ----  --------
  FLASH                 00000000   00040000  00003aac  0003c554  R  X
  SRAM                  20000000   00008000  00000488  00007b78  RW X


SEGMENT ALLOCATION MAP

run origin  load origin   length   init length attrs members
----------  ----------- ---------- ----------- ----- -------
00000000    00000000    00003ab0   00003ab0    r-x
  00000000    00000000    0000026c   0000026c    r-- .intvecs
  0000026c    0000026c    00003220   00003220    r-x .text
  0000348c    0000348c    000005e8   000005e8    r-- .const
  00003a78    00003a78    00000038   00000038    r-- .cinit
20000000    20000000    00000488   00000000    rw-
  20000000    20000000    0000026c   00000000    rw- .vtable
  2000026c    2000026c    00000200   00000000    rw- .stack
  2000046c    2000046c    0000001c   00000000    rw- .data


SECTION ALLOCATION MAP

 output                                  attributes/
section   page    origin      length       input sections
--------  ----  ----------  ----------   ----------------
.intvecs   0    00000000    0000026c     
                  00000000    0000026c     tm4c123gh6pm_startup_ccs.obj (.intvecs)

.init_array 
*          0    00000000    00000000     UNINITIALIZED

.text      0    0000026c    00003220     
                  0000026c    00000f00     sysctl.obj (.text)
                  0000116c    00000b98     gpio.obj (.text)
                  00001d04    00000622     uart.obj (.text)
                  00002326    00000002     MPU9250.obj (.text)
                  00002328    0000049c     uartstdio.obj (.text)
                  000027c4    000003c0     interrupt.obj (.text)
                  00002b84    00000352     ssi.obj (.text)
                  00002ed6    00000002     MS5611.obj (.text)
                  00002ed8    00000150     main.obj (.text)
                  00003028    000000e8     SPI.obj (.text)
                  00003110    0000009c     rtsv7M4_T_le_v4SPD16_eabi.lib : memcpy_t2.obj (.text)
                  000031ac    00000094                                   : auto_init.obj (.text)
                  00003240    0000005e                                   : copy_decompress_rle.obj (.text)
                  0000329e    00000002     --HOLE-- [fill = 0]
                  000032a0    00000048                                   : boot.obj (.text)
                  000032e8    00000044                                   : cpy_tbl.obj (.text)
                  0000332c    00000044                                   : exit.obj (.text)
                  00003370    00000042                                   : u_divt2.obj (.text)
                  000033b2    0000003e     cpu.obj (.text)
                  000033f0    00000036     IMU.obj (.text)
                  00003426    00000002     --HOLE-- [fill = 0]
                  00003428    00000018     rtsv7M4_T_le_v4SPD16_eabi.lib : args_main.obj (.text)
                  00003440    00000014                                   : _lock.obj (.text)
                  00003454    00000012                                   : copy_zero_init.obj (.text:decompress:ZI)
                  00003466    0000000e                                   : copy_decompress_none.obj (.text:decompress:none)
                  00003474    0000000c     tm4c123gh6pm_startup_ccs.obj (.text)
                  00003480    00000006     sysctl.obj (.text:SysCtlDelay)
                  00003486    00000006     rtsv7M4_T_le_v4SPD16_eabi.lib : copy_decompress_rle.obj (.text:decompress:rle24)

.const     0    0000348c    000005e8     
                  0000348c    00000120     sysctl.obj (.const:g_pppui32XTALtoVCO)
                  000035ac    000000c0     gpio.obj (.const:g_ppui32GPIOIntMapBlizzard)
                  0000366c    000000c0     gpio.obj (.const:g_ppui32GPIOIntMapSnowflake)
                  0000372c    0000009c     interrupt.obj (.const:g_pui32Regs)
                  000037c8    00000090     gpio.obj (.const:g_pui32GPIOBaseAddrs)
                  00003858    00000070     interrupt.obj (.const)
                  000038c8    0000006c     sysctl.obj (.const:g_pui32Xtals)
                  00003934    00000048     ssi.obj (.const)
                  0000397c    00000040     uart.obj (.const:g_ppui32UARTIntMap)
                  000039bc    00000040     uart.obj (.const:g_ppui32UARTIntMapSnowflake)
                  000039fc    00000030     sysctl.obj (.const:g_sXTALtoMEMTIM)
                  00003a2c    0000001c     uartstdio.obj (.const)
                  00003a48    00000012     uartstdio.obj (.const:.string)
                  00003a5a    00000002     --HOLE-- [fill = 0]
                  00003a5c    00000008     gpio.obj (.const)
                  00003a64    00000008     sysctl.obj (.const)
                  00003a6c    00000008     uart.obj (.const)

.cinit     0    00003a78    00000038     
                  00003a78    0000000f     (.cinit..data.load) [load image, compression = rle]
                  00003a87    00000001     --HOLE-- [fill = 0]
                  00003a88    0000000c     (__TI_handler_table)
                  00003a94    00000004     --HOLE-- [fill = 0]
                  00003a98    00000008     (.cinit..vtable.load) [load image, compression = zero_init]
                  00003aa0    00000010     (__TI_cinit_table)

.vtable    0    20000000    0000026c     UNINITIALIZED
                  20000000    0000026c     interrupt.obj (.vtable)

.stack     0    2000026c    00000200     UNINITIALIZED
                  2000026c    00000200     --HOLE--

.data      0    2000046c    0000001c     UNINITIALIZED
                  2000046c    00000008     rtsv7M4_T_le_v4SPD16_eabi.lib : _lock.obj (.data)
                  20000474    00000008                                   : exit.obj (.data)
                  2000047c    00000005     uartstdio.obj (.data)
                  20000481    00000003     --HOLE--
                  20000484    00000004     rtsv7M4_T_le_v4SPD16_eabi.lib : stkdepth_vars.obj (.data)


LINKER GENERATED COPY TABLES

__TI_cinit_table @ 00003aa0 records: 2, size/record: 8, table size: 16
	.data: load addr=00003a78, load size=0000000f bytes, run addr=2000046c, run size=0000001c bytes, compression=rle
	.vtable: load addr=00003a98, load size=00000008 bytes, run addr=20000000, run size=0000026c bytes, compression=zero_init


LINKER GENERATED HANDLER TABLE

__TI_handler_table @ 00003a88 records: 3, size/record: 4, table size: 12
	index: 0, handler: __TI_zero_init
	index: 1, handler: __TI_decompress_rle24
	index: 2, handler: __TI_decompress_none


GLOBAL SYMBOLS: SORTED ALPHABETICALLY BY Name 

address    name
--------   ----
0000332d   C$$EXIT
000033e7   CPUbasepriGet
000033d9   CPUbasepriSet
000033b3   CPUcpsid
000033c9   CPUcpsie
000033bf   CPUprimask
000033d5   CPUwfi
00001cdf   GPIOADCTriggerDisable
00001cc1   GPIOADCTriggerEnable
00001ca3   GPIODMATriggerDisable
00001c85   GPIODMATriggerEnable
0000122b   GPIODirModeGet
000011cf   GPIODirModeSet
0000179f   GPIOIntClear
00001763   GPIOIntDisable
00001749   GPIOIntEnable
000017b3   GPIOIntRegister
0000177d   GPIOIntStatus
0000131b   GPIOIntTypeGet
00001277   GPIOIntTypeSet
000017d1   GPIOIntUnregister
000015f7   GPIOPadConfigGet
000013b9   GPIOPadConfigSet
00001c27   GPIOPinConfigure
000017eb   GPIOPinRead
00001823   GPIOPinTypeADC
00001847   GPIOPinTypeCAN
00001bf3   GPIOPinTypeCIR
0000186b   GPIOPinTypeComparator
0000188f   GPIOPinTypeEPI
000018b3   GPIOPinTypeEthernetLED
000018d7   GPIOPinTypeEthernetMII
000018fb   GPIOPinTypeGPIOInput
0000191f   GPIOPinTypeGPIOOutput
00001943   GPIOPinTypeGPIOOutputOD
00001967   GPIOPinTypeI2C
0000198b   GPIOPinTypeI2CSCL
00001bab   GPIOPinTypeKBColumn
00001b87   GPIOPinTypeKBRow
000019af   GPIOPinTypeLCD
00001bcf   GPIOPinTypeLEDSeq
000019d3   GPIOPinTypeLPC
000019f7   GPIOPinTypePECIRx
00001a1b   GPIOPinTypePECITx
00001a3f   GPIOPinTypePWM
00001a63   GPIOPinTypeQEI
00001a87   GPIOPinTypeSSI
00001aab   GPIOPinTypeTimer
00001acf   GPIOPinTypeUART
00001af3   GPIOPinTypeUSBAnalog
00001b17   GPIOPinTypeUSBDigital
00001b3b   GPIOPinTypeWakeHigh
00001b61   GPIOPinTypeWakeLow
00001c17   GPIOPinWakeStatus
00001803   GPIOPinWrite
00002f5f   GPIO_Init
000033f1   IMU_Init
00002985   IntDisable
00002913   IntEnable
000029f7   IntIsEnabled
000027d7   IntMasterDisable
000027c7   IntMasterEnable
00002aed   IntPendClear
00002a7d   IntPendSet
000028ef   IntPriorityGet
00002867   IntPriorityGroupingGet
0000284d   IntPriorityGroupingSet
00002b47   IntPriorityMaskGet
00002b3b   IntPriorityMaskSet
0000289f   IntPrioritySet
000027e7   IntRegister
00002b4f   IntTrigger
00002839   IntUnregister
00002327   MPU9250_Init
00002ed7   MS5611_Init
00003475   ResetISR
UNDEFED    SHT$$INIT_ARRAY$$Base
UNDEFED    SHT$$INIT_ARRAY$$Limit
00003029   SPI_Init
00002e59   SSIAdvDataPutFrameEnd
00002e7f   SSIAdvDataPutFrameEndNonBlocking
00002ec1   SSIAdvFrameHoldDisable
00002eab   SSIAdvFrameHoldEnable
00002e3d   SSIAdvModeSet
00002ddf   SSIBusy
00002e11   SSIClockSourceGet
00002dfd   SSIClockSourceSet
00002be7   SSIConfigSetExpClk
00002dc7   SSIDMADisable
00002daf   SSIDMAEnable
00002d71   SSIDataGet
00002d8d   SSIDataGetNonBlocking
00002d37   SSIDataPut
00002d51   SSIDataPutNonBlocking
00002c89   SSIDisable
00002c73   SSIEnable
00002d25   SSIIntClear
00002cef   SSIIntDisable
00002cd7   SSIIntEnable
00002c9f   SSIIntRegister
00002d07   SSIIntStatus
00002cbd   SSIIntUnregister
00002ed9   SYS_Init
0000110b   SysCtlAltClkConfig
000008d9   SysCtlClockFreqSet
00000dbd   SysCtlClockGet
000010ef   SysCtlClockOutConfig
00000bf1   SysCtlClockSet
000007d9   SysCtlDeepSleep
00000f91   SysCtlDeepSleepClockConfigSet
00000f75   SysCtlDeepSleepClockSet
000007b9   SysCtlDeepSleepPowerSet
00003481   SysCtlDelay
00000365   SysCtlFlashSectorSizeGet
00000339   SysCtlFlashSizeGet
00001067   SysCtlGPIOAHBDisable
0000104b   SysCtlGPIOAHBEnable
0000074d   SysCtlIntClear
00000735   SysCtlIntDisable
00000721   SysCtlIntEnable
000006f9   SysCtlIntRegister
0000075d   SysCtlIntStatus
00000711   SysCtlIntUnregister
0000079f   SysCtlLDODeepSleepGet
0000078f   SysCtlLDODeepSleepSet
00000789   SysCtlLDOSleepGet
00000779   SysCtlLDOSleepSet
0000080f   SysCtlMOSCConfigSet
000010db   SysCtlNMIClear
000010d5   SysCtlNMIStatus
00000825   SysCtlPIOSCCalibrate
00001035   SysCtlPWMClockGet
0000101b   SysCtlPWMClockSet
000006a5   SysCtlPeripheralClockGating
0000065d   SysCtlPeripheralDeepSleepDisable
0000060d   SysCtlPeripheralDeepSleepEnable
00000549   SysCtlPeripheralDisable
0000050d   SysCtlPeripheralEnable
00000449   SysCtlPeripheralPowerOff
0000040d   SysCtlPeripheralPowerOn
0000038d   SysCtlPeripheralPresent
000003cd   SysCtlPeripheralReady
00000485   SysCtlPeripheralReset
000005d1   SysCtlPeripheralSleepDisable
0000058d   SysCtlPeripheralSleepEnable
000007c9   SysCtlReset
00000885   SysCtlResetBehaviorGet
00000875   SysCtlResetBehaviorSet
000007fb   SysCtlResetCauseClear
000007f5   SysCtlResetCauseGet
0000032f   SysCtlSRAMSizeGet
000007d1   SysCtlSleep
000007a5   SysCtlSleepPowerSet
00001095   SysCtlUSBPLLDisable
00001083   SysCtlUSBPLLEnable
000010c1   SysCtlVoltageEventClear
000010a5   SysCtlVoltageEventConfig
000010b5   SysCtlVoltageEventStatus
000022df   UART9BitAddrSend
000022b9   UART9BitAddrSet
000022a3   UART9BitDisable
0000228d   UART9BitEnable
00002133   UARTBreakCtl
0000215d   UARTBusy
000020db   UARTCharGet
000020bf   UARTCharGetNonBlocking
00002115   UARTCharPut
000020f1   UARTCharPutNonBlocking
00002083   UARTCharsAvail
0000227d   UARTClockSourceGet
00002269   UARTClockSourceSet
00001e4b   UARTConfigGetExpClk
00001dd5   UARTConfigSetExpClk
0000222f   UARTDMADisable
00002217   UARTDMAEnable
00001ebb   UARTDisable
00001f3f   UARTDisableSIR
00001e97   UARTEnable
00001f11   UARTEnableSIR
00001efb   UARTFIFODisable
00001ee5   UARTFIFOEnable
00001dad   UARTFIFOLevelGet
00001d95   UARTFIFOLevelSet
00002043   UARTFlowControlGet
00002027   UARTFlowControlSet
00002205   UARTIntClear
000021cf   UARTIntDisable
000021b7   UARTIntEnable
0000217b   UARTIntRegister
000021e7   UARTIntStatus
0000219d   UARTIntUnregister
00001fdd   UARTModemControlClear
00002001   UARTModemControlGet
00001f9d   UARTModemControlSet
00002013   UARTModemStatusGet
00001d83   UARTParityModeGet
00001d67   UARTParityModeSet
00002259   UARTRxErrorClear
00002247   UARTRxErrorGet
00001f87   UARTSmartCardDisable
00001f55   UARTSmartCardEnable
000020a1   UARTSpaceAvail
00002329   UARTStdioConfig
00002071   UARTTxIntModeGet
00002055   UARTTxIntModeSet
00002eff   UART_Init
0000246f   UARTgetc
000023b5   UARTgets
0000278f   UARTprintf
00002495   UARTvprintf
0000236f   UARTwrite
2000046c   __STACK_END
00000200   __STACK_SIZE
2000046c   __STACK_TOP
00003aa0   __TI_CINIT_Base
00003ab0   __TI_CINIT_Limit
00003a88   __TI_Handler_Table_Base
00003a94   __TI_Handler_Table_Limit
00000001   __TI_args_main
000031ad   __TI_auto_init
20000474   __TI_cleanup_ptr
00003467   __TI_decompress_none
00003487   __TI_decompress_rle24
20000478   __TI_dtors_ptr
00000000   __TI_static_base__
00003455   __TI_zero_init
00003111   __aeabi_memcpy
00003111   __aeabi_memcpy4
00003111   __aeabi_memcpy8
00003371   __aeabi_uidivmod
ffffffff   __binit__
ffffffff   __c_args__
2000026c   __stack
00003429   _args_main
000032a1   _c_int00
2000046c   _lock
0000344f   _nop
00003447   _register_lock
00003441   _register_unlock
20000470   _unlock
00003331   abort
ffffffff   binit
000032e9   copy_in
00003339   exit
20000000   g_pfnRAMVectors
00000000   g_pfnVectors
00002f7d   main
20000484   main_func_sp
00003111   memcpy


GLOBAL SYMBOLS: SORTED BY Symbol Address 

address    name
--------   ----
00000000   __TI_static_base__
00000000   g_pfnVectors
00000001   __TI_args_main
00000200   __STACK_SIZE
0000032f   SysCtlSRAMSizeGet
00000339   SysCtlFlashSizeGet
00000365   SysCtlFlashSectorSizeGet
0000038d   SysCtlPeripheralPresent
000003cd   SysCtlPeripheralReady
0000040d   SysCtlPeripheralPowerOn
00000449   SysCtlPeripheralPowerOff
00000485   SysCtlPeripheralReset
0000050d   SysCtlPeripheralEnable
00000549   SysCtlPeripheralDisable
0000058d   SysCtlPeripheralSleepEnable
000005d1   SysCtlPeripheralSleepDisable
0000060d   SysCtlPeripheralDeepSleepEnable
0000065d   SysCtlPeripheralDeepSleepDisable
000006a5   SysCtlPeripheralClockGating
000006f9   SysCtlIntRegister
00000711   SysCtlIntUnregister
00000721   SysCtlIntEnable
00000735   SysCtlIntDisable
0000074d   SysCtlIntClear
0000075d   SysCtlIntStatus
00000779   SysCtlLDOSleepSet
00000789   SysCtlLDOSleepGet
0000078f   SysCtlLDODeepSleepSet
0000079f   SysCtlLDODeepSleepGet
000007a5   SysCtlSleepPowerSet
000007b9   SysCtlDeepSleepPowerSet
000007c9   SysCtlReset
000007d1   SysCtlSleep
000007d9   SysCtlDeepSleep
000007f5   SysCtlResetCauseGet
000007fb   SysCtlResetCauseClear
0000080f   SysCtlMOSCConfigSet
00000825   SysCtlPIOSCCalibrate
00000875   SysCtlResetBehaviorSet
00000885   SysCtlResetBehaviorGet
000008d9   SysCtlClockFreqSet
00000bf1   SysCtlClockSet
00000dbd   SysCtlClockGet
00000f75   SysCtlDeepSleepClockSet
00000f91   SysCtlDeepSleepClockConfigSet
0000101b   SysCtlPWMClockSet
00001035   SysCtlPWMClockGet
0000104b   SysCtlGPIOAHBEnable
00001067   SysCtlGPIOAHBDisable
00001083   SysCtlUSBPLLEnable
00001095   SysCtlUSBPLLDisable
000010a5   SysCtlVoltageEventConfig
000010b5   SysCtlVoltageEventStatus
000010c1   SysCtlVoltageEventClear
000010d5   SysCtlNMIStatus
000010db   SysCtlNMIClear
000010ef   SysCtlClockOutConfig
0000110b   SysCtlAltClkConfig
000011cf   GPIODirModeSet
0000122b   GPIODirModeGet
00001277   GPIOIntTypeSet
0000131b   GPIOIntTypeGet
000013b9   GPIOPadConfigSet
000015f7   GPIOPadConfigGet
00001749   GPIOIntEnable
00001763   GPIOIntDisable
0000177d   GPIOIntStatus
0000179f   GPIOIntClear
000017b3   GPIOIntRegister
000017d1   GPIOIntUnregister
000017eb   GPIOPinRead
00001803   GPIOPinWrite
00001823   GPIOPinTypeADC
00001847   GPIOPinTypeCAN
0000186b   GPIOPinTypeComparator
0000188f   GPIOPinTypeEPI
000018b3   GPIOPinTypeEthernetLED
000018d7   GPIOPinTypeEthernetMII
000018fb   GPIOPinTypeGPIOInput
0000191f   GPIOPinTypeGPIOOutput
00001943   GPIOPinTypeGPIOOutputOD
00001967   GPIOPinTypeI2C
0000198b   GPIOPinTypeI2CSCL
000019af   GPIOPinTypeLCD
000019d3   GPIOPinTypeLPC
000019f7   GPIOPinTypePECIRx
00001a1b   GPIOPinTypePECITx
00001a3f   GPIOPinTypePWM
00001a63   GPIOPinTypeQEI
00001a87   GPIOPinTypeSSI
00001aab   GPIOPinTypeTimer
00001acf   GPIOPinTypeUART
00001af3   GPIOPinTypeUSBAnalog
00001b17   GPIOPinTypeUSBDigital
00001b3b   GPIOPinTypeWakeHigh
00001b61   GPIOPinTypeWakeLow
00001b87   GPIOPinTypeKBRow
00001bab   GPIOPinTypeKBColumn
00001bcf   GPIOPinTypeLEDSeq
00001bf3   GPIOPinTypeCIR
00001c17   GPIOPinWakeStatus
00001c27   GPIOPinConfigure
00001c85   GPIODMATriggerEnable
00001ca3   GPIODMATriggerDisable
00001cc1   GPIOADCTriggerEnable
00001cdf   GPIOADCTriggerDisable
00001d67   UARTParityModeSet
00001d83   UARTParityModeGet
00001d95   UARTFIFOLevelSet
00001dad   UARTFIFOLevelGet
00001dd5   UARTConfigSetExpClk
00001e4b   UARTConfigGetExpClk
00001e97   UARTEnable
00001ebb   UARTDisable
00001ee5   UARTFIFOEnable
00001efb   UARTFIFODisable
00001f11   UARTEnableSIR
00001f3f   UARTDisableSIR
00001f55   UARTSmartCardEnable
00001f87   UARTSmartCardDisable
00001f9d   UARTModemControlSet
00001fdd   UARTModemControlClear
00002001   UARTModemControlGet
00002013   UARTModemStatusGet
00002027   UARTFlowControlSet
00002043   UARTFlowControlGet
00002055   UARTTxIntModeSet
00002071   UARTTxIntModeGet
00002083   UARTCharsAvail
000020a1   UARTSpaceAvail
000020bf   UARTCharGetNonBlocking
000020db   UARTCharGet
000020f1   UARTCharPutNonBlocking
00002115   UARTCharPut
00002133   UARTBreakCtl
0000215d   UARTBusy
0000217b   UARTIntRegister
0000219d   UARTIntUnregister
000021b7   UARTIntEnable
000021cf   UARTIntDisable
000021e7   UARTIntStatus
00002205   UARTIntClear
00002217   UARTDMAEnable
0000222f   UARTDMADisable
00002247   UARTRxErrorGet
00002259   UARTRxErrorClear
00002269   UARTClockSourceSet
0000227d   UARTClockSourceGet
0000228d   UART9BitEnable
000022a3   UART9BitDisable
000022b9   UART9BitAddrSet
000022df   UART9BitAddrSend
00002327   MPU9250_Init
00002329   UARTStdioConfig
0000236f   UARTwrite
000023b5   UARTgets
0000246f   UARTgetc
00002495   UARTvprintf
0000278f   UARTprintf
000027c7   IntMasterEnable
000027d7   IntMasterDisable
000027e7   IntRegister
00002839   IntUnregister
0000284d   IntPriorityGroupingSet
00002867   IntPriorityGroupingGet
0000289f   IntPrioritySet
000028ef   IntPriorityGet
00002913   IntEnable
00002985   IntDisable
000029f7   IntIsEnabled
00002a7d   IntPendSet
00002aed   IntPendClear
00002b3b   IntPriorityMaskSet
00002b47   IntPriorityMaskGet
00002b4f   IntTrigger
00002be7   SSIConfigSetExpClk
00002c73   SSIEnable
00002c89   SSIDisable
00002c9f   SSIIntRegister
00002cbd   SSIIntUnregister
00002cd7   SSIIntEnable
00002cef   SSIIntDisable
00002d07   SSIIntStatus
00002d25   SSIIntClear
00002d37   SSIDataPut
00002d51   SSIDataPutNonBlocking
00002d71   SSIDataGet
00002d8d   SSIDataGetNonBlocking
00002daf   SSIDMAEnable
00002dc7   SSIDMADisable
00002ddf   SSIBusy
00002dfd   SSIClockSourceSet
00002e11   SSIClockSourceGet
00002e3d   SSIAdvModeSet
00002e59   SSIAdvDataPutFrameEnd
00002e7f   SSIAdvDataPutFrameEndNonBlocking
00002eab   SSIAdvFrameHoldEnable
00002ec1   SSIAdvFrameHoldDisable
00002ed7   MS5611_Init
00002ed9   SYS_Init
00002eff   UART_Init
00002f5f   GPIO_Init
00002f7d   main
00003029   SPI_Init
00003111   __aeabi_memcpy
00003111   __aeabi_memcpy4
00003111   __aeabi_memcpy8
00003111   memcpy
000031ad   __TI_auto_init
000032a1   _c_int00
000032e9   copy_in
0000332d   C$$EXIT
00003331   abort
00003339   exit
00003371   __aeabi_uidivmod
000033b3   CPUcpsid
000033bf   CPUprimask
000033c9   CPUcpsie
000033d5   CPUwfi
000033d9   CPUbasepriSet
000033e7   CPUbasepriGet
000033f1   IMU_Init
00003429   _args_main
00003441   _register_unlock
00003447   _register_lock
0000344f   _nop
00003455   __TI_zero_init
00003467   __TI_decompress_none
00003475   ResetISR
00003481   SysCtlDelay
00003487   __TI_decompress_rle24
00003a88   __TI_Handler_Table_Base
00003a94   __TI_Handler_Table_Limit
00003aa0   __TI_CINIT_Base
00003ab0   __TI_CINIT_Limit
20000000   g_pfnRAMVectors
2000026c   __stack
2000046c   __STACK_END
2000046c   __STACK_TOP
2000046c   _lock
20000470   _unlock
20000474   __TI_cleanup_ptr
20000478   __TI_dtors_ptr
20000484   main_func_sp
ffffffff   __binit__
ffffffff   __c_args__
ffffffff   binit
UNDEFED    SHT$$INIT_ARRAY$$Base
UNDEFED    SHT$$INIT_ARRAY$$Limit

[249 symbols]
