******************************************************************************
                  TI ARM Linker PC v5.1.8                      
******************************************************************************
>> Linked Thu Oct 09 01:15:24 2014

OUTPUT FILE NAME:   <Control_Board.out>
ENTRY POINT SYMBOL: "_c_int00"  address: 000022cd


MEMORY CONFIGURATION

         name            origin    length      used     unused   attr    fill
----------------------  --------  ---------  --------  --------  ----  --------
  FLASH                 00000000   00040000  00002862  0003d79e  R  X
  SRAM                  20000000   00008000  00000488  00007b78  RW X


SEGMENT ALLOCATION MAP

run origin  load origin   length   init length attrs members
----------  ----------- ---------- ----------- ----- -------
00000000    00000000    00002868   00002868    r-x
  00000000    00000000    0000026c   0000026c    r-- .intvecs
  0000026c    0000026c    00002236   00002236    r-x .text
  000024a4    000024a4    00000388   00000388    r-- .const
  00002830    00002830    00000038   00000038    r-- .cinit
20000000    20000000    00000488   00000000    rw-
  20000000    20000000    0000026c   00000000    rw- .vtable
  2000026c    2000026c    00000200   00000000    rw- .stack
  2000046c    2000046c    0000001c   00000000    rw- .data


SECTION ALLOCATION MAP

 output                                  attributes/
section   page    origin      length       input sections
--------  ----  ----------  ----------   ----------------
.intvecs   0    00000000    0000026c     
                  00000000    0000026c     tm4c123gh6pm_startup_ccs.obj (.intvecs)

.init_array 
*          0    00000000    00000000     UNINITIALIZED

.text      0    0000026c    00002236     
                  0000026c    00000f00     sysctl.obj (.text)
                  0000116c    00000622     uart.obj (.text)
                  0000178e    00000002     MPU9250.obj (.text)
                  00001790    0000049c     uartstdio.obj (.text)
                  00001c2c    000003c0     interrupt.obj (.text)
                  00001fec    00000150     main.obj (.text)
                  0000213c    0000009c     rtsv7M4_T_le_v4SPD16_eabi.lib : memcpy_t2.obj (.text)
                  000021d8    00000094                                   : auto_init.obj (.text)
                  0000226c    0000005e                                   : copy_decompress_rle.obj (.text)
                  000022ca    00000002     MS5611.obj (.text)
                  000022cc    00000048     rtsv7M4_T_le_v4SPD16_eabi.lib : boot.obj (.text)
                  00002314    00000044                                   : cpy_tbl.obj (.text)
                  00002358    00000044                                   : exit.obj (.text)
                  0000239c    00000042                                   : u_divt2.obj (.text)
                  000023de    0000003e     cpu.obj (.text)
                  0000241c    00000018     IMU.obj (.text)
                  00002434    00000018     rtsv7M4_T_le_v4SPD16_eabi.lib : args_main.obj (.text)
                  0000244c    00000014                                   : _lock.obj (.text)
                  00002460    00000012                                   : copy_zero_init.obj (.text:decompress:ZI)
                  00002472    0000000e                                   : copy_decompress_none.obj (.text:decompress:none)
                  00002480    0000000c     tm4c123gh6pm_startup_ccs.obj (.text)
                  0000248c    0000000a     SPI.obj (.text)
                  00002496    00000006     sysctl.obj (.text:SysCtlDelay)
                  0000249c    00000006     rtsv7M4_T_le_v4SPD16_eabi.lib : copy_decompress_rle.obj (.text:decompress:rle24)

.const     0    000024a4    00000388     
                  000024a4    00000120     sysctl.obj (.const:g_pppui32XTALtoVCO)
                  000025c4    0000009c     interrupt.obj (.const:g_pui32Regs)
                  00002660    00000070     interrupt.obj (.const)
                  000026d0    0000006c     sysctl.obj (.const:g_pui32Xtals)
                  0000273c    00000040     uart.obj (.const:g_ppui32UARTIntMap)
                  0000277c    00000040     uart.obj (.const:g_ppui32UARTIntMapSnowflake)
                  000027bc    00000030     sysctl.obj (.const:g_sXTALtoMEMTIM)
                  000027ec    0000001c     uartstdio.obj (.const)
                  00002808    00000012     uartstdio.obj (.const:.string)
                  0000281a    00000002     --HOLE-- [fill = 0]
                  0000281c    00000008     sysctl.obj (.const)
                  00002824    00000008     uart.obj (.const)

.cinit     0    00002830    00000038     
                  00002830    0000000f     (.cinit..data.load) [load image, compression = rle]
                  0000283f    00000001     --HOLE-- [fill = 0]
                  00002840    0000000c     (__TI_handler_table)
                  0000284c    00000004     --HOLE-- [fill = 0]
                  00002850    00000008     (.cinit..vtable.load) [load image, compression = zero_init]
                  00002858    00000010     (__TI_cinit_table)

.vtable    0    20000000    0000026c     UNINITIALIZED
                  20000000    0000026c     interrupt.obj (.vtable)

.stack     0    2000026c    00000200     UNINITIALIZED
                  2000026c    00000200     --HOLE--

.data      0    2000046c    0000001c     UNINITIALIZED
                  2000046c    00000008     rtsv7M4_T_le_v4SPD16_eabi.lib : _lock.obj (.data)
                  20000474    00000008                                   : exit.obj (.data)
                  2000047c    00000005     uartstdio.obj (.data)
                  20000481    00000003     --HOLE--
                  20000484    00000004     rtsv7M4_T_le_v4SPD16_eabi.lib : stkdepth_vars.obj (.data)


LINKER GENERATED COPY TABLES

__TI_cinit_table @ 00002858 records: 2, size/record: 8, table size: 16
	.data: load addr=00002830, load size=0000000f bytes, run addr=2000046c, run size=0000001c bytes, compression=rle
	.vtable: load addr=00002850, load size=00000008 bytes, run addr=20000000, run size=0000026c bytes, compression=zero_init


LINKER GENERATED HANDLER TABLE

__TI_handler_table @ 00002840 records: 3, size/record: 4, table size: 12
	index: 0, handler: __TI_zero_init
	index: 1, handler: __TI_decompress_rle24
	index: 2, handler: __TI_decompress_none


GLOBAL SYMBOLS: SORTED ALPHABETICALLY BY Name 

address    name
--------   ----
00002359   C$$EXIT
00002413   CPUbasepriGet
00002405   CPUbasepriSet
000023df   CPUcpsid
000023f5   CPUcpsie
000023eb   CPUprimask
00002401   CPUwfi
00002073   GPIO_Init
0000241d   IMU_Init
00001ded   IntDisable
00001d7b   IntEnable
00001e5f   IntIsEnabled
00001c3f   IntMasterDisable
00001c2f   IntMasterEnable
00001f55   IntPendClear
00001ee5   IntPendSet
00001d57   IntPriorityGet
00001ccf   IntPriorityGroupingGet
00001cb5   IntPriorityGroupingSet
00001faf   IntPriorityMaskGet
00001fa3   IntPriorityMaskSet
00001d07   IntPrioritySet
00001c4f   IntRegister
00001fb7   IntTrigger
00001ca1   IntUnregister
0000178f   MPU9250_Init
000022cb   MS5611_Init
00002481   ResetISR
UNDEFED    SHT$$INIT_ARRAY$$Base
UNDEFED    SHT$$INIT_ARRAY$$Limit
0000248d   SPI_Init
00001fed   SYS_Init
0000110b   SysCtlAltClkConfig
000008d9   SysCtlClockFreqSet
00000dbd   SysCtlClockGet
000010ef   SysCtlClockOutConfig
00000bf1   SysCtlClockSet
000007d9   SysCtlDeepSleep
00000f91   SysCtlDeepSleepClockConfigSet
00000f75   SysCtlDeepSleepClockSet
000007b9   SysCtlDeepSleepPowerSet
00002497   SysCtlDelay
00000365   SysCtlFlashSectorSizeGet
00000339   SysCtlFlashSizeGet
00001067   SysCtlGPIOAHBDisable
0000104b   SysCtlGPIOAHBEnable
0000074d   SysCtlIntClear
00000735   SysCtlIntDisable
00000721   SysCtlIntEnable
000006f9   SysCtlIntRegister
0000075d   SysCtlIntStatus
00000711   SysCtlIntUnregister
0000079f   SysCtlLDODeepSleepGet
0000078f   SysCtlLDODeepSleepSet
00000789   SysCtlLDOSleepGet
00000779   SysCtlLDOSleepSet
0000080f   SysCtlMOSCConfigSet
000010db   SysCtlNMIClear
000010d5   SysCtlNMIStatus
00000825   SysCtlPIOSCCalibrate
00001035   SysCtlPWMClockGet
0000101b   SysCtlPWMClockSet
000006a5   SysCtlPeripheralClockGating
0000065d   SysCtlPeripheralDeepSleepDisable
0000060d   SysCtlPeripheralDeepSleepEnable
00000549   SysCtlPeripheralDisable
0000050d   SysCtlPeripheralEnable
00000449   SysCtlPeripheralPowerOff
0000040d   SysCtlPeripheralPowerOn
0000038d   SysCtlPeripheralPresent
000003cd   SysCtlPeripheralReady
00000485   SysCtlPeripheralReset
000005d1   SysCtlPeripheralSleepDisable
0000058d   SysCtlPeripheralSleepEnable
000007c9   SysCtlReset
00000885   SysCtlResetBehaviorGet
00000875   SysCtlResetBehaviorSet
000007fb   SysCtlResetCauseClear
000007f5   SysCtlResetCauseGet
0000032f   SysCtlSRAMSizeGet
000007d1   SysCtlSleep
000007a5   SysCtlSleepPowerSet
00001095   SysCtlUSBPLLDisable
00001083   SysCtlUSBPLLEnable
000010c1   SysCtlVoltageEventClear
000010a5   SysCtlVoltageEventConfig
000010b5   SysCtlVoltageEventStatus
00001747   UART9BitAddrSend
00001721   UART9BitAddrSet
0000170b   UART9BitDisable
000016f5   UART9BitEnable
0000159b   UARTBreakCtl
000015c5   UARTBusy
00001543   UARTCharGet
00001527   UARTCharGetNonBlocking
0000157d   UARTCharPut
00001559   UARTCharPutNonBlocking
000014eb   UARTCharsAvail
000016e5   UARTClockSourceGet
000016d1   UARTClockSourceSet
000012b3   UARTConfigGetExpClk
0000123d   UARTConfigSetExpClk
00001697   UARTDMADisable
0000167f   UARTDMAEnable
00001323   UARTDisable
000013a7   UARTDisableSIR
000012ff   UARTEnable
00001379   UARTEnableSIR
00001363   UARTFIFODisable
0000134d   UARTFIFOEnable
00001215   UARTFIFOLevelGet
000011fd   UARTFIFOLevelSet
000014ab   UARTFlowControlGet
0000148f   UARTFlowControlSet
0000166d   UARTIntClear
00001637   UARTIntDisable
0000161f   UARTIntEnable
000015e3   UARTIntRegister
0000164f   UARTIntStatus
00001605   UARTIntUnregister
00001445   UARTModemControlClear
00001469   UARTModemControlGet
00001405   UARTModemControlSet
0000147b   UARTModemStatusGet
000011eb   UARTParityModeGet
000011cf   UARTParityModeSet
000016c1   UARTRxErrorClear
000016af   UARTRxErrorGet
000013ef   UARTSmartCardDisable
000013bd   UARTSmartCardEnable
00001509   UARTSpaceAvail
00001791   UARTStdioConfig
000014d9   UARTTxIntModeGet
000014bd   UARTTxIntModeSet
00002013   UART_Init
000018d7   UARTgetc
0000181d   UARTgets
00001bf7   UARTprintf
000018fd   UARTvprintf
000017d7   UARTwrite
2000046c   __STACK_END
00000200   __STACK_SIZE
2000046c   __STACK_TOP
00002858   __TI_CINIT_Base
00002868   __TI_CINIT_Limit
00002840   __TI_Handler_Table_Base
0000284c   __TI_Handler_Table_Limit
00000001   __TI_args_main
000021d9   __TI_auto_init
20000474   __TI_cleanup_ptr
00002473   __TI_decompress_none
0000249d   __TI_decompress_rle24
20000478   __TI_dtors_ptr
00000000   __TI_static_base__
00002461   __TI_zero_init
0000213d   __aeabi_memcpy
0000213d   __aeabi_memcpy4
0000213d   __aeabi_memcpy8
0000239d   __aeabi_uidivmod
ffffffff   __binit__
ffffffff   __c_args__
2000026c   __stack
00002435   _args_main
000022cd   _c_int00
2000046c   _lock
0000245b   _nop
00002453   _register_lock
0000244d   _register_unlock
20000470   _unlock
0000235d   abort
ffffffff   binit
00002315   copy_in
00002365   exit
20000000   g_pfnRAMVectors
00000000   g_pfnVectors
00002091   main
20000484   main_func_sp
0000213d   memcpy


GLOBAL SYMBOLS: SORTED BY Symbol Address 

address    name
--------   ----
00000000   __TI_static_base__
00000000   g_pfnVectors
00000001   __TI_args_main
00000200   __STACK_SIZE
0000032f   SysCtlSRAMSizeGet
00000339   SysCtlFlashSizeGet
00000365   SysCtlFlashSectorSizeGet
0000038d   SysCtlPeripheralPresent
000003cd   SysCtlPeripheralReady
0000040d   SysCtlPeripheralPowerOn
00000449   SysCtlPeripheralPowerOff
00000485   SysCtlPeripheralReset
0000050d   SysCtlPeripheralEnable
00000549   SysCtlPeripheralDisable
0000058d   SysCtlPeripheralSleepEnable
000005d1   SysCtlPeripheralSleepDisable
0000060d   SysCtlPeripheralDeepSleepEnable
0000065d   SysCtlPeripheralDeepSleepDisable
000006a5   SysCtlPeripheralClockGating
000006f9   SysCtlIntRegister
00000711   SysCtlIntUnregister
00000721   SysCtlIntEnable
00000735   SysCtlIntDisable
0000074d   SysCtlIntClear
0000075d   SysCtlIntStatus
00000779   SysCtlLDOSleepSet
00000789   SysCtlLDOSleepGet
0000078f   SysCtlLDODeepSleepSet
0000079f   SysCtlLDODeepSleepGet
000007a5   SysCtlSleepPowerSet
000007b9   SysCtlDeepSleepPowerSet
000007c9   SysCtlReset
000007d1   SysCtlSleep
000007d9   SysCtlDeepSleep
000007f5   SysCtlResetCauseGet
000007fb   SysCtlResetCauseClear
0000080f   SysCtlMOSCConfigSet
00000825   SysCtlPIOSCCalibrate
00000875   SysCtlResetBehaviorSet
00000885   SysCtlResetBehaviorGet
000008d9   SysCtlClockFreqSet
00000bf1   SysCtlClockSet
00000dbd   SysCtlClockGet
00000f75   SysCtlDeepSleepClockSet
00000f91   SysCtlDeepSleepClockConfigSet
0000101b   SysCtlPWMClockSet
00001035   SysCtlPWMClockGet
0000104b   SysCtlGPIOAHBEnable
00001067   SysCtlGPIOAHBDisable
00001083   SysCtlUSBPLLEnable
00001095   SysCtlUSBPLLDisable
000010a5   SysCtlVoltageEventConfig
000010b5   SysCtlVoltageEventStatus
000010c1   SysCtlVoltageEventClear
000010d5   SysCtlNMIStatus
000010db   SysCtlNMIClear
000010ef   SysCtlClockOutConfig
0000110b   SysCtlAltClkConfig
000011cf   UARTParityModeSet
000011eb   UARTParityModeGet
000011fd   UARTFIFOLevelSet
00001215   UARTFIFOLevelGet
0000123d   UARTConfigSetExpClk
000012b3   UARTConfigGetExpClk
000012ff   UARTEnable
00001323   UARTDisable
0000134d   UARTFIFOEnable
00001363   UARTFIFODisable
00001379   UARTEnableSIR
000013a7   UARTDisableSIR
000013bd   UARTSmartCardEnable
000013ef   UARTSmartCardDisable
00001405   UARTModemControlSet
00001445   UARTModemControlClear
00001469   UARTModemControlGet
0000147b   UARTModemStatusGet
0000148f   UARTFlowControlSet
000014ab   UARTFlowControlGet
000014bd   UARTTxIntModeSet
000014d9   UARTTxIntModeGet
000014eb   UARTCharsAvail
00001509   UARTSpaceAvail
00001527   UARTCharGetNonBlocking
00001543   UARTCharGet
00001559   UARTCharPutNonBlocking
0000157d   UARTCharPut
0000159b   UARTBreakCtl
000015c5   UARTBusy
000015e3   UARTIntRegister
00001605   UARTIntUnregister
0000161f   UARTIntEnable
00001637   UARTIntDisable
0000164f   UARTIntStatus
0000166d   UARTIntClear
0000167f   UARTDMAEnable
00001697   UARTDMADisable
000016af   UARTRxErrorGet
000016c1   UARTRxErrorClear
000016d1   UARTClockSourceSet
000016e5   UARTClockSourceGet
000016f5   UART9BitEnable
0000170b   UART9BitDisable
00001721   UART9BitAddrSet
00001747   UART9BitAddrSend
0000178f   MPU9250_Init
00001791   UARTStdioConfig
000017d7   UARTwrite
0000181d   UARTgets
000018d7   UARTgetc
000018fd   UARTvprintf
00001bf7   UARTprintf
00001c2f   IntMasterEnable
00001c3f   IntMasterDisable
00001c4f   IntRegister
00001ca1   IntUnregister
00001cb5   IntPriorityGroupingSet
00001ccf   IntPriorityGroupingGet
00001d07   IntPrioritySet
00001d57   IntPriorityGet
00001d7b   IntEnable
00001ded   IntDisable
00001e5f   IntIsEnabled
00001ee5   IntPendSet
00001f55   IntPendClear
00001fa3   IntPriorityMaskSet
00001faf   IntPriorityMaskGet
00001fb7   IntTrigger
00001fed   SYS_Init
00002013   UART_Init
00002073   GPIO_Init
00002091   main
0000213d   __aeabi_memcpy
0000213d   __aeabi_memcpy4
0000213d   __aeabi_memcpy8
0000213d   memcpy
000021d9   __TI_auto_init
000022cb   MS5611_Init
000022cd   _c_int00
00002315   copy_in
00002359   C$$EXIT
0000235d   abort
00002365   exit
0000239d   __aeabi_uidivmod
000023df   CPUcpsid
000023eb   CPUprimask
000023f5   CPUcpsie
00002401   CPUwfi
00002405   CPUbasepriSet
00002413   CPUbasepriGet
0000241d   IMU_Init
00002435   _args_main
0000244d   _register_unlock
00002453   _register_lock
0000245b   _nop
00002461   __TI_zero_init
00002473   __TI_decompress_none
00002481   ResetISR
0000248d   SPI_Init
00002497   SysCtlDelay
0000249d   __TI_decompress_rle24
00002840   __TI_Handler_Table_Base
0000284c   __TI_Handler_Table_Limit
00002858   __TI_CINIT_Base
00002868   __TI_CINIT_Limit
20000000   g_pfnRAMVectors
2000026c   __stack
2000046c   __STACK_END
2000046c   __STACK_TOP
2000046c   _lock
20000470   _unlock
20000474   __TI_cleanup_ptr
20000478   __TI_dtors_ptr
20000484   main_func_sp
ffffffff   __binit__
ffffffff   __c_args__
ffffffff   binit
UNDEFED    SHT$$INIT_ARRAY$$Base
UNDEFED    SHT$$INIT_ARRAY$$Limit

[178 symbols]
