<?xml version="1.0"?>
<link_info>
   <banner>TI ARM Linker PC v5.1.8</banner>
   <copyright>Copyright (c) 1996-2014 Texas Instruments Incorporated</copyright>
   <link_time>0x542e3d52</link_time>
   <link_errors>0x0</link_errors>
   <output_file>Control_Board.out</output_file>
   <entry_point>
      <name>_c_int00</name>
      <address>0x1ca5</address>
   </entry_point>
   <input_file_list>
      <input_file id="fl-2">
         <path>.\</path>
         <kind>object</kind>
         <file>main.obj</file>
         <name>main.obj</name>
      </input_file>
      <input_file id="fl-3">
         <path>.\</path>
         <kind>object</kind>
         <file>tm4c123gh6pm_startup_ccs.obj</file>
         <name>tm4c123gh6pm_startup_ccs.obj</name>
      </input_file>
      <input_file id="fl-4">
         <path>.\utils\</path>
         <kind>object</kind>
         <file>uartstdio.obj</file>
         <name>uartstdio.obj</name>
      </input_file>
      <input_file id="fl-5">
         <path>.\driverlib\UART\</path>
         <kind>object</kind>
         <file>uart.obj</file>
         <name>uart.obj</name>
      </input_file>
      <input_file id="fl-6">
         <path>.\driverlib\SysCtl\</path>
         <kind>object</kind>
         <file>sysctl.obj</file>
         <name>sysctl.obj</name>
      </input_file>
      <input_file id="fl-7">
         <path>.\driverlib\SPI\</path>
         <kind>object</kind>
         <file>ssi.obj</file>
         <name>ssi.obj</name>
      </input_file>
      <input_file id="fl-8">
         <path>.\driverlib\Interrupt\</path>
         <kind>object</kind>
         <file>interrupt.obj</file>
         <name>interrupt.obj</name>
      </input_file>
      <input_file id="fl-9">
         <path>.\driverlib\GPIO\</path>
         <kind>object</kind>
         <file>gpio.obj</file>
         <name>gpio.obj</name>
      </input_file>
      <input_file id="fl-a">
         <path>.\driverlib\CPU\</path>
         <kind>object</kind>
         <file>cpu.obj</file>
         <name>cpu.obj</name>
      </input_file>
      <input_file id="fl-137">
         <path>G:\MyDocuments\Projects\01_SW\ti\CCS_6\ccsv6\tools\compiler\arm_5.1.8\lib\</path>
         <kind>archive</kind>
         <file>rtsv7M4_T_le_v4SPD16_eabi.lib</file>
         <name>boot.obj</name>
      </input_file>
      <input_file id="fl-138">
         <path>G:\MyDocuments\Projects\01_SW\ti\CCS_6\ccsv6\tools\compiler\arm_5.1.8\lib\</path>
         <kind>archive</kind>
         <file>rtsv7M4_T_le_v4SPD16_eabi.lib</file>
         <name>copy_decompress_none.obj</name>
      </input_file>
      <input_file id="fl-139">
         <path>G:\MyDocuments\Projects\01_SW\ti\CCS_6\ccsv6\tools\compiler\arm_5.1.8\lib\</path>
         <kind>archive</kind>
         <file>rtsv7M4_T_le_v4SPD16_eabi.lib</file>
         <name>copy_decompress_rle.obj</name>
      </input_file>
      <input_file id="fl-13a">
         <path>G:\MyDocuments\Projects\01_SW\ti\CCS_6\ccsv6\tools\compiler\arm_5.1.8\lib\</path>
         <kind>archive</kind>
         <file>rtsv7M4_T_le_v4SPD16_eabi.lib</file>
         <name>copy_zero_init.obj</name>
      </input_file>
      <input_file id="fl-13b">
         <path>G:\MyDocuments\Projects\01_SW\ti\CCS_6\ccsv6\tools\compiler\arm_5.1.8\lib\</path>
         <kind>archive</kind>
         <file>rtsv7M4_T_le_v4SPD16_eabi.lib</file>
         <name>exit.obj</name>
      </input_file>
      <input_file id="fl-13c">
         <path>G:\MyDocuments\Projects\01_SW\ti\CCS_6\ccsv6\tools\compiler\arm_5.1.8\lib\</path>
         <kind>archive</kind>
         <file>rtsv7M4_T_le_v4SPD16_eabi.lib</file>
         <name>memcpy_t2.obj</name>
      </input_file>
      <input_file id="fl-13d">
         <path>G:\MyDocuments\Projects\01_SW\ti\CCS_6\ccsv6\tools\compiler\arm_5.1.8\lib\</path>
         <kind>archive</kind>
         <file>rtsv7M4_T_le_v4SPD16_eabi.lib</file>
         <name>stkdepth_vars.obj</name>
      </input_file>
      <input_file id="fl-13e">
         <path>G:\MyDocuments\Projects\01_SW\ti\CCS_6\ccsv6\tools\compiler\arm_5.1.8\lib\</path>
         <kind>archive</kind>
         <file>rtsv7M4_T_le_v4SPD16_eabi.lib</file>
         <name>u_divt2.obj</name>
      </input_file>
      <input_file id="fl-13f">
         <path>G:\MyDocuments\Projects\01_SW\ti\CCS_6\ccsv6\tools\compiler\arm_5.1.8\lib\</path>
         <kind>archive</kind>
         <file>rtsv7M4_T_le_v4SPD16_eabi.lib</file>
         <name>_lock.obj</name>
      </input_file>
      <input_file id="fl-140">
         <path>G:\MyDocuments\Projects\01_SW\ti\CCS_6\ccsv6\tools\compiler\arm_5.1.8\lib\</path>
         <kind>archive</kind>
         <file>rtsv7M4_T_le_v4SPD16_eabi.lib</file>
         <name>args_main.obj</name>
      </input_file>
      <input_file id="fl-141">
         <path>G:\MyDocuments\Projects\01_SW\ti\CCS_6\ccsv6\tools\compiler\arm_5.1.8\lib\</path>
         <kind>archive</kind>
         <file>rtsv7M4_T_le_v4SPD16_eabi.lib</file>
         <name>auto_init.obj</name>
      </input_file>
      <input_file id="fl-142">
         <path>G:\MyDocuments\Projects\01_SW\ti\CCS_6\ccsv6\tools\compiler\arm_5.1.8\lib\</path>
         <kind>archive</kind>
         <file>rtsv7M4_T_le_v4SPD16_eabi.lib</file>
         <name>cpy_tbl.obj</name>
      </input_file>
   </input_file_list>
   <object_component_list>
      <object_component id="oc-e">
         <name>.intvecs</name>
         <load_address>0x0</load_address>
         <run_address>0x0</run_address>
         <size>0x26c</size>
         <input_file_ref idref="fl-3"/>
      </object_component>
      <object_component id="oc-a7">
         <name>.text</name>
         <load_address>0x26c</load_address>
         <run_address>0x26c</run_address>
         <size>0x980</size>
         <input_file_ref idref="fl-6"/>
      </object_component>
      <object_component id="oc-ad">
         <name>.text</name>
         <load_address>0xbec</load_address>
         <run_address>0xbec</run_address>
         <size>0x5e8</size>
         <input_file_ref idref="fl-9"/>
      </object_component>
      <object_component id="oc-b9">
         <name>.text</name>
         <load_address>0x11d4</load_address>
         <run_address>0x11d4</run_address>
         <size>0x310</size>
         <input_file_ref idref="fl-4"/>
      </object_component>
      <object_component id="oc-b3">
         <name>.text</name>
         <load_address>0x14e4</load_address>
         <run_address>0x14e4</run_address>
         <size>0x2d0</size>
         <input_file_ref idref="fl-5"/>
      </object_component>
      <object_component id="oc-dd">
         <name>.text</name>
         <load_address>0x17b4</load_address>
         <run_address>0x17b4</run_address>
         <size>0x2a4</size>
         <input_file_ref idref="fl-8"/>
      </object_component>
      <object_component id="oc-7b">
         <name>.text</name>
         <load_address>0x1a58</load_address>
         <run_address>0x1a58</run_address>
         <size>0xbc</size>
         <input_file_ref idref="fl-2"/>
      </object_component>
      <object_component id="oc-47">
         <name>.text</name>
         <load_address>0x1b14</load_address>
         <run_address>0x1b14</run_address>
         <size>0x9c</size>
         <input_file_ref idref="fl-13c"/>
      </object_component>
      <object_component id="oc-32">
         <name>.text</name>
         <load_address>0x1bb0</load_address>
         <run_address>0x1bb0</run_address>
         <size>0x94</size>
         <input_file_ref idref="fl-141"/>
      </object_component>
      <object_component id="oc-5a">
         <name>.text</name>
         <load_address>0x1c44</load_address>
         <run_address>0x1c44</run_address>
         <size>0x5e</size>
         <input_file_ref idref="fl-139"/>
      </object_component>
      <object_component id="oc-11">
         <name>.text</name>
         <load_address>0x1ca4</load_address>
         <run_address>0x1ca4</run_address>
         <size>0x48</size>
         <input_file_ref idref="fl-137"/>
      </object_component>
      <object_component id="oc-74">
         <name>.text</name>
         <load_address>0x1cec</load_address>
         <run_address>0x1cec</run_address>
         <size>0x44</size>
         <input_file_ref idref="fl-142"/>
      </object_component>
      <object_component id="oc-3d">
         <name>.text</name>
         <load_address>0x1d30</load_address>
         <run_address>0x1d30</run_address>
         <size>0x44</size>
         <input_file_ref idref="fl-13b"/>
      </object_component>
      <object_component id="oc-10a">
         <name>.text</name>
         <load_address>0x1d74</load_address>
         <run_address>0x1d74</run_address>
         <size>0x42</size>
         <input_file_ref idref="fl-13e"/>
      </object_component>
      <object_component id="oc-e3">
         <name>.text</name>
         <load_address>0x1db6</load_address>
         <run_address>0x1db6</run_address>
         <size>0x36</size>
         <input_file_ref idref="fl-a"/>
      </object_component>
      <object_component id="oc-37">
         <name>.text</name>
         <load_address>0x1dec</load_address>
         <run_address>0x1dec</run_address>
         <size>0x18</size>
         <input_file_ref idref="fl-140"/>
      </object_component>
      <object_component id="oc-c8">
         <name>.text</name>
         <load_address>0x1e04</load_address>
         <run_address>0x1e04</run_address>
         <size>0x14</size>
         <input_file_ref idref="fl-13f"/>
      </object_component>
      <object_component id="oc-1c">
         <name>.text:decompress:ZI</name>
         <load_address>0x1e18</load_address>
         <run_address>0x1e18</run_address>
         <size>0x12</size>
         <input_file_ref idref="fl-13a"/>
      </object_component>
      <object_component id="oc-16">
         <name>.text:decompress:none</name>
         <load_address>0x1e2a</load_address>
         <run_address>0x1e2a</run_address>
         <size>0xe</size>
         <input_file_ref idref="fl-138"/>
      </object_component>
      <object_component id="oc-29">
         <name>.text</name>
         <load_address>0x1e38</load_address>
         <run_address>0x1e38</run_address>
         <size>0xc</size>
         <input_file_ref idref="fl-3"/>
      </object_component>
      <object_component id="oc-bf">
         <name>.text:SysCtlDelay</name>
         <load_address>0x1e44</load_address>
         <run_address>0x1e44</run_address>
         <size>0x6</size>
         <input_file_ref idref="fl-6"/>
      </object_component>
      <object_component id="oc-22">
         <name>.text:decompress:rle24</name>
         <load_address>0x1e4a</load_address>
         <run_address>0x1e4a</run_address>
         <size>0x6</size>
         <input_file_ref idref="fl-139"/>
      </object_component>
      <object_component id="oc-ef">
         <name>.const:g_pppui32XTALtoVCO</name>
         <load_address>0x1e50</load_address>
         <run_address>0x1e50</run_address>
         <size>0x120</size>
         <input_file_ref idref="fl-6"/>
      </object_component>
      <object_component id="oc-fa">
         <name>.const:g_ppui32GPIOIntMapBlizzard</name>
         <load_address>0x1f70</load_address>
         <run_address>0x1f70</run_address>
         <size>0xc0</size>
         <input_file_ref idref="fl-9"/>
      </object_component>
      <object_component id="oc-fd">
         <name>.const:g_ppui32GPIOIntMapSnowflake</name>
         <load_address>0x2030</load_address>
         <run_address>0x2030</run_address>
         <size>0xc0</size>
         <input_file_ref idref="fl-9"/>
      </object_component>
      <object_component id="oc-122">
         <name>.const:g_pui32Regs</name>
         <load_address>0x20f0</load_address>
         <run_address>0x20f0</run_address>
         <size>0x9c</size>
         <input_file_ref idref="fl-8"/>
      </object_component>
      <object_component id="oc-f7">
         <name>.const:g_pui32GPIOBaseAddrs</name>
         <load_address>0x218c</load_address>
         <run_address>0x218c</run_address>
         <size>0x90</size>
         <input_file_ref idref="fl-9"/>
      </object_component>
      <object_component id="oc-125">
         <name>.const</name>
         <load_address>0x221c</load_address>
         <run_address>0x221c</run_address>
         <size>0x70</size>
         <input_file_ref idref="fl-8"/>
      </object_component>
      <object_component id="oc-e9">
         <name>.const:g_pui32Xtals</name>
         <load_address>0x228c</load_address>
         <run_address>0x228c</run_address>
         <size>0x6c</size>
         <input_file_ref idref="fl-6"/>
      </object_component>
      <object_component id="oc-102">
         <name>.const:g_ppui32UARTIntMap</name>
         <load_address>0x22f8</load_address>
         <run_address>0x22f8</run_address>
         <size>0x40</size>
         <input_file_ref idref="fl-5"/>
      </object_component>
      <object_component id="oc-105">
         <name>.const:g_ppui32UARTIntMapSnowflake</name>
         <load_address>0x2338</load_address>
         <run_address>0x2338</run_address>
         <size>0x40</size>
         <input_file_ref idref="fl-5"/>
      </object_component>
      <object_component id="oc-ec">
         <name>.const:g_sXTALtoMEMTIM</name>
         <load_address>0x2378</load_address>
         <run_address>0x2378</run_address>
         <size>0x30</size>
         <input_file_ref idref="fl-6"/>
      </object_component>
      <object_component id="oc-112">
         <name>.const</name>
         <load_address>0x23a8</load_address>
         <run_address>0x23a8</run_address>
         <size>0x1c</size>
         <input_file_ref idref="fl-4"/>
      </object_component>
      <object_component id="oc-14b">
         <name>.const:.string</name>
         <load_address>0x23c4</load_address>
         <run_address>0x23c4</run_address>
         <size>0x12</size>
         <input_file_ref idref="fl-4"/>
      </object_component>
      <object_component id="oc-f2">
         <name>.const</name>
         <load_address>0x23d8</load_address>
         <run_address>0x23d8</run_address>
         <size>0x8</size>
         <input_file_ref idref="fl-6"/>
      </object_component>
      <object_component id="oc-17a">
         <name>.cinit..data.load</name>
         <load_address>0x23e0</load_address>
         <run_address>0x23e0</run_address>
         <size>0xf</size>
      </object_component>
      <object_component id="oc-177">
         <name>__TI_handler_table</name>
         <load_address>0x23f0</load_address>
         <run_address>0x23f0</run_address>
         <size>0xc</size>
      </object_component>
      <object_component id="oc-179">
         <name>.cinit..vtable.load</name>
         <load_address>0x2400</load_address>
         <run_address>0x2400</run_address>
         <size>0x8</size>
      </object_component>
      <object_component id="oc-178">
         <name>__TI_cinit_table</name>
         <load_address>0x2408</load_address>
         <run_address>0x2408</run_address>
         <size>0x10</size>
      </object_component>
      <object_component id="oc-11f">
         <name>.vtable</name>
         <uninitialized>true</uninitialized>
         <run_address>0x20000000</run_address>
         <size>0x26c</size>
         <input_file_ref idref="fl-8"/>
      </object_component>
      <object_component id="oc-43">
         <name>.data</name>
         <load_address>0x20000484</load_address>
         <run_address>0x20000484</run_address>
         <size>0x4</size>
         <input_file_ref idref="fl-13d"/>
      </object_component>
      <object_component id="oc-83">
         <name>.data</name>
         <load_address>0x2000046c</load_address>
         <run_address>0x2000046c</run_address>
         <size>0x8</size>
         <input_file_ref idref="fl-13f"/>
      </object_component>
      <object_component id="oc-86">
         <name>.data</name>
         <load_address>0x20000474</load_address>
         <run_address>0x20000474</run_address>
         <size>0x8</size>
         <input_file_ref idref="fl-13b"/>
      </object_component>
      <object_component id="oc-10f">
         <name>.data</name>
         <load_address>0x2000047c</load_address>
         <run_address>0x2000047c</run_address>
         <size>0x5</size>
         <input_file_ref idref="fl-4"/>
      </object_component>
      <object_component id="oc-28">
         <name>.stack</name>
         <uninitialized>true</uninitialized>
         <run_address>0x2000026c</run_address>
         <size>0x0</size>
         <input_file_ref idref="fl-137"/>
      </object_component>
      <object_component id="oc-17b">
         <name>.stack</name>
         <uninitialized>true</uninitialized>
         <run_address>0x2000026c</run_address>
         <size>0x0</size>
      </object_component>
      <object_component id="oc-f">
         <name>.debug_info</name>
         <load_address>0x0</load_address>
         <run_address>0x0</run_address>
         <size>0xf0</size>
         <input_file_ref idref="fl-3"/>
      </object_component>
      <object_component id="oc-14">
         <name>.debug_info</name>
         <load_address>0xf0</load_address>
         <run_address>0xf0</run_address>
         <size>0xf3</size>
         <input_file_ref idref="fl-137"/>
      </object_component>
      <object_component id="oc-1a">
         <name>.debug_info</name>
         <load_address>0x1e3</load_address>
         <run_address>0x1e3</run_address>
         <size>0x194</size>
         <input_file_ref idref="fl-138"/>
      </object_component>
      <object_component id="oc-20">
         <name>.debug_info</name>
         <load_address>0x377</load_address>
         <run_address>0x377</run_address>
         <size>0x16a</size>
         <input_file_ref idref="fl-13a"/>
      </object_component>
      <object_component id="oc-26">
         <name>.debug_info</name>
         <load_address>0x4e1</load_address>
         <run_address>0x4e1</run_address>
         <size>0x18e</size>
         <input_file_ref idref="fl-139"/>
      </object_component>
      <object_component id="oc-2b">
         <name>.debug_info</name>
         <load_address>0x66f</load_address>
         <run_address>0x66f</run_address>
         <size>0x26c</size>
         <input_file_ref idref="fl-3"/>
      </object_component>
      <object_component id="oc-31">
         <name>.debug_info</name>
         <load_address>0x8db</load_address>
         <run_address>0x8db</run_address>
         <size>0x10b</size>
         <input_file_ref idref="fl-3"/>
      </object_component>
      <object_component id="oc-33">
         <name>.debug_info</name>
         <load_address>0x9e6</load_address>
         <run_address>0x9e6</run_address>
         <size>0x13d</size>
         <input_file_ref idref="fl-141"/>
      </object_component>
      <object_component id="oc-3b">
         <name>.debug_info</name>
         <load_address>0xb23</load_address>
         <run_address>0xb23</run_address>
         <size>0x11c</size>
         <input_file_ref idref="fl-140"/>
      </object_component>
      <object_component id="oc-3e">
         <name>.debug_info</name>
         <load_address>0xc3f</load_address>
         <run_address>0xc3f</run_address>
         <size>0x1c2</size>
         <input_file_ref idref="fl-13b"/>
      </object_component>
      <object_component id="oc-44">
         <name>.debug_info</name>
         <load_address>0xe01</load_address>
         <run_address>0xe01</run_address>
         <size>0xbe</size>
         <input_file_ref idref="fl-13d"/>
      </object_component>
      <object_component id="oc-48">
         <name>.debug_info</name>
         <load_address>0xebf</load_address>
         <run_address>0xebf</run_address>
         <size>0xcc</size>
         <input_file_ref idref="fl-13c"/>
      </object_component>
      <object_component id="oc-4d">
         <name>.debug_info</name>
         <load_address>0xf8b</load_address>
         <run_address>0xf8b</run_address>
         <size>0x46</size>
         <input_file_ref idref="fl-138"/>
      </object_component>
      <object_component id="oc-52">
         <name>.debug_info</name>
         <load_address>0xfd1</load_address>
         <run_address>0xfd1</run_address>
         <size>0xf2</size>
         <input_file_ref idref="fl-138"/>
      </object_component>
      <object_component id="oc-54">
         <name>.debug_info</name>
         <load_address>0x10c3</load_address>
         <run_address>0x10c3</run_address>
         <size>0x46</size>
         <input_file_ref idref="fl-13a"/>
      </object_component>
      <object_component id="oc-59">
         <name>.debug_info</name>
         <load_address>0x1109</load_address>
         <run_address>0x1109</run_address>
         <size>0xad</size>
         <input_file_ref idref="fl-13a"/>
      </object_component>
      <object_component id="oc-5e">
         <name>.debug_info</name>
         <load_address>0x11b6</load_address>
         <run_address>0x11b6</run_address>
         <size>0x1ef</size>
         <input_file_ref idref="fl-139"/>
      </object_component>
      <object_component id="oc-61">
         <name>.debug_info</name>
         <load_address>0x13a5</load_address>
         <run_address>0x13a5</run_address>
         <size>0xb7</size>
         <input_file_ref idref="fl-139"/>
      </object_component>
      <object_component id="oc-62">
         <name>.debug_info</name>
         <load_address>0x145c</load_address>
         <run_address>0x145c</run_address>
         <size>0x39</size>
         <input_file_ref idref="fl-139"/>
      </object_component>
      <object_component id="oc-6a">
         <name>.debug_info</name>
         <load_address>0x1495</load_address>
         <run_address>0x1495</run_address>
         <size>0x84</size>
         <input_file_ref idref="fl-3"/>
      </object_component>
      <object_component id="oc-6f">
         <name>.debug_info</name>
         <load_address>0x1519</load_address>
         <run_address>0x1519</run_address>
         <size>0x18b</size>
         <input_file_ref idref="fl-2"/>
      </object_component>
      <object_component id="oc-76">
         <name>.debug_info</name>
         <load_address>0x16a4</load_address>
         <run_address>0x16a4</run_address>
         <size>0x14b</size>
         <input_file_ref idref="fl-142"/>
      </object_component>
      <object_component id="oc-7c">
         <name>.debug_info</name>
         <load_address>0x17ef</load_address>
         <run_address>0x17ef</run_address>
         <size>0x325</size>
         <input_file_ref idref="fl-2"/>
      </object_component>
      <object_component id="oc-82">
         <name>.debug_info</name>
         <load_address>0x1b14</load_address>
         <run_address>0x1b14</run_address>
         <size>0x11b</size>
         <input_file_ref idref="fl-140"/>
      </object_component>
      <object_component id="oc-84">
         <name>.debug_info</name>
         <load_address>0x1c2f</load_address>
         <run_address>0x1c2f</run_address>
         <size>0xc8</size>
         <input_file_ref idref="fl-13f"/>
      </object_component>
      <object_component id="oc-87">
         <name>.debug_info</name>
         <load_address>0x1cf7</load_address>
         <run_address>0x1cf7</run_address>
         <size>0xeb</size>
         <input_file_ref idref="fl-13b"/>
      </object_component>
      <object_component id="oc-8a">
         <name>.debug_info</name>
         <load_address>0x1de2</load_address>
         <run_address>0x1de2</run_address>
         <size>0x146</size>
         <input_file_ref idref="fl-13b"/>
      </object_component>
      <object_component id="oc-8f">
         <name>.debug_info</name>
         <load_address>0x1f28</load_address>
         <run_address>0x1f28</run_address>
         <size>0x2c</size>
         <input_file_ref idref="fl-138"/>
      </object_component>
      <object_component id="oc-96">
         <name>.debug_info</name>
         <load_address>0x1f54</load_address>
         <run_address>0x1f54</run_address>
         <size>0x2c</size>
         <input_file_ref idref="fl-13a"/>
      </object_component>
      <object_component id="oc-a0">
         <name>.debug_info</name>
         <load_address>0x1f80</load_address>
         <run_address>0x1f80</run_address>
         <size>0x8b</size>
         <input_file_ref idref="fl-2"/>
      </object_component>
      <object_component id="oc-a6">
         <name>.debug_info</name>
         <load_address>0x200b</load_address>
         <run_address>0x200b</run_address>
         <size>0x148</size>
         <input_file_ref idref="fl-142"/>
      </object_component>
      <object_component id="oc-a8">
         <name>.debug_info</name>
         <load_address>0x2153</load_address>
         <run_address>0x2153</run_address>
         <size>0x2bc3</size>
         <input_file_ref idref="fl-6"/>
      </object_component>
      <object_component id="oc-ae">
         <name>.debug_info</name>
         <load_address>0x4d16</load_address>
         <run_address>0x4d16</run_address>
         <size>0x3188</size>
         <input_file_ref idref="fl-9"/>
      </object_component>
      <object_component id="oc-b4">
         <name>.debug_info</name>
         <load_address>0x7e9e</load_address>
         <run_address>0x7e9e</run_address>
         <size>0x27a0</size>
         <input_file_ref idref="fl-5"/>
      </object_component>
      <object_component id="oc-ba">
         <name>.debug_info</name>
         <load_address>0xa63e</load_address>
         <run_address>0xa63e</run_address>
         <size>0x797</size>
         <input_file_ref idref="fl-4"/>
      </object_component>
      <object_component id="oc-c3">
         <name>.debug_info</name>
         <load_address>0xadd5</load_address>
         <run_address>0xadd5</run_address>
         <size>0x5e</size>
         <input_file_ref idref="fl-140"/>
      </object_component>
      <object_component id="oc-cb">
         <name>.debug_info</name>
         <load_address>0xae33</load_address>
         <run_address>0xae33</run_address>
         <size>0x1d4</size>
         <input_file_ref idref="fl-13f"/>
      </object_component>
      <object_component id="oc-d0">
         <name>.debug_info</name>
         <load_address>0xb007</load_address>
         <run_address>0xb007</run_address>
         <size>0xd9</size>
         <input_file_ref idref="fl-13f"/>
      </object_component>
      <object_component id="oc-d8">
         <name>.debug_info</name>
         <load_address>0xb0e0</load_address>
         <run_address>0xb0e0</run_address>
         <size>0xcd</size>
         <input_file_ref idref="fl-142"/>
      </object_component>
      <object_component id="oc-de">
         <name>.debug_info</name>
         <load_address>0xb1ad</load_address>
         <run_address>0xb1ad</run_address>
         <size>0xca6</size>
         <input_file_ref idref="fl-8"/>
      </object_component>
      <object_component id="oc-e6">
         <name>.debug_info</name>
         <load_address>0xbe53</load_address>
         <run_address>0xbe53</run_address>
         <size>0x34b</size>
         <input_file_ref idref="fl-a"/>
      </object_component>
      <object_component id="oc-ea">
         <name>.debug_info</name>
         <load_address>0xc19e</load_address>
         <run_address>0xc19e</run_address>
         <size>0xee</size>
         <input_file_ref idref="fl-6"/>
      </object_component>
      <object_component id="oc-ed">
         <name>.debug_info</name>
         <load_address>0xc28c</load_address>
         <run_address>0xc28c</run_address>
         <size>0xf4</size>
         <input_file_ref idref="fl-6"/>
      </object_component>
      <object_component id="oc-f0">
         <name>.debug_info</name>
         <load_address>0xc380</load_address>
         <run_address>0xc380</run_address>
         <size>0xfa</size>
         <input_file_ref idref="fl-6"/>
      </object_component>
      <object_component id="oc-f3">
         <name>.debug_info</name>
         <load_address>0xc47a</load_address>
         <run_address>0xc47a</run_address>
         <size>0x101</size>
         <input_file_ref idref="fl-6"/>
      </object_component>
      <object_component id="oc-f6">
         <name>.debug_info</name>
         <load_address>0xc57b</load_address>
         <run_address>0xc57b</run_address>
         <size>0x220</size>
         <input_file_ref idref="fl-6"/>
      </object_component>
      <object_component id="oc-f8">
         <name>.debug_info</name>
         <load_address>0xc79b</load_address>
         <run_address>0xc79b</run_address>
         <size>0xfa</size>
         <input_file_ref idref="fl-9"/>
      </object_component>
      <object_component id="oc-fb">
         <name>.debug_info</name>
         <load_address>0xc895</load_address>
         <run_address>0xc895</run_address>
         <size>0x106</size>
         <input_file_ref idref="fl-9"/>
      </object_component>
      <object_component id="oc-fe">
         <name>.debug_info</name>
         <load_address>0xc99b</load_address>
         <run_address>0xc99b</run_address>
         <size>0x108</size>
         <input_file_ref idref="fl-9"/>
      </object_component>
      <object_component id="oc-101">
         <name>.debug_info</name>
         <load_address>0xcaa3</load_address>
         <run_address>0xcaa3</run_address>
         <size>0x1cf</size>
         <input_file_ref idref="fl-9"/>
      </object_component>
      <object_component id="oc-103">
         <name>.debug_info</name>
         <load_address>0xcc72</load_address>
         <run_address>0xcc72</run_address>
         <size>0xf6</size>
         <input_file_ref idref="fl-5"/>
      </object_component>
      <object_component id="oc-106">
         <name>.debug_info</name>
         <load_address>0xcd68</load_address>
         <run_address>0xcd68</run_address>
         <size>0x108</size>
         <input_file_ref idref="fl-5"/>
      </object_component>
      <object_component id="oc-109">
         <name>.debug_info</name>
         <load_address>0xce70</load_address>
         <run_address>0xce70</run_address>
         <size>0x1c6</size>
         <input_file_ref idref="fl-5"/>
      </object_component>
      <object_component id="oc-10b">
         <name>.debug_info</name>
         <load_address>0xd036</load_address>
         <run_address>0xd036</run_address>
         <size>0x137</size>
         <input_file_ref idref="fl-13e"/>
      </object_component>
      <object_component id="oc-110">
         <name>.debug_info</name>
         <load_address>0xd16d</load_address>
         <run_address>0xd16d</run_address>
         <size>0xe2</size>
         <input_file_ref idref="fl-4"/>
      </object_component>
      <object_component id="oc-113">
         <name>.debug_info</name>
         <load_address>0xd24f</load_address>
         <run_address>0xd24f</run_address>
         <size>0x138</size>
         <input_file_ref idref="fl-4"/>
      </object_component>
      <object_component id="oc-116">
         <name>.debug_info</name>
         <load_address>0xd387</load_address>
         <run_address>0xd387</run_address>
         <size>0x24a</size>
         <input_file_ref idref="fl-4"/>
      </object_component>
      <object_component id="oc-117">
         <name>.debug_info</name>
         <load_address>0xd5d1</load_address>
         <run_address>0xd5d1</run_address>
         <size>0x4e</size>
         <input_file_ref idref="fl-2"/>
      </object_component>
      <object_component id="oc-120">
         <name>.debug_info</name>
         <load_address>0xd61f</load_address>
         <run_address>0xd61f</run_address>
         <size>0xfb</size>
         <input_file_ref idref="fl-8"/>
      </object_component>
      <object_component id="oc-123">
         <name>.debug_info</name>
         <load_address>0xd71a</load_address>
         <run_address>0xd71a</run_address>
         <size>0xf2</size>
         <input_file_ref idref="fl-8"/>
      </object_component>
      <object_component id="oc-126">
         <name>.debug_info</name>
         <load_address>0xd80c</load_address>
         <run_address>0xd80c</run_address>
         <size>0x1b4</size>
         <input_file_ref idref="fl-8"/>
      </object_component>
      <object_component id="oc-129">
         <name>.debug_info</name>
         <load_address>0xd9c0</load_address>
         <run_address>0xd9c0</run_address>
         <size>0x1b2</size>
         <input_file_ref idref="fl-8"/>
      </object_component>
      <object_component id="oc-135">
         <name>.debug_info</name>
         <load_address>0xdb72</load_address>
         <run_address>0xdb72</run_address>
         <size>0x5f</size>
         <input_file_ref idref="fl-6"/>
      </object_component>
      <object_component id="oc-150">
         <name>.debug_info</name>
         <load_address>0xdbd1</load_address>
         <run_address>0xdbd1</run_address>
         <size>0x2d9</size>
         <input_file_ref idref="fl-2"/>
      </object_component>
      <object_component id="oc-17c">
         <name>.debug_info</name>
         <load_address>0xdeaa</load_address>
         <run_address>0xdeaa</run_address>
         <size>0xaa</size>
      </object_component>
      <object_component id="oc-10">
         <name>.debug_pubnames</name>
         <load_address>0x0</load_address>
         <run_address>0x0</run_address>
         <size>0x23</size>
         <input_file_ref idref="fl-3"/>
      </object_component>
      <object_component id="oc-15">
         <name>.debug_pubnames</name>
         <load_address>0x23</load_address>
         <run_address>0x23</run_address>
         <size>0x1f</size>
         <input_file_ref idref="fl-137"/>
      </object_component>
      <object_component id="oc-1b">
         <name>.debug_pubnames</name>
         <load_address>0x42</load_address>
         <run_address>0x42</run_address>
         <size>0x2b</size>
         <input_file_ref idref="fl-138"/>
      </object_component>
      <object_component id="oc-21">
         <name>.debug_pubnames</name>
         <load_address>0x6d</load_address>
         <run_address>0x6d</run_address>
         <size>0x25</size>
         <input_file_ref idref="fl-13a"/>
      </object_component>
      <object_component id="oc-27">
         <name>.debug_pubnames</name>
         <load_address>0x92</load_address>
         <run_address>0x92</run_address>
         <size>0x2c</size>
         <input_file_ref idref="fl-139"/>
      </object_component>
      <object_component id="oc-2d">
         <name>.debug_pubnames</name>
         <load_address>0xbe</load_address>
         <run_address>0xbe</run_address>
         <size>0x4c</size>
         <input_file_ref idref="fl-3"/>
      </object_component>
      <object_component id="oc-35">
         <name>.debug_pubnames</name>
         <load_address>0x10a</load_address>
         <run_address>0x10a</run_address>
         <size>0x37</size>
         <input_file_ref idref="fl-141"/>
      </object_component>
      <object_component id="oc-3c">
         <name>.debug_pubnames</name>
         <load_address>0x141</load_address>
         <run_address>0x141</run_address>
         <size>0x21</size>
         <input_file_ref idref="fl-140"/>
      </object_component>
      <object_component id="oc-40">
         <name>.debug_pubnames</name>
         <load_address>0x162</load_address>
         <run_address>0x162</run_address>
         <size>0x35</size>
         <input_file_ref idref="fl-13b"/>
      </object_component>
      <object_component id="oc-45">
         <name>.debug_pubnames</name>
         <load_address>0x197</load_address>
         <run_address>0x197</run_address>
         <size>0x23</size>
         <input_file_ref idref="fl-13d"/>
      </object_component>
      <object_component id="oc-49">
         <name>.debug_pubnames</name>
         <load_address>0x1ba</load_address>
         <run_address>0x1ba</run_address>
         <size>0x1d</size>
         <input_file_ref idref="fl-13c"/>
      </object_component>
      <object_component id="oc-5f">
         <name>.debug_pubnames</name>
         <load_address>0x1d7</load_address>
         <run_address>0x1d7</run_address>
         <size>0x2f</size>
         <input_file_ref idref="fl-139"/>
      </object_component>
      <object_component id="oc-78">
         <name>.debug_pubnames</name>
         <load_address>0x206</load_address>
         <run_address>0x206</run_address>
         <size>0x1e</size>
         <input_file_ref idref="fl-142"/>
      </object_component>
      <object_component id="oc-7d">
         <name>.debug_pubnames</name>
         <load_address>0x224</load_address>
         <run_address>0x224</run_address>
         <size>0x44</size>
         <input_file_ref idref="fl-2"/>
      </object_component>
      <object_component id="oc-85">
         <name>.debug_pubnames</name>
         <load_address>0x268</load_address>
         <run_address>0x268</run_address>
         <size>0x28</size>
         <input_file_ref idref="fl-13f"/>
      </object_component>
      <object_component id="oc-88">
         <name>.debug_pubnames</name>
         <load_address>0x290</load_address>
         <run_address>0x290</run_address>
         <size>0x3a</size>
         <input_file_ref idref="fl-13b"/>
      </object_component>
      <object_component id="oc-a9">
         <name>.debug_pubnames</name>
         <load_address>0x2ca</load_address>
         <run_address>0x2ca</run_address>
         <size>0x579</size>
         <input_file_ref idref="fl-6"/>
      </object_component>
      <object_component id="oc-b0">
         <name>.debug_pubnames</name>
         <load_address>0x843</load_address>
         <run_address>0x843</run_address>
         <size>0x42f</size>
         <input_file_ref idref="fl-9"/>
      </object_component>
      <object_component id="oc-b5">
         <name>.debug_pubnames</name>
         <load_address>0xc72</load_address>
         <run_address>0xc72</run_address>
         <size>0x3da</size>
         <input_file_ref idref="fl-5"/>
      </object_component>
      <object_component id="oc-bb">
         <name>.debug_pubnames</name>
         <load_address>0x104c</load_address>
         <run_address>0x104c</run_address>
         <size>0x6d</size>
         <input_file_ref idref="fl-4"/>
      </object_component>
      <object_component id="oc-cc">
         <name>.debug_pubnames</name>
         <load_address>0x10b9</load_address>
         <run_address>0x10b9</run_address>
         <size>0x43</size>
         <input_file_ref idref="fl-13f"/>
      </object_component>
      <object_component id="oc-e0">
         <name>.debug_pubnames</name>
         <load_address>0x10fc</load_address>
         <run_address>0x10fc</run_address>
         <size>0x12d</size>
         <input_file_ref idref="fl-8"/>
      </object_component>
      <object_component id="oc-e7">
         <name>.debug_pubnames</name>
         <load_address>0x1229</load_address>
         <run_address>0x1229</run_address>
         <size>0x6a</size>
         <input_file_ref idref="fl-a"/>
      </object_component>
      <object_component id="oc-eb">
         <name>.debug_pubnames</name>
         <load_address>0x1293</load_address>
         <run_address>0x1293</run_address>
         <size>0x23</size>
         <input_file_ref idref="fl-6"/>
      </object_component>
      <object_component id="oc-ee">
         <name>.debug_pubnames</name>
         <load_address>0x12b6</load_address>
         <run_address>0x12b6</run_address>
         <size>0x26</size>
         <input_file_ref idref="fl-6"/>
      </object_component>
      <object_component id="oc-f1">
         <name>.debug_pubnames</name>
         <load_address>0x12dc</load_address>
         <run_address>0x12dc</run_address>
         <size>0x29</size>
         <input_file_ref idref="fl-6"/>
      </object_component>
      <object_component id="oc-f4">
         <name>.debug_pubnames</name>
         <load_address>0x1305</load_address>
         <run_address>0x1305</run_address>
         <size>0x2c</size>
         <input_file_ref idref="fl-6"/>
      </object_component>
      <object_component id="oc-f9">
         <name>.debug_pubnames</name>
         <load_address>0x1331</load_address>
         <run_address>0x1331</run_address>
         <size>0x2b</size>
         <input_file_ref idref="fl-9"/>
      </object_component>
      <object_component id="oc-fc">
         <name>.debug_pubnames</name>
         <load_address>0x135c</load_address>
         <run_address>0x135c</run_address>
         <size>0x31</size>
         <input_file_ref idref="fl-9"/>
      </object_component>
      <object_component id="oc-ff">
         <name>.debug_pubnames</name>
         <load_address>0x138d</load_address>
         <run_address>0x138d</run_address>
         <size>0x32</size>
         <input_file_ref idref="fl-9"/>
      </object_component>
      <object_component id="oc-104">
         <name>.debug_pubnames</name>
         <load_address>0x13bf</load_address>
         <run_address>0x13bf</run_address>
         <size>0x29</size>
         <input_file_ref idref="fl-5"/>
      </object_component>
      <object_component id="oc-107">
         <name>.debug_pubnames</name>
         <load_address>0x13e8</load_address>
         <run_address>0x13e8</run_address>
         <size>0x32</size>
         <input_file_ref idref="fl-5"/>
      </object_component>
      <object_component id="oc-10c">
         <name>.debug_pubnames</name>
         <load_address>0x141a</load_address>
         <run_address>0x141a</run_address>
         <size>0x39</size>
         <input_file_ref idref="fl-13e"/>
      </object_component>
      <object_component id="oc-111">
         <name>.debug_pubnames</name>
         <load_address>0x1453</load_address>
         <run_address>0x1453</run_address>
         <size>0x21</size>
         <input_file_ref idref="fl-4"/>
      </object_component>
      <object_component id="oc-114">
         <name>.debug_pubnames</name>
         <load_address>0x1474</load_address>
         <run_address>0x1474</run_address>
         <size>0x46</size>
         <input_file_ref idref="fl-4"/>
      </object_component>
      <object_component id="oc-121">
         <name>.debug_pubnames</name>
         <load_address>0x14ba</load_address>
         <run_address>0x14ba</run_address>
         <size>0x26</size>
         <input_file_ref idref="fl-8"/>
      </object_component>
      <object_component id="oc-124">
         <name>.debug_pubnames</name>
         <load_address>0x14e0</load_address>
         <run_address>0x14e0</run_address>
         <size>0x22</size>
         <input_file_ref idref="fl-8"/>
      </object_component>
      <object_component id="oc-127">
         <name>.debug_pubnames</name>
         <load_address>0x1502</load_address>
         <run_address>0x1502</run_address>
         <size>0x77</size>
         <input_file_ref idref="fl-8"/>
      </object_component>
      <object_component id="oc-12">
         <name>.debug_line</name>
         <load_address>0x0</load_address>
         <run_address>0x0</run_address>
         <size>0x4f</size>
         <input_file_ref idref="fl-137"/>
      </object_component>
      <object_component id="oc-19">
         <name>.debug_line</name>
         <load_address>0x4f</load_address>
         <run_address>0x4f</run_address>
         <size>0x55</size>
         <input_file_ref idref="fl-138"/>
      </object_component>
      <object_component id="oc-1e">
         <name>.debug_line</name>
         <load_address>0xa4</load_address>
         <run_address>0xa4</run_address>
         <size>0x4c</size>
         <input_file_ref idref="fl-13a"/>
      </object_component>
      <object_component id="oc-24">
         <name>.debug_line</name>
         <load_address>0xf0</load_address>
         <run_address>0xf0</run_address>
         <size>0x4b</size>
         <input_file_ref idref="fl-139"/>
      </object_component>
      <object_component id="oc-2a">
         <name>.debug_line</name>
         <load_address>0x13b</load_address>
         <run_address>0x13b</run_address>
         <size>0x9b</size>
         <input_file_ref idref="fl-3"/>
      </object_component>
      <object_component id="oc-30">
         <name>.debug_line</name>
         <load_address>0x1d6</load_address>
         <run_address>0x1d6</run_address>
         <size>0x41</size>
         <input_file_ref idref="fl-3"/>
      </object_component>
      <object_component id="oc-36">
         <name>.debug_line</name>
         <load_address>0x217</load_address>
         <run_address>0x217</run_address>
         <size>0x87</size>
         <input_file_ref idref="fl-141"/>
      </object_component>
      <object_component id="oc-39">
         <name>.debug_line</name>
         <load_address>0x29e</load_address>
         <run_address>0x29e</run_address>
         <size>0x50</size>
         <input_file_ref idref="fl-140"/>
      </object_component>
      <object_component id="oc-42">
         <name>.debug_line</name>
         <load_address>0x2ee</load_address>
         <run_address>0x2ee</run_address>
         <size>0x7a</size>
         <input_file_ref idref="fl-13b"/>
      </object_component>
      <object_component id="oc-4b">
         <name>.debug_line</name>
         <load_address>0x368</load_address>
         <run_address>0x368</run_address>
         <size>0x88</size>
         <input_file_ref idref="fl-13c"/>
      </object_component>
      <object_component id="oc-50">
         <name>.debug_line</name>
         <load_address>0x3f0</load_address>
         <run_address>0x3f0</run_address>
         <size>0x3a</size>
         <input_file_ref idref="fl-138"/>
      </object_component>
      <object_component id="oc-57">
         <name>.debug_line</name>
         <load_address>0x42a</load_address>
         <run_address>0x42a</run_address>
         <size>0x34</size>
         <input_file_ref idref="fl-13a"/>
      </object_component>
      <object_component id="oc-5c">
         <name>.debug_line</name>
         <load_address>0x45e</load_address>
         <run_address>0x45e</run_address>
         <size>0x8c</size>
         <input_file_ref idref="fl-139"/>
      </object_component>
      <object_component id="oc-65">
         <name>.debug_line</name>
         <load_address>0x4ea</load_address>
         <run_address>0x4ea</run_address>
         <size>0x39</size>
         <input_file_ref idref="fl-139"/>
      </object_component>
      <object_component id="oc-69">
         <name>.debug_line</name>
         <load_address>0x523</load_address>
         <run_address>0x523</run_address>
         <size>0x41</size>
         <input_file_ref idref="fl-3"/>
      </object_component>
      <object_component id="oc-6d">
         <name>.debug_line</name>
         <load_address>0x564</load_address>
         <run_address>0x564</run_address>
         <size>0x20</size>
         <input_file_ref idref="fl-3"/>
      </object_component>
      <object_component id="oc-72">
         <name>.debug_line</name>
         <load_address>0x584</load_address>
         <run_address>0x584</run_address>
         <size>0x7a</size>
         <input_file_ref idref="fl-2"/>
      </object_component>
      <object_component id="oc-79">
         <name>.debug_line</name>
         <load_address>0x5fe</load_address>
         <run_address>0x5fe</run_address>
         <size>0x6d</size>
         <input_file_ref idref="fl-142"/>
      </object_component>
      <object_component id="oc-7f">
         <name>.debug_line</name>
         <load_address>0x66b</load_address>
         <run_address>0x66b</run_address>
         <size>0xa2</size>
         <input_file_ref idref="fl-2"/>
      </object_component>
      <object_component id="oc-8d">
         <name>.debug_line</name>
         <load_address>0x70d</load_address>
         <run_address>0x70d</run_address>
         <size>0x33</size>
         <input_file_ref idref="fl-13d"/>
      </object_component>
      <object_component id="oc-92">
         <name>.debug_line</name>
         <load_address>0x740</load_address>
         <run_address>0x740</run_address>
         <size>0x44</size>
         <input_file_ref idref="fl-138"/>
      </object_component>
      <object_component id="oc-95">
         <name>.debug_line</name>
         <load_address>0x784</load_address>
         <run_address>0x784</run_address>
         <size>0x20</size>
         <input_file_ref idref="fl-138"/>
      </object_component>
      <object_component id="oc-99">
         <name>.debug_line</name>
         <load_address>0x7a4</load_address>
         <run_address>0x7a4</run_address>
         <size>0x44</size>
         <input_file_ref idref="fl-13a"/>
      </object_component>
      <object_component id="oc-9c">
         <name>.debug_line</name>
         <load_address>0x7e8</load_address>
         <run_address>0x7e8</run_address>
         <size>0x20</size>
         <input_file_ref idref="fl-13a"/>
      </object_component>
      <object_component id="oc-9f">
         <name>.debug_line</name>
         <load_address>0x808</load_address>
         <run_address>0x808</run_address>
         <size>0x20</size>
         <input_file_ref idref="fl-139"/>
      </object_component>
      <object_component id="oc-a3">
         <name>.debug_line</name>
         <load_address>0x828</load_address>
         <run_address>0x828</run_address>
         <size>0x20</size>
         <input_file_ref idref="fl-2"/>
      </object_component>
      <object_component id="oc-ac">
         <name>.debug_line</name>
         <load_address>0x848</load_address>
         <run_address>0x848</run_address>
         <size>0x813</size>
         <input_file_ref idref="fl-6"/>
      </object_component>
      <object_component id="oc-b1">
         <name>.debug_line</name>
         <load_address>0x105b</load_address>
         <run_address>0x105b</run_address>
         <size>0x5a0</size>
         <input_file_ref idref="fl-9"/>
      </object_component>
      <object_component id="oc-b7">
         <name>.debug_line</name>
         <load_address>0x15fb</load_address>
         <run_address>0x15fb</run_address>
         <size>0x51a</size>
         <input_file_ref idref="fl-5"/>
      </object_component>
      <object_component id="oc-bd">
         <name>.debug_line</name>
         <load_address>0x1b15</load_address>
         <run_address>0x1b15</run_address>
         <size>0x25d</size>
         <input_file_ref idref="fl-4"/>
      </object_component>
      <object_component id="oc-c2">
         <name>.debug_line</name>
         <load_address>0x1d72</load_address>
         <run_address>0x1d72</run_address>
         <size>0x2b</size>
         <input_file_ref idref="fl-140"/>
      </object_component>
      <object_component id="oc-c6">
         <name>.debug_line</name>
         <load_address>0x1d9d</load_address>
         <run_address>0x1d9d</run_address>
         <size>0x2b</size>
         <input_file_ref idref="fl-140"/>
      </object_component>
      <object_component id="oc-ca">
         <name>.debug_line</name>
         <load_address>0x1dc8</load_address>
         <run_address>0x1dc8</run_address>
         <size>0x66</size>
         <input_file_ref idref="fl-13f"/>
      </object_component>
      <object_component id="oc-cf">
         <name>.debug_line</name>
         <load_address>0x1e2e</load_address>
         <run_address>0x1e2e</run_address>
         <size>0x2b</size>
         <input_file_ref idref="fl-13f"/>
      </object_component>
      <object_component id="oc-d3">
         <name>.debug_line</name>
         <load_address>0x1e59</load_address>
         <run_address>0x1e59</run_address>
         <size>0x2a</size>
         <input_file_ref idref="fl-13b"/>
      </object_component>
      <object_component id="oc-d5">
         <name>.debug_line</name>
         <load_address>0x1e83</load_address>
         <run_address>0x1e83</run_address>
         <size>0x43</size>
         <input_file_ref idref="fl-13b"/>
      </object_component>
      <object_component id="oc-d7">
         <name>.debug_line</name>
         <load_address>0x1ec6</load_address>
         <run_address>0x1ec6</run_address>
         <size>0x51</size>
         <input_file_ref idref="fl-142"/>
      </object_component>
      <object_component id="oc-db">
         <name>.debug_line</name>
         <load_address>0x1f17</load_address>
         <run_address>0x1f17</run_address>
         <size>0x45</size>
         <input_file_ref idref="fl-142"/>
      </object_component>
      <object_component id="oc-e2">
         <name>.debug_line</name>
         <load_address>0x1f5c</load_address>
         <run_address>0x1f5c</run_address>
         <size>0x2a0</size>
         <input_file_ref idref="fl-8"/>
      </object_component>
      <object_component id="oc-e8">
         <name>.debug_line</name>
         <load_address>0x21fc</load_address>
         <run_address>0x21fc</run_address>
         <size>0xc1</size>
         <input_file_ref idref="fl-a"/>
      </object_component>
      <object_component id="oc-10e">
         <name>.debug_line</name>
         <load_address>0x22bd</load_address>
         <run_address>0x22bd</run_address>
         <size>0x69</size>
         <input_file_ref idref="fl-13e"/>
      </object_component>
      <object_component id="oc-11a">
         <name>.debug_line</name>
         <load_address>0x2326</load_address>
         <run_address>0x2326</run_address>
         <size>0x7a</size>
         <input_file_ref idref="fl-2"/>
      </object_component>
      <object_component id="oc-11e">
         <name>.debug_line</name>
         <load_address>0x23a0</load_address>
         <run_address>0x23a0</run_address>
         <size>0x20</size>
         <input_file_ref idref="fl-13f"/>
      </object_component>
      <object_component id="oc-12c">
         <name>.debug_line</name>
         <load_address>0x23c0</load_address>
         <run_address>0x23c0</run_address>
         <size>0x40</size>
         <input_file_ref idref="fl-6"/>
      </object_component>
      <object_component id="oc-12e">
         <name>.debug_line</name>
         <load_address>0x2400</load_address>
         <run_address>0x2400</run_address>
         <size>0x40</size>
         <input_file_ref idref="fl-6"/>
      </object_component>
      <object_component id="oc-130">
         <name>.debug_line</name>
         <load_address>0x2440</load_address>
         <run_address>0x2440</run_address>
         <size>0x40</size>
         <input_file_ref idref="fl-6"/>
      </object_component>
      <object_component id="oc-132">
         <name>.debug_line</name>
         <load_address>0x2480</load_address>
         <run_address>0x2480</run_address>
         <size>0x40</size>
         <input_file_ref idref="fl-6"/>
      </object_component>
      <object_component id="oc-134">
         <name>.debug_line</name>
         <load_address>0x24c0</load_address>
         <run_address>0x24c0</run_address>
         <size>0x11f</size>
         <input_file_ref idref="fl-6"/>
      </object_component>
      <object_component id="oc-138">
         <name>.debug_line</name>
         <load_address>0x25df</load_address>
         <run_address>0x25df</run_address>
         <size>0x40</size>
         <input_file_ref idref="fl-6"/>
      </object_component>
      <object_component id="oc-13b">
         <name>.debug_line</name>
         <load_address>0x261f</load_address>
         <run_address>0x261f</run_address>
         <size>0x3c</size>
         <input_file_ref idref="fl-9"/>
      </object_component>
      <object_component id="oc-13d">
         <name>.debug_line</name>
         <load_address>0x265b</load_address>
         <run_address>0x265b</run_address>
         <size>0x3c</size>
         <input_file_ref idref="fl-9"/>
      </object_component>
      <object_component id="oc-13f">
         <name>.debug_line</name>
         <load_address>0x2697</load_address>
         <run_address>0x2697</run_address>
         <size>0x3c</size>
         <input_file_ref idref="fl-9"/>
      </object_component>
      <object_component id="oc-141">
         <name>.debug_line</name>
         <load_address>0x26d3</load_address>
         <run_address>0x26d3</run_address>
         <size>0x78</size>
         <input_file_ref idref="fl-9"/>
      </object_component>
      <object_component id="oc-143">
         <name>.debug_line</name>
         <load_address>0x274b</load_address>
         <run_address>0x274b</run_address>
         <size>0x3c</size>
         <input_file_ref idref="fl-5"/>
      </object_component>
      <object_component id="oc-145">
         <name>.debug_line</name>
         <load_address>0x2787</load_address>
         <run_address>0x2787</run_address>
         <size>0x3c</size>
         <input_file_ref idref="fl-5"/>
      </object_component>
      <object_component id="oc-147">
         <name>.debug_line</name>
         <load_address>0x27c3</load_address>
         <run_address>0x27c3</run_address>
         <size>0x78</size>
         <input_file_ref idref="fl-5"/>
      </object_component>
      <object_component id="oc-14a">
         <name>.debug_line</name>
         <load_address>0x283b</load_address>
         <run_address>0x283b</run_address>
         <size>0x38</size>
         <input_file_ref idref="fl-4"/>
      </object_component>
      <object_component id="oc-14d">
         <name>.debug_line</name>
         <load_address>0x2873</load_address>
         <run_address>0x2873</run_address>
         <size>0x38</size>
         <input_file_ref idref="fl-4"/>
      </object_component>
      <object_component id="oc-14f">
         <name>.debug_line</name>
         <load_address>0x28ab</load_address>
         <run_address>0x28ab</run_address>
         <size>0xc3</size>
         <input_file_ref idref="fl-4"/>
      </object_component>
      <object_component id="oc-152">
         <name>.debug_line</name>
         <load_address>0x296e</load_address>
         <run_address>0x296e</run_address>
         <size>0x46</size>
         <input_file_ref idref="fl-8"/>
      </object_component>
      <object_component id="oc-154">
         <name>.debug_line</name>
         <load_address>0x29b4</load_address>
         <run_address>0x29b4</run_address>
         <size>0x46</size>
         <input_file_ref idref="fl-8"/>
      </object_component>
      <object_component id="oc-156">
         <name>.debug_line</name>
         <load_address>0x29fa</load_address>
         <run_address>0x29fa</run_address>
         <size>0x46</size>
         <input_file_ref idref="fl-8"/>
      </object_component>
      <object_component id="oc-158">
         <name>.debug_line</name>
         <load_address>0x2a40</load_address>
         <run_address>0x2a40</run_address>
         <size>0x72</size>
         <input_file_ref idref="fl-8"/>
      </object_component>
      <object_component id="oc-15a">
         <name>.debug_line</name>
         <load_address>0x2ab2</load_address>
         <run_address>0x2ab2</run_address>
         <size>0x90</size>
         <input_file_ref idref="fl-2"/>
      </object_component>
      <object_component id="oc-13">
         <name>.debug_aranges</name>
         <load_address>0x0</load_address>
         <run_address>0x0</run_address>
         <size>0x20</size>
         <input_file_ref idref="fl-137"/>
      </object_component>
      <object_component id="oc-18">
         <name>.debug_aranges</name>
         <load_address>0x20</load_address>
         <run_address>0x20</run_address>
         <size>0x20</size>
         <input_file_ref idref="fl-138"/>
      </object_component>
      <object_component id="oc-1d">
         <name>.debug_aranges</name>
         <load_address>0x40</load_address>
         <run_address>0x40</run_address>
         <size>0x20</size>
         <input_file_ref idref="fl-13a"/>
      </object_component>
      <object_component id="oc-25">
         <name>.debug_aranges</name>
         <load_address>0x60</load_address>
         <run_address>0x60</run_address>
         <size>0x20</size>
         <input_file_ref idref="fl-139"/>
      </object_component>
      <object_component id="oc-2c">
         <name>.debug_aranges</name>
         <load_address>0x80</load_address>
         <run_address>0x80</run_address>
         <size>0x38</size>
         <input_file_ref idref="fl-3"/>
      </object_component>
      <object_component id="oc-34">
         <name>.debug_aranges</name>
         <load_address>0xb8</load_address>
         <run_address>0xb8</run_address>
         <size>0x28</size>
         <input_file_ref idref="fl-141"/>
      </object_component>
      <object_component id="oc-38">
         <name>.debug_aranges</name>
         <load_address>0xe0</load_address>
         <run_address>0xe0</run_address>
         <size>0x20</size>
         <input_file_ref idref="fl-140"/>
      </object_component>
      <object_component id="oc-3f">
         <name>.debug_aranges</name>
         <load_address>0x100</load_address>
         <run_address>0x100</run_address>
         <size>0x30</size>
         <input_file_ref idref="fl-13b"/>
      </object_component>
      <object_component id="oc-4a">
         <name>.debug_aranges</name>
         <load_address>0x130</load_address>
         <run_address>0x130</run_address>
         <size>0x20</size>
         <input_file_ref idref="fl-13c"/>
      </object_component>
      <object_component id="oc-5d">
         <name>.debug_aranges</name>
         <load_address>0x150</load_address>
         <run_address>0x150</run_address>
         <size>0x20</size>
         <input_file_ref idref="fl-139"/>
      </object_component>
      <object_component id="oc-77">
         <name>.debug_aranges</name>
         <load_address>0x170</load_address>
         <run_address>0x170</run_address>
         <size>0x20</size>
         <input_file_ref idref="fl-142"/>
      </object_component>
      <object_component id="oc-7e">
         <name>.debug_aranges</name>
         <load_address>0x190</load_address>
         <run_address>0x190</run_address>
         <size>0x38</size>
         <input_file_ref idref="fl-2"/>
      </object_component>
      <object_component id="oc-aa">
         <name>.debug_aranges</name>
         <load_address>0x1c8</load_address>
         <run_address>0x1c8</run_address>
         <size>0x1d0</size>
         <input_file_ref idref="fl-6"/>
      </object_component>
      <object_component id="oc-af">
         <name>.debug_aranges</name>
         <load_address>0x398</load_address>
         <run_address>0x398</run_address>
         <size>0x1a0</size>
         <input_file_ref idref="fl-9"/>
      </object_component>
      <object_component id="oc-b6">
         <name>.debug_aranges</name>
         <load_address>0x538</load_address>
         <run_address>0x538</run_address>
         <size>0x190</size>
         <input_file_ref idref="fl-5"/>
      </object_component>
      <object_component id="oc-bc">
         <name>.debug_aranges</name>
         <load_address>0x6c8</load_address>
         <run_address>0x6c8</run_address>
         <size>0x48</size>
         <input_file_ref idref="fl-4"/>
      </object_component>
      <object_component id="oc-c9">
         <name>.debug_aranges</name>
         <load_address>0x710</load_address>
         <run_address>0x710</run_address>
         <size>0x30</size>
         <input_file_ref idref="fl-13f"/>
      </object_component>
      <object_component id="oc-df">
         <name>.debug_aranges</name>
         <load_address>0x740</load_address>
         <run_address>0x740</run_address>
         <size>0x90</size>
         <input_file_ref idref="fl-8"/>
      </object_component>
      <object_component id="oc-e4">
         <name>.debug_aranges</name>
         <load_address>0x7d0</load_address>
         <run_address>0x7d0</run_address>
         <size>0x48</size>
         <input_file_ref idref="fl-a"/>
      </object_component>
      <object_component id="oc-10d">
         <name>.debug_aranges</name>
         <load_address>0x818</load_address>
         <run_address>0x818</run_address>
         <size>0x28</size>
         <input_file_ref idref="fl-13e"/>
      </object_component>
      <object_component id="oc-17">
         <name>.debug_frame</name>
         <load_address>0x0</load_address>
         <run_address>0x0</run_address>
         <size>0x7f</size>
         <input_file_ref idref="fl-138"/>
      </object_component>
      <object_component id="oc-1f">
         <name>.debug_frame</name>
         <load_address>0x7f</load_address>
         <run_address>0x7f</run_address>
         <size>0x7f</size>
         <input_file_ref idref="fl-13a"/>
      </object_component>
      <object_component id="oc-23">
         <name>.debug_frame</name>
         <load_address>0xfe</load_address>
         <run_address>0xfe</run_address>
         <size>0x7f</size>
         <input_file_ref idref="fl-139"/>
      </object_component>
      <object_component id="oc-2e">
         <name>.debug_frame</name>
         <load_address>0x17d</load_address>
         <run_address>0x17d</run_address>
         <size>0xb2</size>
         <input_file_ref idref="fl-3"/>
      </object_component>
      <object_component id="oc-3a">
         <name>.debug_frame</name>
         <load_address>0x22f</load_address>
         <run_address>0x22f</run_address>
         <size>0x7f</size>
         <input_file_ref idref="fl-140"/>
      </object_component>
      <object_component id="oc-41">
         <name>.debug_frame</name>
         <load_address>0x2ae</load_address>
         <run_address>0x2ae</run_address>
         <size>0xb3</size>
         <input_file_ref idref="fl-13b"/>
      </object_component>
      <object_component id="oc-5b">
         <name>.debug_frame</name>
         <load_address>0x361</load_address>
         <run_address>0x361</run_address>
         <size>0x8a</size>
         <input_file_ref idref="fl-139"/>
      </object_component>
      <object_component id="oc-75">
         <name>.debug_frame</name>
         <load_address>0x3eb</load_address>
         <run_address>0x3eb</run_address>
         <size>0x8a</size>
         <input_file_ref idref="fl-142"/>
      </object_component>
      <object_component id="oc-80">
         <name>.debug_frame</name>
         <load_address>0x475</load_address>
         <run_address>0x475</run_address>
         <size>0xce</size>
         <input_file_ref idref="fl-2"/>
      </object_component>
      <object_component id="oc-ab">
         <name>.debug_frame</name>
         <load_address>0x543</load_address>
         <run_address>0x543</run_address>
         <size>0x492</size>
         <input_file_ref idref="fl-6"/>
      </object_component>
      <object_component id="oc-b2">
         <name>.debug_frame</name>
         <load_address>0x9d5</load_address>
         <run_address>0x9d5</run_address>
         <size>0x4d0</size>
         <input_file_ref idref="fl-9"/>
      </object_component>
      <object_component id="oc-b8">
         <name>.debug_frame</name>
         <load_address>0xea5</load_address>
         <run_address>0xea5</run_address>
         <size>0x3b5</size>
         <input_file_ref idref="fl-5"/>
      </object_component>
      <object_component id="oc-be">
         <name>.debug_frame</name>
         <load_address>0x125a</load_address>
         <run_address>0x125a</run_address>
         <size>0x140</size>
         <input_file_ref idref="fl-4"/>
      </object_component>
      <object_component id="oc-cd">
         <name>.debug_frame</name>
         <load_address>0x139a</load_address>
         <run_address>0x139a</run_address>
         <size>0xa1</size>
         <input_file_ref idref="fl-13f"/>
      </object_component>
      <object_component id="oc-e1">
         <name>.debug_frame</name>
         <load_address>0x143b</load_address>
         <run_address>0x143b</run_address>
         <size>0x198</size>
         <input_file_ref idref="fl-8"/>
      </object_component>
      <object_component id="oc-e5">
         <name>.debug_frame</name>
         <load_address>0x15d3</load_address>
         <run_address>0x15d3</run_address>
         <size>0xd4</size>
         <input_file_ref idref="fl-a"/>
      </object_component>
      <object_component id="oc-2f">
         <name>.debug_abbrev</name>
         <load_address>0x0</load_address>
         <run_address>0x0</run_address>
         <size>0x29</size>
         <input_file_ref idref="fl-3"/>
      </object_component>
      <object_component id="oc-46">
         <name>.debug_abbrev</name>
         <load_address>0x29</load_address>
         <run_address>0x29</run_address>
         <size>0x3d</size>
         <input_file_ref idref="fl-137"/>
      </object_component>
      <object_component id="oc-4c">
         <name>.debug_abbrev</name>
         <load_address>0x66</load_address>
         <run_address>0x66</run_address>
         <size>0x74</size>
         <input_file_ref idref="fl-138"/>
      </object_component>
      <object_component id="oc-4f">
         <name>.debug_abbrev</name>
         <load_address>0xda</load_address>
         <run_address>0xda</run_address>
         <size>0x24</size>
         <input_file_ref idref="fl-138"/>
      </object_component>
      <object_component id="oc-53">
         <name>.debug_abbrev</name>
         <load_address>0xfe</load_address>
         <run_address>0xfe</run_address>
         <size>0x6f</size>
         <input_file_ref idref="fl-13a"/>
      </object_component>
      <object_component id="oc-56">
         <name>.debug_abbrev</name>
         <load_address>0x16d</load_address>
         <run_address>0x16d</run_address>
         <size>0x24</size>
         <input_file_ref idref="fl-13a"/>
      </object_component>
      <object_component id="oc-60">
         <name>.debug_abbrev</name>
         <load_address>0x191</load_address>
         <run_address>0x191</run_address>
         <size>0x74</size>
         <input_file_ref idref="fl-139"/>
      </object_component>
      <object_component id="oc-64">
         <name>.debug_abbrev</name>
         <load_address>0x205</load_address>
         <run_address>0x205</run_address>
         <size>0x24</size>
         <input_file_ref idref="fl-139"/>
      </object_component>
      <object_component id="oc-67">
         <name>.debug_abbrev</name>
         <load_address>0x229</load_address>
         <run_address>0x229</run_address>
         <size>0x79</size>
         <input_file_ref idref="fl-3"/>
      </object_component>
      <object_component id="oc-68">
         <name>.debug_abbrev</name>
         <load_address>0x2a2</load_address>
         <run_address>0x2a2</run_address>
         <size>0x5d</size>
         <input_file_ref idref="fl-3"/>
      </object_component>
      <object_component id="oc-6c">
         <name>.debug_abbrev</name>
         <load_address>0x2ff</load_address>
         <run_address>0x2ff</run_address>
         <size>0x1f</size>
         <input_file_ref idref="fl-3"/>
      </object_component>
      <object_component id="oc-71">
         <name>.debug_abbrev</name>
         <load_address>0x31e</load_address>
         <run_address>0x31e</run_address>
         <size>0x35</size>
         <input_file_ref idref="fl-2"/>
      </object_component>
      <object_component id="oc-7a">
         <name>.debug_abbrev</name>
         <load_address>0x353</load_address>
         <run_address>0x353</run_address>
         <size>0x80</size>
         <input_file_ref idref="fl-141"/>
      </object_component>
      <object_component id="oc-81">
         <name>.debug_abbrev</name>
         <load_address>0x3d3</load_address>
         <run_address>0x3d3</run_address>
         <size>0x68</size>
         <input_file_ref idref="fl-140"/>
      </object_component>
      <object_component id="oc-89">
         <name>.debug_abbrev</name>
         <load_address>0x43b</load_address>
         <run_address>0x43b</run_address>
         <size>0xba</size>
         <input_file_ref idref="fl-13b"/>
      </object_component>
      <object_component id="oc-8c">
         <name>.debug_abbrev</name>
         <load_address>0x4f5</load_address>
         <run_address>0x4f5</run_address>
         <size>0x27</size>
         <input_file_ref idref="fl-13d"/>
      </object_component>
      <object_component id="oc-8e">
         <name>.debug_abbrev</name>
         <load_address>0x51c</load_address>
         <run_address>0x51c</run_address>
         <size>0x3d</size>
         <input_file_ref idref="fl-13c"/>
      </object_component>
      <object_component id="oc-91">
         <name>.debug_abbrev</name>
         <load_address>0x559</load_address>
         <run_address>0x559</run_address>
         <size>0x24</size>
         <input_file_ref idref="fl-138"/>
      </object_component>
      <object_component id="oc-94">
         <name>.debug_abbrev</name>
         <load_address>0x57d</load_address>
         <run_address>0x57d</run_address>
         <size>0x4c</size>
         <input_file_ref idref="fl-138"/>
      </object_component>
      <object_component id="oc-98">
         <name>.debug_abbrev</name>
         <load_address>0x5c9</load_address>
         <run_address>0x5c9</run_address>
         <size>0x24</size>
         <input_file_ref idref="fl-13a"/>
      </object_component>
      <object_component id="oc-9b">
         <name>.debug_abbrev</name>
         <load_address>0x5ed</load_address>
         <run_address>0x5ed</run_address>
         <size>0x2c</size>
         <input_file_ref idref="fl-13a"/>
      </object_component>
      <object_component id="oc-9d">
         <name>.debug_abbrev</name>
         <load_address>0x619</load_address>
         <run_address>0x619</run_address>
         <size>0x6d</size>
         <input_file_ref idref="fl-139"/>
      </object_component>
      <object_component id="oc-9e">
         <name>.debug_abbrev</name>
         <load_address>0x686</load_address>
         <run_address>0x686</run_address>
         <size>0x2c</size>
         <input_file_ref idref="fl-139"/>
      </object_component>
      <object_component id="oc-a2">
         <name>.debug_abbrev</name>
         <load_address>0x6b2</load_address>
         <run_address>0x6b2</run_address>
         <size>0x1f</size>
         <input_file_ref idref="fl-2"/>
      </object_component>
      <object_component id="oc-a5">
         <name>.debug_abbrev</name>
         <load_address>0x6d1</load_address>
         <run_address>0x6d1</run_address>
         <size>0x8c</size>
         <input_file_ref idref="fl-142"/>
      </object_component>
      <object_component id="oc-c0">
         <name>.debug_abbrev</name>
         <load_address>0x75d</load_address>
         <run_address>0x75d</run_address>
         <size>0x8d</size>
         <input_file_ref idref="fl-2"/>
      </object_component>
      <object_component id="oc-c1">
         <name>.debug_abbrev</name>
         <load_address>0x7ea</load_address>
         <run_address>0x7ea</run_address>
         <size>0x8e</size>
         <input_file_ref idref="fl-140"/>
      </object_component>
      <object_component id="oc-c5">
         <name>.debug_abbrev</name>
         <load_address>0x878</load_address>
         <run_address>0x878</run_address>
         <size>0x49</size>
         <input_file_ref idref="fl-140"/>
      </object_component>
      <object_component id="oc-ce">
         <name>.debug_abbrev</name>
         <load_address>0x8c1</load_address>
         <run_address>0x8c1</run_address>
         <size>0x29</size>
         <input_file_ref idref="fl-13f"/>
      </object_component>
      <object_component id="oc-d2">
         <name>.debug_abbrev</name>
         <load_address>0x8ea</load_address>
         <run_address>0x8ea</run_address>
         <size>0x29</size>
         <input_file_ref idref="fl-13b"/>
      </object_component>
      <object_component id="oc-d4">
         <name>.debug_abbrev</name>
         <load_address>0x913</load_address>
         <run_address>0x913</run_address>
         <size>0x6b</size>
         <input_file_ref idref="fl-13b"/>
      </object_component>
      <object_component id="oc-d6">
         <name>.debug_abbrev</name>
         <load_address>0x97e</load_address>
         <run_address>0x97e</run_address>
         <size>0x8c</size>
         <input_file_ref idref="fl-142"/>
      </object_component>
      <object_component id="oc-da">
         <name>.debug_abbrev</name>
         <load_address>0xa0a</load_address>
         <run_address>0xa0a</run_address>
         <size>0x4b</size>
         <input_file_ref idref="fl-142"/>
      </object_component>
      <object_component id="oc-f5">
         <name>.debug_abbrev</name>
         <load_address>0xa55</load_address>
         <run_address>0xa55</run_address>
         <size>0x12e</size>
         <input_file_ref idref="fl-6"/>
      </object_component>
      <object_component id="oc-100">
         <name>.debug_abbrev</name>
         <load_address>0xb83</load_address>
         <run_address>0xb83</run_address>
         <size>0xd6</size>
         <input_file_ref idref="fl-9"/>
      </object_component>
      <object_component id="oc-108">
         <name>.debug_abbrev</name>
         <load_address>0xc59</load_address>
         <run_address>0xc59</run_address>
         <size>0x132</size>
         <input_file_ref idref="fl-5"/>
      </object_component>
      <object_component id="oc-115">
         <name>.debug_abbrev</name>
         <load_address>0xd8b</load_address>
         <run_address>0xd8b</run_address>
         <size>0xae</size>
         <input_file_ref idref="fl-4"/>
      </object_component>
      <object_component id="oc-119">
         <name>.debug_abbrev</name>
         <load_address>0xe39</load_address>
         <run_address>0xe39</run_address>
         <size>0x4b</size>
         <input_file_ref idref="fl-2"/>
      </object_component>
      <object_component id="oc-11c">
         <name>.debug_abbrev</name>
         <load_address>0xe84</load_address>
         <run_address>0xe84</run_address>
         <size>0x6f</size>
         <input_file_ref idref="fl-13f"/>
      </object_component>
      <object_component id="oc-11d">
         <name>.debug_abbrev</name>
         <load_address>0xef3</load_address>
         <run_address>0xef3</run_address>
         <size>0x45</size>
         <input_file_ref idref="fl-13f"/>
      </object_component>
      <object_component id="oc-128">
         <name>.debug_abbrev</name>
         <load_address>0xf38</load_address>
         <run_address>0xf38</run_address>
         <size>0x101</size>
         <input_file_ref idref="fl-8"/>
      </object_component>
      <object_component id="oc-12a">
         <name>.debug_abbrev</name>
         <load_address>0x1039</load_address>
         <run_address>0x1039</run_address>
         <size>0xbc</size>
         <input_file_ref idref="fl-a"/>
      </object_component>
      <object_component id="oc-12b">
         <name>.debug_abbrev</name>
         <load_address>0x10f5</load_address>
         <run_address>0x10f5</run_address>
         <size>0x27</size>
         <input_file_ref idref="fl-6"/>
      </object_component>
      <object_component id="oc-12d">
         <name>.debug_abbrev</name>
         <load_address>0x111c</load_address>
         <run_address>0x111c</run_address>
         <size>0x27</size>
         <input_file_ref idref="fl-6"/>
      </object_component>
      <object_component id="oc-12f">
         <name>.debug_abbrev</name>
         <load_address>0x1143</load_address>
         <run_address>0x1143</run_address>
         <size>0x27</size>
         <input_file_ref idref="fl-6"/>
      </object_component>
      <object_component id="oc-131">
         <name>.debug_abbrev</name>
         <load_address>0x116a</load_address>
         <run_address>0x116a</run_address>
         <size>0x27</size>
         <input_file_ref idref="fl-6"/>
      </object_component>
      <object_component id="oc-133">
         <name>.debug_abbrev</name>
         <load_address>0x1191</load_address>
         <run_address>0x1191</run_address>
         <size>0xb0</size>
         <input_file_ref idref="fl-6"/>
      </object_component>
      <object_component id="oc-137">
         <name>.debug_abbrev</name>
         <load_address>0x1241</load_address>
         <run_address>0x1241</run_address>
[...]
      </symbol>
      <symbol id="sm-248">
         <name>SysCtlPeripheralEnable</name>
         <value>0x44b</value>
         <object_component_ref idref="oc-a7"/>
      </symbol>
      <symbol id="sm-249">
         <name>SysCtlIntEnable</name>
         <value>0x603</value>
         <object_component_ref idref="oc-a7"/>
      </symbol>
      <symbol id="sm-24a">
         <name>SysCtlNMIClear</name>
         <value>0x59d</value>
         <object_component_ref idref="oc-a7"/>
      </symbol>
      <symbol id="sm-24b">
         <name>SysCtlPeripheralPowerOff</name>
         <value>0x41d</value>
         <object_component_ref idref="oc-a7"/>
      </symbol>
      <symbol id="sm-24c">
         <name>SysCtlSleepPowerSet</name>
         <value>0x2a1</value>
         <object_component_ref idref="oc-a7"/>
      </symbol>
      <symbol id="sm-24d">
         <name>SysCtlDeepSleep</name>
         <value>0x71d</value>
         <object_component_ref idref="oc-a7"/>
      </symbol>
      <symbol id="sm-24e">
         <name>SysCtlLDODeepSleepSet</name>
         <value>0x5c3</value>
         <object_component_ref idref="oc-a7"/>
      </symbol>
      <symbol id="sm-24f">
         <name>SysCtlPeripheralPowerOn</name>
         <value>0x3ef</value>
         <object_component_ref idref="oc-a7"/>
      </symbol>
      <symbol id="sm-250">
         <name>SysCtlPeripheralDeepSleepDisable</name>
         <value>0x4d5</value>
         <object_component_ref idref="oc-a7"/>
      </symbol>
      <symbol id="sm-251">
         <name>SysCtlPeripheralSleepDisable</name>
         <value>0x311</value>
         <object_component_ref idref="oc-a7"/>
      </symbol>
      <symbol id="sm-252">
         <name>SysCtlResetBehaviorSet</name>
         <value>0x2cb</value>
         <object_component_ref idref="oc-a7"/>
      </symbol>
      <symbol id="sm-253">
         <name>SysCtlReset</name>
         <value>0x2db</value>
         <object_component_ref idref="oc-a7"/>
      </symbol>
      <symbol id="sm-254">
         <name>SysCtlGPIOAHBDisable</name>
         <value>0x63f</value>
         <object_component_ref idref="oc-a7"/>
      </symbol>
      <symbol id="sm-255">
         <name>SysCtlSRAMSizeGet</name>
         <value>0x2a7</value>
         <object_component_ref idref="oc-a7"/>
      </symbol>
      <symbol id="sm-256">
         <name>SysCtlClockGet</name>
         <value>0x845</value>
         <object_component_ref idref="oc-a7"/>
      </symbol>
      <symbol id="sm-257">
         <name>SysCtlPeripheralDisable</name>
         <value>0x479</value>
         <object_component_ref idref="oc-a7"/>
      </symbol>
      <symbol id="sm-258">
         <name>SysCtlPWMClockSet</name>
         <value>0x53d</value>
         <object_component_ref idref="oc-a7"/>
      </symbol>
      <symbol id="sm-259">
         <name>SysCtlUSBPLLEnable</name>
         <value>0x285</value>
         <object_component_ref idref="oc-a7"/>
      </symbol>
      <symbol id="sm-25a">
         <name>SysCtlPeripheralSleepEnable</name>
         <value>0x2e3</value>
         <object_component_ref idref="oc-a7"/>
      </symbol>
      <symbol id="sm-25b">
         <name>SysCtlIntUnregister</name>
         <value>0x5d3</value>
         <object_component_ref idref="oc-a7"/>
      </symbol>
      <symbol id="sm-25c">
         <name>SysCtlUSBPLLDisable</name>
         <value>0x293</value>
         <object_component_ref idref="oc-a7"/>
      </symbol>
      <symbol id="sm-25d">
         <name>SysCtlPeripheralReady</name>
         <value>0x38b</value>
         <object_component_ref idref="oc-a7"/>
      </symbol>
      <symbol id="sm-25e">
         <name>SysCtlPIOSCCalibrate</name>
         <value>0x55d</value>
         <object_component_ref idref="oc-a7"/>
      </symbol>
      <symbol id="sm-25f">
         <name>SysCtlResetCauseClear</name>
         <value>0x2bd</value>
         <object_component_ref idref="oc-a7"/>
      </symbol>
      <symbol id="sm-260">
         <name>SysCtlLDOSleepGet</name>
         <value>0x5bb</value>
         <object_component_ref idref="oc-a7"/>
      </symbol>
      <symbol id="sm-261">
         <name>SysCtlClockFreqSet</name>
         <value>0x9c9</value>
         <object_component_ref idref="oc-a7"/>
      </symbol>
      <symbol id="sm-262">
         <name>SysCtlPeripheralReset</name>
         <value>0x33f</value>
         <object_component_ref idref="oc-a7"/>
      </symbol>
      <symbol id="sm-2cf">
         <name>IntPendClear</name>
         <value>0x18b1</value>
         <object_component_ref idref="oc-dd"/>
      </symbol>
      <symbol id="sm-2d0">
         <name>IntPriorityGroupingGet</name>
         <value>0x1825</value>
         <object_component_ref idref="oc-dd"/>
      </symbol>
      <symbol id="sm-2d1">
         <name>IntPrioritySet</name>
         <value>0x17f3</value>
         <object_component_ref idref="oc-dd"/>
      </symbol>
      <symbol id="sm-2d2">
         <name>IntIsEnabled</name>
         <value>0x190f</value>
         <object_component_ref idref="oc-dd"/>
      </symbol>
      <symbol id="sm-2d3">
         <name>IntEnable</name>
         <value>0x1967</value>
         <object_component_ref idref="oc-dd"/>
      </symbol>
      <symbol id="sm-2d4">
         <name>IntTrigger</name>
         <value>0x17c1</value>
         <object_component_ref idref="oc-dd"/>
      </symbol>
      <symbol id="sm-2d5">
         <name>IntPriorityGroupingSet</name>
         <value>0x1813</value>
         <object_component_ref idref="oc-dd"/>
      </symbol>
      <symbol id="sm-2d6">
         <name>IntDisable</name>
         <value>0x19c3</value>
         <object_component_ref idref="oc-dd"/>
      </symbol>
      <symbol id="sm-2d7">
         <name>IntRegister</name>
         <value>0x17c9</value>
         <object_component_ref idref="oc-dd"/>
      </symbol>
      <symbol id="sm-2d8">
         <name>IntPriorityGet</name>
         <value>0x184b</value>
         <object_component_ref idref="oc-dd"/>
      </symbol>
      <symbol id="sm-2d9">
         <name>IntMasterDisable</name>
         <value>0x18ff</value>
         <object_component_ref idref="oc-dd"/>
      </symbol>
      <symbol id="sm-2da">
         <name>IntUnregister</name>
         <value>0x17b7</value>
         <object_component_ref idref="oc-dd"/>
      </symbol>
      <symbol id="sm-2db">
         <name>g_pfnRAMVectors</name>
         <value>0x20000000</value>
         <object_component_ref idref="oc-11f"/>
      </symbol>
      <symbol id="sm-2dc">
         <name>IntMasterEnable</name>
         <value>0x18ef</value>
         <object_component_ref idref="oc-dd"/>
      </symbol>
      <symbol id="sm-2dd">
         <name>IntPendSet</name>
         <value>0x1865</value>
         <object_component_ref idref="oc-dd"/>
      </symbol>
      <symbol id="sm-33f">
         <name>GPIOPinTypePWM</name>
         <value>0xde7</value>
         <object_component_ref idref="oc-ad"/>
      </symbol>
      <symbol id="sm-340">
         <name>GPIOIntRegister</name>
         <value>0x1129</value>
         <object_component_ref idref="oc-ad"/>
      </symbol>
      <symbol id="sm-341">
         <name>GPIOPinConfigure</name>
         <value>0xf61</value>
         <object_component_ref idref="oc-ad"/>
      </symbol>
      <symbol id="sm-342">
         <name>GPIOPinTypeGPIOOutputOD</name>
         <value>0xe9b</value>
         <object_component_ref idref="oc-ad"/>
      </symbol>
      <symbol id="sm-343">
         <name>GPIOPinTypeI2CSCL</name>
         <value>0xe77</value>
         <object_component_ref idref="oc-ad"/>
      </symbol>
      <symbol id="sm-344">
         <name>GPIOPinTypeUSBAnalog</name>
         <value>0xd8d</value>
         <object_component_ref idref="oc-ad"/>
      </symbol>
      <symbol id="sm-345">
         <name>GPIOIntDisable</name>
         <value>0x114d</value>
         <object_component_ref idref="oc-ad"/>
      </symbol>
      <symbol id="sm-346">
         <name>GPIODirModeGet</name>
         <value>0x1161</value>
         <object_component_ref idref="oc-ad"/>
      </symbol>
      <symbol id="sm-347">
         <name>GPIOPinTypeWakeHigh</name>
         <value>0xd67</value>
         <object_component_ref idref="oc-ad"/>
      </symbol>
      <symbol id="sm-348">
         <name>GPIOPinTypeWakeLow</name>
         <value>0xd53</value>
         <object_component_ref idref="oc-ad"/>
      </symbol>
      <symbol id="sm-349">
         <name>GPIOIntEnable</name>
         <value>0x1141</value>
         <object_component_ref idref="oc-ad"/>
      </symbol>
      <symbol id="sm-34a">
         <name>GPIOPinTypeI2C</name>
         <value>0xe89</value>
         <object_component_ref idref="oc-ad"/>
      </symbol>
      <symbol id="sm-34b">
         <name>GPIOPinTypeUSBDigital</name>
         <value>0xd7b</value>
         <object_component_ref idref="oc-ad"/>
      </symbol>
      <symbol id="sm-34c">
         <name>GPIOIntTypeSet</name>
         <value>0x1083</value>
         <object_component_ref idref="oc-ad"/>
      </symbol>
      <symbol id="sm-34d">
         <name>GPIOPinTypeADC</name>
         <value>0xf49</value>
         <object_component_ref idref="oc-ad"/>
      </symbol>
      <symbol id="sm-34e">
         <name>GPIODMATriggerDisable</name>
         <value>0x1193</value>
         <object_component_ref idref="oc-ad"/>
      </symbol>
      <symbol id="sm-34f">
         <name>GPIOPinTypeKBColumn</name>
         <value>0xe65</value>
         <object_component_ref idref="oc-ad"/>
      </symbol>
      <symbol id="sm-350">
         <name>GPIOPinTypeGPIOInput</name>
         <value>0xecb</value>
         <object_component_ref idref="oc-ad"/>
      </symbol>
      <symbol id="sm-351">
         <name>GPIOPinTypeLEDSeq</name>
         <value>0xe2f</value>
         <object_component_ref idref="oc-ad"/>
      </symbol>
      <symbol id="sm-352">
         <name>GPIOPinTypeLPC</name>
         <value>0xe1d</value>
         <object_component_ref idref="oc-ad"/>
      </symbol>
      <symbol id="sm-353">
         <name>GPIOIntUnregister</name>
         <value>0x106f</value>
         <object_component_ref idref="oc-ad"/>
      </symbol>
      <symbol id="sm-354">
         <name>GPIOPinTypeComparator</name>
         <value>0xf13</value>
         <object_component_ref idref="oc-ad"/>
      </symbol>
      <symbol id="sm-355">
         <name>GPIOPadConfigGet</name>
         <value>0xf9f</value>
         <object_component_ref idref="oc-ad"/>
      </symbol>
      <symbol id="sm-356">
         <name>GPIOPinTypeKBRow</name>
         <value>0xe53</value>
         <object_component_ref idref="oc-ad"/>
      </symbol>
      <symbol id="sm-357">
         <name>GPIOIntClear</name>
         <value>0x115b</value>
         <object_component_ref idref="oc-ad"/>
      </symbol>
      <symbol id="sm-358">
         <name>GPIOADCTriggerEnable</name>
         <value>0x11a1</value>
         <object_component_ref idref="oc-ad"/>
      </symbol>
      <symbol id="sm-359">
         <name>GPIOADCTriggerDisable</name>
         <value>0x11ad</value>
         <object_component_ref idref="oc-ad"/>
      </symbol>
      <symbol id="sm-35a">
         <name>GPIOPinTypeUART</name>
         <value>0xd9f</value>
         <object_component_ref idref="oc-ad"/>
      </symbol>
      <symbol id="sm-35b">
         <name>GPIOIntStatus</name>
         <value>0x111b</value>
         <object_component_ref idref="oc-ad"/>
      </symbol>
      <symbol id="sm-35c">
         <name>GPIOPinTypeGPIOOutput</name>
         <value>0xeb3</value>
         <object_component_ref idref="oc-ad"/>
      </symbol>
      <symbol id="sm-35d">
         <name>GPIOIntTypeGet</name>
         <value>0x10d9</value>
         <object_component_ref idref="oc-ad"/>
      </symbol>
      <symbol id="sm-35e">
         <name>GPIOPinRead</name>
         <value>0xf5b</value>
         <object_component_ref idref="oc-ad"/>
      </symbol>
      <symbol id="sm-35f">
         <name>GPIODirModeSet</name>
         <value>0xbf9</value>
         <object_component_ref idref="oc-ad"/>
      </symbol>
      <symbol id="sm-360">
         <name>GPIOPinTypeCIR</name>
         <value>0xf25</value>
         <object_component_ref idref="oc-ad"/>
      </symbol>
      <symbol id="sm-361">
         <name>GPIOPinTypeQEI</name>
         <value>0xdd5</value>
         <object_component_ref idref="oc-ad"/>
      </symbol>
      <symbol id="sm-362">
         <name>GPIODMATriggerEnable</name>
         <value>0x1187</value>
         <object_component_ref idref="oc-ad"/>
      </symbol>
      <symbol id="sm-363">
         <name>GPIOPinTypeEthernetMII</name>
         <value>0xedd</value>
         <object_component_ref idref="oc-ad"/>
      </symbol>
      <symbol id="sm-364">
         <name>GPIOPinWrite</name>
         <value>0xbed</value>
         <object_component_ref idref="oc-ad"/>
      </symbol>
      <symbol id="sm-365">
         <name>GPIOPadConfigSet</name>
         <value>0xc23</value>
         <object_component_ref idref="oc-ad"/>
      </symbol>
      <symbol id="sm-366">
         <name>GPIOPinTypeLCD</name>
         <value>0xe41</value>
         <object_component_ref idref="oc-ad"/>
      </symbol>
      <symbol id="sm-367">
         <name>GPIOPinTypeSSI</name>
         <value>0xdc3</value>
         <object_component_ref idref="oc-ad"/>
      </symbol>
      <symbol id="sm-368">
         <name>GPIOPinTypeTimer</name>
         <value>0xdb1</value>
         <object_component_ref idref="oc-ad"/>
      </symbol>
      <symbol id="sm-369">
         <name>GPIOPinTypeCAN</name>
         <value>0xf37</value>
         <object_component_ref idref="oc-ad"/>
      </symbol>
      <symbol id="sm-36a">
         <name>GPIOPinTypePECITx</name>
         <value>0xdf9</value>
         <object_component_ref idref="oc-ad"/>
      </symbol>
      <symbol id="sm-36b">
         <name>GPIOPinTypePECIRx</name>
         <value>0xe0b</value>
         <object_component_ref idref="oc-ad"/>
      </symbol>
      <symbol id="sm-36c">
         <name>GPIOPinTypeEPI</name>
         <value>0xf01</value>
         <object_component_ref idref="oc-ad"/>
      </symbol>
      <symbol id="sm-36d">
         <name>GPIOPinTypeEthernetLED</name>
         <value>0xeef</value>
         <object_component_ref idref="oc-ad"/>
      </symbol>
      <symbol id="sm-36e">
         <name>GPIOPinWakeStatus</name>
         <value>0xbf3</value>
         <object_component_ref idref="oc-ad"/>
      </symbol>
      <symbol id="sm-37d">
         <name>CPUbasepriGet</name>
         <value>0x1de3</value>
         <object_component_ref idref="oc-e3"/>
      </symbol>
      <symbol id="sm-37e">
         <name>CPUbasepriSet</name>
         <value>0x1ddd</value>
         <object_component_ref idref="oc-e3"/>
      </symbol>
      <symbol id="sm-37f">
         <name>CPUprimask</name>
         <value>0x1dbb</value>
         <object_component_ref idref="oc-e3"/>
      </symbol>
      <symbol id="sm-380">
         <name>CPUcpsie</name>
         <value>0x1dc5</value>
         <object_component_ref idref="oc-e3"/>
      </symbol>
      <symbol id="sm-381">
         <name>CPUcpsid</name>
         <value>0x1dd1</value>
         <object_component_ref idref="oc-e3"/>
      </symbol>
      <symbol id="sm-382">
         <name>CPUwfi</name>
         <value>0x1db7</value>
         <object_component_ref idref="oc-e3"/>
      </symbol>
      <symbol id="sm-392">
         <name>_c_int00</name>
         <value>0x1ca5</value>
         <object_component_ref idref="oc-11"/>
      </symbol>
      <symbol id="sm-393">
         <name>__stack</name>
         <value>0x2000026c</value>
         <object_component_ref idref="oc-28"/>
      </symbol>
      <symbol id="sm-3aa">
         <name>__TI_decompress_none</name>
         <value>0x1e2b</value>
         <object_component_ref idref="oc-16"/>
      </symbol>
      <symbol id="sm-3ce">
         <name>__TI_decompress_rle24</name>
         <value>0x1e4b</value>
         <object_component_ref idref="oc-22"/>
      </symbol>
      <symbol id="sm-3e7">
         <name>__TI_zero_init</name>
         <value>0x1e19</value>
         <object_component_ref idref="oc-1c"/>
      </symbol>
      <symbol id="sm-406">
         <name>C$$EXIT</name>
         <value>0x1d31</value>
         <object_component_ref idref="oc-3d"/>
      </symbol>
      <symbol id="sm-407">
         <name>abort</name>
         <value>0x1d35</value>
         <object_component_ref idref="oc-3d"/>
      </symbol>
      <symbol id="sm-408">
         <name>exit</name>
         <value>0x1d3d</value>
         <object_component_ref idref="oc-3d"/>
      </symbol>
      <symbol id="sm-409">
         <name>__TI_dtors_ptr</name>
         <value>0x20000478</value>
         <object_component_ref idref="oc-86"/>
      </symbol>
      <symbol id="sm-40a">
         <name>__TI_cleanup_ptr</name>
         <value>0x20000474</value>
         <object_component_ref idref="oc-86"/>
      </symbol>
      <symbol id="sm-425">
         <name>memcpy</name>
         <value>0x1b15</value>
         <object_component_ref idref="oc-47"/>
      </symbol>
      <symbol id="sm-426">
         <name>__aeabi_memcpy</name>
         <value>0x1b15</value>
         <object_component_ref idref="oc-47"/>
      </symbol>
      <symbol id="sm-427">
         <name>__aeabi_memcpy8</name>
         <value>0x1b15</value>
         <object_component_ref idref="oc-47"/>
      </symbol>
      <symbol id="sm-428">
         <name>__aeabi_memcpy4</name>
         <value>0x1b15</value>
         <object_component_ref idref="oc-47"/>
      </symbol>
      <symbol id="sm-430">
         <name>main_func_sp</name>
         <value>0x20000484</value>
         <object_component_ref idref="oc-43"/>
      </symbol>
      <symbol id="sm-440">
         <name>__aeabi_uidivmod</name>
         <value>0x1d75</value>
         <object_component_ref idref="oc-10a"/>
      </symbol>
      <symbol id="sm-459">
         <name>_nop</name>
         <value>0x1e13</value>
         <object_component_ref idref="oc-c8"/>
      </symbol>
      <symbol id="sm-45a">
         <name>_lock</name>
         <value>0x2000046c</value>
         <object_component_ref idref="oc-83"/>
      </symbol>
      <symbol id="sm-45b">
         <name>_unlock</name>
         <value>0x20000470</value>
         <object_component_ref idref="oc-83"/>
      </symbol>
      <symbol id="sm-45c">
         <name>_register_lock</name>
         <value>0x1e0b</value>
         <object_component_ref idref="oc-c8"/>
      </symbol>
      <symbol id="sm-45d">
         <name>_register_unlock</name>
         <value>0x1e05</value>
         <object_component_ref idref="oc-c8"/>
      </symbol>
      <symbol id="sm-471">
         <name>_args_main</name>
         <value>0x1ded</value>
         <object_component_ref idref="oc-37"/>
      </symbol>
      <symbol id="sm-48e">
         <name>__TI_auto_init</name>
         <value>0x1bb1</value>
         <object_component_ref idref="oc-32"/>
      </symbol>
      <symbol id="sm-4a7">
         <name>copy_in</name>
         <value>0x1ced</value>
         <object_component_ref idref="oc-74"/>
      </symbol>
      <symbol id="sm-4a8">
         <name>__TI_static_base__</name>
         <value>0x0</value>
      </symbol>
      <symbol id="sm-4a9">
         <name>__TI_args_main</name>
         <value>0x1</value>
      </symbol>
      <symbol id="sm-4aa">
         <name>SHT$$INIT_ARRAY$$Limit</name>
         <value>0x0</value>
      </symbol>
      <symbol id="sm-4ab">
         <name>SHT$$INIT_ARRAY$$Base</name>
         <value>0x0</value>
      </symbol>
      <symbol id="sm-4af">
         <name>SysCtlSleep</name>
         <value>0x1db7</value>
      </symbol>
      <symbol id="sm-4b0">
         <name>IntPriorityMaskSet</name>
         <value>0x1ddd</value>
      </symbol>
      <symbol id="sm-4b1">
         <name>IntPriorityMaskGet</name>
         <value>0x1de3</value>
      </symbol>
   </symbol_table>
   <title>Link successful</title>
</link_info>
