******************************************************************************
                  TI ARM Linker PC v5.1.8                      
******************************************************************************
>> Linked Fri Oct 03 01:08:18 2014

OUTPUT FILE NAME:   <Control_Board.out>
ENTRY POINT SYMBOL: "_c_int00"  address: 00001ca5


MEMORY CONFIGURATION

         name            origin    length      used     unused   attr    fill
----------------------  --------  ---------  --------  --------  ----  --------
  FLASH                 00000000   00040000  00002418  0003dbe8  R  X
  SRAM                  20000000   00008000  00000488  00007b78  RW X


SEGMENT ALLOCATION MAP

run origin  load origin   length   init length attrs members
----------  ----------- ---------- ----------- ----- -------
00000000    00000000    00002418   00002418    r-x
  00000000    00000000    0000026c   0000026c    r-- .intvecs
  0000026c    0000026c    00001be4   00001be4    r-x .text
  00001e50    00001e50    00000590   00000590    r-- .const
  000023e0    000023e0    00000038   00000038    r-- .cinit
20000000    20000000    00000488   00000000    rw-
  20000000    20000000    0000026c   00000000    rw- .vtable
  2000026c    2000026c    00000200   00000000    rw- .stack
  2000046c    2000046c    0000001c   00000000    rw- .data


SECTION ALLOCATION MAP

 output                                  attributes/
section   page    origin      length       input sections
--------  ----  ----------  ----------   ----------------
.intvecs   0    00000000    0000026c     
                  00000000    0000026c     tm4c123gh6pm_startup_ccs.obj (.intvecs)

.init_array 
*          0    00000000    00000000     UNINITIALIZED

.text      0    0000026c    00001be4     
                  0000026c    00000980     sysctl.obj (.text)
                  00000bec    000005e8     gpio.obj (.text)
                  000011d4    00000310     uartstdio.obj (.text)
                  000014e4    000002d0     uart.obj (.text)
                  000017b4    000002a4     interrupt.obj (.text)
                  00001a58    000000bc     main.obj (.text)
                  00001b14    0000009c     rtsv7M4_T_le_v4SPD16_eabi.lib : memcpy_t2.obj (.text)
                  00001bb0    00000094                                   : auto_init.obj (.text)
                  00001c44    0000005e                                   : copy_decompress_rle.obj (.text)
                  00001ca2    00000002     --HOLE-- [fill = 0]
                  00001ca4    00000048                                   : boot.obj (.text)
                  00001cec    00000044                                   : cpy_tbl.obj (.text)
                  00001d30    00000044                                   : exit.obj (.text)
                  00001d74    00000042                                   : u_divt2.obj (.text)
                  00001db6    00000036     cpu.obj (.text)
                  00001dec    00000018     rtsv7M4_T_le_v4SPD16_eabi.lib : args_main.obj (.text)
                  00001e04    00000014                                   : _lock.obj (.text)
                  00001e18    00000012                                   : copy_zero_init.obj (.text:decompress:ZI)
                  00001e2a    0000000e                                   : copy_decompress_none.obj (.text:decompress:none)
                  00001e38    0000000c     tm4c123gh6pm_startup_ccs.obj (.text)
                  00001e44    00000006     sysctl.obj (.text:SysCtlDelay)
                  00001e4a    00000006     rtsv7M4_T_le_v4SPD16_eabi.lib : copy_decompress_rle.obj (.text:decompress:rle24)

.const     0    00001e50    00000590     
                  00001e50    00000120     sysctl.obj (.const:g_pppui32XTALtoVCO)
                  00001f70    000000c0     gpio.obj (.const:g_ppui32GPIOIntMapBlizzard)
                  00002030    000000c0     gpio.obj (.const:g_ppui32GPIOIntMapSnowflake)
                  000020f0    0000009c     interrupt.obj (.const:g_pui32Regs)
                  0000218c    00000090     gpio.obj (.const:g_pui32GPIOBaseAddrs)
                  0000221c    00000070     interrupt.obj (.const)
                  0000228c    0000006c     sysctl.obj (.const:g_pui32Xtals)
                  000022f8    00000040     uart.obj (.const:g_ppui32UARTIntMap)
                  00002338    00000040     uart.obj (.const:g_ppui32UARTIntMapSnowflake)
                  00002378    00000030     sysctl.obj (.const:g_sXTALtoMEMTIM)
                  000023a8    0000001c     uartstdio.obj (.const)
                  000023c4    00000012     uartstdio.obj (.const:.string)
                  000023d6    00000002     --HOLE-- [fill = 0]
                  000023d8    00000008     sysctl.obj (.const)

.cinit     0    000023e0    00000038     
                  000023e0    0000000f     (.cinit..data.load) [load image, compression = rle]
                  000023ef    00000001     --HOLE-- [fill = 0]
                  000023f0    0000000c     (__TI_handler_table)
                  000023fc    00000004     --HOLE-- [fill = 0]
                  00002400    00000008     (.cinit..vtable.load) [load image, compression = zero_init]
                  00002408    00000010     (__TI_cinit_table)

.vtable    0    20000000    0000026c     UNINITIALIZED
                  20000000    0000026c     interrupt.obj (.vtable)

.stack     0    2000026c    00000200     UNINITIALIZED
                  2000026c    00000200     --HOLE--

.data      0    2000046c    0000001c     UNINITIALIZED
                  2000046c    00000008     rtsv7M4_T_le_v4SPD16_eabi.lib : _lock.obj (.data)
                  20000474    00000008                                   : exit.obj (.data)
                  2000047c    00000005     uartstdio.obj (.data)
                  20000481    00000003     --HOLE--
                  20000484    00000004     rtsv7M4_T_le_v4SPD16_eabi.lib : stkdepth_vars.obj (.data)


LINKER GENERATED COPY TABLES

__TI_cinit_table @ 00002408 records: 2, size/record: 8, table size: 16
	.data: load addr=000023e0, load size=0000000f bytes, run addr=2000046c, run size=0000001c bytes, compression=rle
	.vtable: load addr=00002400, load size=00000008 bytes, run addr=20000000, run size=0000026c bytes, compression=zero_init


LINKER GENERATED HANDLER TABLE

__TI_handler_table @ 000023f0 records: 3, size/record: 4, table size: 12
	index: 0, handler: __TI_zero_init
	index: 1, handler: __TI_decompress_rle24
	index: 2, handler: __TI_decompress_none


GLOBAL SYMBOLS: SORTED ALPHABETICALLY BY Name 

address    name
--------   ----
00001d31   C$$EXIT
00001de3   CPUbasepriGet
00001ddd   CPUbasepriSet
00001dd1   CPUcpsid
00001dc5   CPUcpsie
00001dbb   CPUprimask
00001db7   CPUwfi
000011ad   GPIOADCTriggerDisable
000011a1   GPIOADCTriggerEnable
00001193   GPIODMATriggerDisable
00001187   GPIODMATriggerEnable
00001161   GPIODirModeGet
00000bf9   GPIODirModeSet
0000115b   GPIOIntClear
0000114d   GPIOIntDisable
00001141   GPIOIntEnable
00001129   GPIOIntRegister
0000111b   GPIOIntStatus
000010d9   GPIOIntTypeGet
00001083   GPIOIntTypeSet
0000106f   GPIOIntUnregister
00000f9f   GPIOPadConfigGet
00000c23   GPIOPadConfigSet
00000f61   GPIOPinConfigure
00000f5b   GPIOPinRead
00000f49   GPIOPinTypeADC
00000f37   GPIOPinTypeCAN
00000f25   GPIOPinTypeCIR
00000f13   GPIOPinTypeComparator
00000f01   GPIOPinTypeEPI
00000eef   GPIOPinTypeEthernetLED
00000edd   GPIOPinTypeEthernetMII
00000ecb   GPIOPinTypeGPIOInput
00000eb3   GPIOPinTypeGPIOOutput
00000e9b   GPIOPinTypeGPIOOutputOD
00000e89   GPIOPinTypeI2C
00000e77   GPIOPinTypeI2CSCL
00000e65   GPIOPinTypeKBColumn
00000e53   GPIOPinTypeKBRow
00000e41   GPIOPinTypeLCD
00000e2f   GPIOPinTypeLEDSeq
00000e1d   GPIOPinTypeLPC
00000e0b   GPIOPinTypePECIRx
00000df9   GPIOPinTypePECITx
00000de7   GPIOPinTypePWM
00000dd5   GPIOPinTypeQEI
00000dc3   GPIOPinTypeSSI
00000db1   GPIOPinTypeTimer
00000d9f   GPIOPinTypeUART
00000d8d   GPIOPinTypeUSBAnalog
00000d7b   GPIOPinTypeUSBDigital
00000d67   GPIOPinTypeWakeHigh
00000d53   GPIOPinTypeWakeLow
00000bf3   GPIOPinWakeStatus
00000bed   GPIOPinWrite
00001a59   GPIO_Init
000019c3   IntDisable
00001967   IntEnable
0000190f   IntIsEnabled
000018ff   IntMasterDisable
000018ef   IntMasterEnable
000018b1   IntPendClear
00001865   IntPendSet
0000184b   IntPriorityGet
00001825   IntPriorityGroupingGet
00001813   IntPriorityGroupingSet
00001de3   IntPriorityMaskGet
00001ddd   IntPriorityMaskSet
000017f3   IntPrioritySet
000017c9   IntRegister
000017c1   IntTrigger
000017b7   IntUnregister
00001e39   ResetISR
UNDEFED    SHT$$INIT_ARRAY$$Base
UNDEFED    SHT$$INIT_ARRAY$$Limit
00001aa9   SYS_Init
00000ba9   SysCtlAltClkConfig
000009c9   SysCtlClockFreqSet
00000845   SysCtlClockGet
00000823   SysCtlClockOutConfig
00000749   SysCtlClockSet
0000071d   SysCtlDeepSleep
000006c5   SysCtlDeepSleepClockConfigSet
000006b7   SysCtlDeepSleepClockSet
000006b1   SysCtlDeepSleepPowerSet
00001e45   SysCtlDelay
00000689   SysCtlFlashSectorSizeGet
00000659   SysCtlFlashSizeGet
0000063f   SysCtlGPIOAHBDisable
00000629   SysCtlGPIOAHBEnable
0000061d   SysCtlIntClear
0000060f   SysCtlIntDisable
00000603   SysCtlIntEnable
000005f1   SysCtlIntRegister
000005e3   SysCtlIntStatus
000005d3   SysCtlIntUnregister
000005cb   SysCtlLDODeepSleepGet
000005c3   SysCtlLDODeepSleepSet
000005bb   SysCtlLDOSleepGet
000005b3   SysCtlLDOSleepSet
000005ab   SysCtlMOSCConfigSet
0000059d   SysCtlNMIClear
00000595   SysCtlNMIStatus
0000055d   SysCtlPIOSCCalibrate
0000054b   SysCtlPWMClockGet
0000053d   SysCtlPWMClockSet
00000503   SysCtlPeripheralClockGating
000004d5   SysCtlPeripheralDeepSleepDisable
000004a7   SysCtlPeripheralDeepSleepEnable
00000479   SysCtlPeripheralDisable
0000044b   SysCtlPeripheralEnable
0000041d   SysCtlPeripheralPowerOff
000003ef   SysCtlPeripheralPowerOn
000003bd   SysCtlPeripheralPresent
0000038b   SysCtlPeripheralReady
0000033f   SysCtlPeripheralReset
00000311   SysCtlPeripheralSleepDisable
000002e3   SysCtlPeripheralSleepEnable
000002db   SysCtlReset
000002d3   SysCtlResetBehaviorGet
000002cb   SysCtlResetBehaviorSet
000002bd   SysCtlResetCauseClear
000002b5   SysCtlResetCauseGet
000002a7   SysCtlSRAMSizeGet
00001db7   SysCtlSleep
000002a1   SysCtlSleepPowerSet
00000293   SysCtlUSBPLLDisable
00000285   SysCtlUSBPLLEnable
0000027b   SysCtlVoltageEventClear
00000273   SysCtlVoltageEventConfig
0000026d   SysCtlVoltageEventStatus
00001777   UART9BitAddrSend
0000176d   UART9BitAddrSet
0000175f   UART9BitDisable
00001751   UART9BitEnable
0000173d   UARTBreakCtl
00001735   UARTBusy
0000172b   UARTCharGet
0000171d   UARTCharGetNonBlocking
00001713   UARTCharPut
00001705   UARTCharPutNonBlocking
000016f9   UARTCharsAvail
000016f3   UARTClockSourceGet
000016ed   UARTClockSourceSet
000016c7   UARTConfigGetExpClk
00001685   UARTConfigSetExpClk
0000167b   UARTDMADisable
00001673   UARTDMAEnable
0000165b   UARTDisable
00001651   UARTDisableSIR
0000163d   UARTEnable
00001629   UARTEnableSIR
0000161f   UARTFIFODisable
00001615   UARTFIFOEnable
00001605   UARTFIFOLevelGet
000015ff   UARTFIFOLevelSet
000015f7   UARTFlowControlGet
000015eb   UARTFlowControlSet
000015e7   UARTIntClear
000015dd   UARTIntDisable
000015d5   UARTIntEnable
000015bd   UARTIntRegister
000015b3   UARTIntStatus
0000159f   UARTIntUnregister
00001565   UARTModemControlClear
0000155d   UARTModemControlGet
00001551   UARTModemControlSet
00001547   UARTModemStatusGet
0000153f   UARTParityModeGet
00001533   UARTParityModeSet
0000152d   UARTRxErrorClear
00001525   UARTRxErrorGet
0000151b   UARTSmartCardDisable
00001505   UARTSmartCardEnable
000014f9   UARTSpaceAvail
00001471   UARTStdioConfig
000014f1   UARTTxIntModeGet
000014e5   UARTTxIntModeSet
00001a6b   UART_Init
00001463   UARTgetc
000013eb   UARTgets
000013d1   UARTprintf
00001207   UARTvprintf
000011d5   UARTwrite
2000046c   __STACK_END
00000200   __STACK_SIZE
2000046c   __STACK_TOP
00002408   __TI_CINIT_Base
00002418   __TI_CINIT_Limit
000023f0   __TI_Handler_Table_Base
000023fc   __TI_Handler_Table_Limit
00000001   __TI_args_main
00001bb1   __TI_auto_init
20000474   __TI_cleanup_ptr
00001e2b   __TI_decompress_none
00001e4b   __TI_decompress_rle24
20000478   __TI_dtors_ptr
00000000   __TI_static_base__
00001e19   __TI_zero_init
00001b15   __aeabi_memcpy
00001b15   __aeabi_memcpy4
00001b15   __aeabi_memcpy8
00001d75   __aeabi_uidivmod
ffffffff   __binit__
ffffffff   __c_args__
2000026c   __stack
00001ded   _args_main
00001ca5   _c_int00
2000046c   _lock
00001e13   _nop
00001e0b   _register_lock
00001e05   _register_unlock
20000470   _unlock
00001d35   abort
ffffffff   binit
00001ced   copy_in
00001d3d   exit
20000000   g_pfnRAMVectors
00000000   g_pfnVectors
00001abd   main
20000484   main_func_sp
00001b15   memcpy


GLOBAL SYMBOLS: SORTED BY Symbol Address 

address    name
--------   ----
00000000   __TI_static_base__
00000000   g_pfnVectors
00000001   __TI_args_main
00000200   __STACK_SIZE
0000026d   SysCtlVoltageEventStatus
00000273   SysCtlVoltageEventConfig
0000027b   SysCtlVoltageEventClear
00000285   SysCtlUSBPLLEnable
00000293   SysCtlUSBPLLDisable
000002a1   SysCtlSleepPowerSet
000002a7   SysCtlSRAMSizeGet
000002b5   SysCtlResetCauseGet
000002bd   SysCtlResetCauseClear
000002cb   SysCtlResetBehaviorSet
000002d3   SysCtlResetBehaviorGet
000002db   SysCtlReset
000002e3   SysCtlPeripheralSleepEnable
00000311   SysCtlPeripheralSleepDisable
0000033f   SysCtlPeripheralReset
0000038b   SysCtlPeripheralReady
000003bd   SysCtlPeripheralPresent
000003ef   SysCtlPeripheralPowerOn
0000041d   SysCtlPeripheralPowerOff
0000044b   SysCtlPeripheralEnable
00000479   SysCtlPeripheralDisable
000004a7   SysCtlPeripheralDeepSleepEnable
000004d5   SysCtlPeripheralDeepSleepDisable
00000503   SysCtlPeripheralClockGating
0000053d   SysCtlPWMClockSet
0000054b   SysCtlPWMClockGet
0000055d   SysCtlPIOSCCalibrate
00000595   SysCtlNMIStatus
0000059d   SysCtlNMIClear
000005ab   SysCtlMOSCConfigSet
000005b3   SysCtlLDOSleepSet
000005bb   SysCtlLDOSleepGet
000005c3   SysCtlLDODeepSleepSet
000005cb   SysCtlLDODeepSleepGet
000005d3   SysCtlIntUnregister
000005e3   SysCtlIntStatus
000005f1   SysCtlIntRegister
00000603   SysCtlIntEnable
0000060f   SysCtlIntDisable
0000061d   SysCtlIntClear
00000629   SysCtlGPIOAHBEnable
0000063f   SysCtlGPIOAHBDisable
00000659   SysCtlFlashSizeGet
00000689   SysCtlFlashSectorSizeGet
000006b1   SysCtlDeepSleepPowerSet
000006b7   SysCtlDeepSleepClockSet
000006c5   SysCtlDeepSleepClockConfigSet
0000071d   SysCtlDeepSleep
00000749   SysCtlClockSet
00000823   SysCtlClockOutConfig
00000845   SysCtlClockGet
000009c9   SysCtlClockFreqSet
00000ba9   SysCtlAltClkConfig
00000bed   GPIOPinWrite
00000bf3   GPIOPinWakeStatus
00000bf9   GPIODirModeSet
00000c23   GPIOPadConfigSet
00000d53   GPIOPinTypeWakeLow
00000d67   GPIOPinTypeWakeHigh
00000d7b   GPIOPinTypeUSBDigital
00000d8d   GPIOPinTypeUSBAnalog
00000d9f   GPIOPinTypeUART
00000db1   GPIOPinTypeTimer
00000dc3   GPIOPinTypeSSI
00000dd5   GPIOPinTypeQEI
00000de7   GPIOPinTypePWM
00000df9   GPIOPinTypePECITx
00000e0b   GPIOPinTypePECIRx
00000e1d   GPIOPinTypeLPC
00000e2f   GPIOPinTypeLEDSeq
00000e41   GPIOPinTypeLCD
00000e53   GPIOPinTypeKBRow
00000e65   GPIOPinTypeKBColumn
00000e77   GPIOPinTypeI2CSCL
00000e89   GPIOPinTypeI2C
00000e9b   GPIOPinTypeGPIOOutputOD
00000eb3   GPIOPinTypeGPIOOutput
00000ecb   GPIOPinTypeGPIOInput
00000edd   GPIOPinTypeEthernetMII
00000eef   GPIOPinTypeEthernetLED
00000f01   GPIOPinTypeEPI
00000f13   GPIOPinTypeComparator
00000f25   GPIOPinTypeCIR
00000f37   GPIOPinTypeCAN
00000f49   GPIOPinTypeADC
00000f5b   GPIOPinRead
00000f61   GPIOPinConfigure
00000f9f   GPIOPadConfigGet
0000106f   GPIOIntUnregister
00001083   GPIOIntTypeSet
000010d9   GPIOIntTypeGet
0000111b   GPIOIntStatus
00001129   GPIOIntRegister
00001141   GPIOIntEnable
0000114d   GPIOIntDisable
0000115b   GPIOIntClear
00001161   GPIODirModeGet
00001187   GPIODMATriggerEnable
00001193   GPIODMATriggerDisable
000011a1   GPIOADCTriggerEnable
000011ad   GPIOADCTriggerDisable
000011d5   UARTwrite
00001207   UARTvprintf
000013d1   UARTprintf
000013eb   UARTgets
00001463   UARTgetc
00001471   UARTStdioConfig
000014e5   UARTTxIntModeSet
000014f1   UARTTxIntModeGet
000014f9   UARTSpaceAvail
00001505   UARTSmartCardEnable
0000151b   UARTSmartCardDisable
00001525   UARTRxErrorGet
0000152d   UARTRxErrorClear
00001533   UARTParityModeSet
0000153f   UARTParityModeGet
00001547   UARTModemStatusGet
00001551   UARTModemControlSet
0000155d   UARTModemControlGet
00001565   UARTModemControlClear
0000159f   UARTIntUnregister
000015b3   UARTIntStatus
000015bd   UARTIntRegister
000015d5   UARTIntEnable
000015dd   UARTIntDisable
000015e7   UARTIntClear
000015eb   UARTFlowControlSet
000015f7   UARTFlowControlGet
000015ff   UARTFIFOLevelSet
00001605   UARTFIFOLevelGet
00001615   UARTFIFOEnable
0000161f   UARTFIFODisable
00001629   UARTEnableSIR
0000163d   UARTEnable
00001651   UARTDisableSIR
0000165b   UARTDisable
00001673   UARTDMAEnable
0000167b   UARTDMADisable
00001685   UARTConfigSetExpClk
000016c7   UARTConfigGetExpClk
000016ed   UARTClockSourceSet
000016f3   UARTClockSourceGet
000016f9   UARTCharsAvail
00001705   UARTCharPutNonBlocking
00001713   UARTCharPut
0000171d   UARTCharGetNonBlocking
0000172b   UARTCharGet
00001735   UARTBusy
0000173d   UARTBreakCtl
00001751   UART9BitEnable
0000175f   UART9BitDisable
0000176d   UART9BitAddrSet
00001777   UART9BitAddrSend
000017b7   IntUnregister
000017c1   IntTrigger
000017c9   IntRegister
000017f3   IntPrioritySet
00001813   IntPriorityGroupingSet
00001825   IntPriorityGroupingGet
0000184b   IntPriorityGet
00001865   IntPendSet
000018b1   IntPendClear
000018ef   IntMasterEnable
000018ff   IntMasterDisable
0000190f   IntIsEnabled
00001967   IntEnable
000019c3   IntDisable
00001a59   GPIO_Init
00001a6b   UART_Init
00001aa9   SYS_Init
00001abd   main
00001b15   __aeabi_memcpy
00001b15   __aeabi_memcpy4
00001b15   __aeabi_memcpy8
00001b15   memcpy
00001bb1   __TI_auto_init
00001ca5   _c_int00
00001ced   copy_in
00001d31   C$$EXIT
00001d35   abort
00001d3d   exit
00001d75   __aeabi_uidivmod
00001db7   CPUwfi
00001db7   SysCtlSleep
00001dbb   CPUprimask
00001dc5   CPUcpsie
00001dd1   CPUcpsid
00001ddd   CPUbasepriSet
00001ddd   IntPriorityMaskSet
00001de3   CPUbasepriGet
00001de3   IntPriorityMaskGet
00001ded   _args_main
00001e05   _register_unlock
00001e0b   _register_lock
00001e13   _nop
00001e19   __TI_zero_init
00001e2b   __TI_decompress_none
00001e39   ResetISR
00001e45   SysCtlDelay
00001e4b   __TI_decompress_rle24
000023f0   __TI_Handler_Table_Base
000023fc   __TI_Handler_Table_Limit
00002408   __TI_CINIT_Base
00002418   __TI_CINIT_Limit
20000000   g_pfnRAMVectors
2000026c   __stack
2000046c   __STACK_END
2000046c   __STACK_TOP
2000046c   _lock
20000470   _unlock
20000474   __TI_cleanup_ptr
20000478   __TI_dtors_ptr
20000484   main_func_sp
ffffffff   __binit__
ffffffff   __c_args__
ffffffff   binit
UNDEFED    SHT$$INIT_ARRAY$$Base
UNDEFED    SHT$$INIT_ARRAY$$Limit

[222 symbols]
